#
# There is insufficient memory for the Java Runtime Environment to continue.
# Native memory allocation (malloc) failed to allocate 1555680 bytes. Error detail: Chunk::new
# Possible reasons:
#   The system is out of physical RAM or swap space
#   This process is running with CompressedOops enabled, and the Java Heap may be blocking the growth of the native heap
# Possible solutions:
#   Reduce memory load on the system
#   Increase physical memory or swap space
#   Check if swap backing store is full
#   Decrease Java heap size (-Xmx/-Xms)
#   Decrease number of Java threads
#   Decrease Java thread stack sizes (-Xss)
#   Set larger code cache with -XX:ReservedCodeCacheSize=
#   JVM is running with Unscaled Compressed Oops mode in which the Java heap is
#     placed in the first 4GB address space. The Java Heap base address is the
#     maximum limit for the native heap growth. Please use -XX:HeapBaseMinAddress
#     to set the Java Heap base and to place the Java Heap above 4GB virtual address.
# This output file may be truncated or incomplete.
#
#  Out of Memory Error (arena.cpp:168), pid=3712, tid=6324
#
# JRE version: OpenJDK Runtime Environment Temurin-21.0.10+7 (21.0.10+7) (build 21.0.10+7-LTS)
# Java VM: OpenJDK 64-Bit Server VM Temurin-21.0.10+7 (21.0.10+7-LTS, mixed mode, sharing, tiered, compressed oops, compressed class ptrs, parallel gc, windows-amd64)
# No core dump will be written. Minidumps are not enabled by default on client versions of Windows
#

---------------  S U M M A R Y ------------

Command Line: --add-modules=ALL-SYSTEM --add-opens=java.base/java.util=ALL-UNNAMED --add-opens=java.base/java.lang=ALL-UNNAMED --add-opens=java.base/sun.nio.fs=ALL-UNNAMED -Declipse.application=org.eclipse.jdt.ls.core.id1 -Dosgi.bundles.defaultStartLevel=4 -Declipse.product=org.eclipse.jdt.ls.core.product -Djava.import.generatesMetadataFilesAtProjectRoot=false -DDetectVMInstallationsJob.disabled=true -Dfile.encoding=utf8 -XX:+UseParallelGC -XX:GCTimeRatio=4 -XX:AdaptiveSizePolicyWeight=90 -Dsun.zip.disableMemoryMapping=true -Xmx2G -Xms100m -Xlog:disable -javaagent:c:\Users\huyho\.kiro\extensions\redhat.java-1.54.0-win32-x64\lombok\lombok-1.18.39-4050.jar -XX:+HeapDumpOnOutOfMemoryError -XX:HeapDumpPath=c:\Users\huyho\AppData\Roaming\Kiro\User\workspaceStorage\5e15e38d29a15d48525ca3e64bc0a6cd\redhat.java -Daether.dependencyCollector.impl=bf c:\Users\huyho\.kiro\extensions\redhat.java-1.54.0-win32-x64\server\plugins\org.eclipse.equinox.launcher_1.7.100.v20251111-0406.jar -configuration c:\Users\huyho\AppData\Roaming\Kiro\User\globalStorage\redhat.java\1.54.0\config_win -data c:\Users\huyho\AppData\Roaming\Kiro\User\workspaceStorage\5e15e38d29a15d48525ca3e64bc0a6cd\redhat.java\jdt_ws --pipe=\\.\pipe\lsp-85069bd8a6fe0db44cc251b56e6b1b32-sock

Host: 11th Gen Intel(R) Core(TM) i7-11800H @ 2.30GHz, 16 cores, 15G,  Windows 11 , 64 bit Build 26100 (10.0.26100.8328)
Time: Thu May 14 15:30:36 2026 SE Asia Standard Time elapsed time: 2812.791982 seconds (0d 0h 46m 52s)

---------------  T H R E A D  ---------------

Current thread (0x000002ad38fd7510):  JavaThread "C2 CompilerThread0" daemon [_thread_in_native, id=6324, stack(0x000000f2f7d00000,0x000000f2f7e00000) (1024K)]


Current CompileTask:
C2:2812792 27472   !   4       com.google.inject.spi.InjectionPoint::getInjectionPoints (489 bytes)

Stack: [0x000000f2f7d00000,0x000000f2f7e00000]
Native frames: (J=compiled Java code, j=interpreted, Vv=VM code, C=native code)
V  [jvm.dll+0x6d7a39]
V  [jvm.dll+0x8b4b26]
V  [jvm.dll+0x8b70de]
V  [jvm.dll+0x8b77c3]
V  [jvm.dll+0x284346]
V  [jvm.dll+0xc66ed]
V  [jvm.dll+0xc6c31]
V  [jvm.dll+0x3bec3b]
V  [jvm.dll+0x1e3f69]
V  [jvm.dll+0x24c6b3]
V  [jvm.dll+0x24bb40]
V  [jvm.dll+0x1cb34e]
V  [jvm.dll+0x25b85d]
V  [jvm.dll+0x259dea]
V  [jvm.dll+0x3f857e]
V  [jvm.dll+0x85f59d]
V  [jvm.dll+0x6d626d]
C  [ucrtbase.dll+0x37b0]
C  [KERNEL32.DLL+0x2e957]
C  [ntdll.dll+0x427c]


---------------  P R O C E S S  ---------------

Threads class SMR info:
_java_thread_list=0x000002adaa109f10, length=93, elements={
0x000002ad36a69f40, 0x000002ad38ec6380, 0x000002ad38fc0700, 0x000002ad38fc5270,
0x000002ad38ec7f60, 0x000002ad38ec9cd0, 0x000002ad38fcb820, 0x000002ad38fd7510,
0x000002ad38fdc120, 0x000002ad91f56910, 0x000002ad936b2cc0, 0x000002ad91ef4140,
0x000002ad981bf410, 0x000002ad93c60950, 0x000002ad93ab82f0, 0x000002ad9818bac0,
0x000002ad988dafc0, 0x000002ad983d2080, 0x000002ad984d7d50, 0x000002ad984d9e20,
0x000002ad984d9100, 0x000002ad984d9790, 0x000002ad984d69a0, 0x000002ad984d7030,
0x000002ad98132d20, 0x000002ad98135b10, 0x000002ad981340d0, 0x000002ad981333b0,
0x000002ad98133a40, 0x000002ad981361a0, 0x000002ad98134760, 0x000002ad98134df0,
0x000002ad98135480, 0x000002ad9a1a37a0, 0x000002ad9a1a0320, 0x000002ad9a1a2a80,
0x000002ad9a1a16d0, 0x000002ad9a1a3e30, 0x000002ad9a1a09b0, 0x000002ad9a1a1040,
0x000002ad9a1a4b50, 0x000002ad9be60390, 0x000002ad9be61740, 0x000002ad9be60a20,
0x000002ad9be610b0, 0x000002ad9be61dd0, 0x000002ad9be5f670, 0x000002ad9be5efe0,
0x000002ad9be62af0, 0x000002ad996dec10, 0x000002ad996e0650, 0x000002ad996e1370,
0x000002ad996df930, 0x000002ad996dffc0, 0x000002ad996ddef0, 0x000002ad996e2db0,
0x000002ad996e1a00, 0x000002ad996e5510, 0x000002ad996e2090, 0x000002ad9d0df320,
0x000002ad9d0e1a80, 0x000002ad9d0de600, 0x000002ad9d0df9b0, 0x000002ad9d0e2110,
0x000002ad9d0e0040, 0x000002ad9d0dec90, 0x000002ad9d0e27a0, 0x000002ad9d0e2e30,
0x000002ad9d0e34c0, 0x000002ad9d0e3b50, 0x000002ad9d0e5590, 0x000002ad9d0e41e0,
0x000002ad9d0e4870, 0x000002ad9d0e4f00, 0x000002ad994f87a0, 0x000002ad994f6040,
0x000002ad994f66d0, 0x000002ad994f6d60, 0x000002ad994fa1e0, 0x000002ad994f73f0,
0x000002ad994fbc20, 0x000002ad994fd660, 0x000002ad994faf00, 0x000002ad93dfa660,
0x000002ad93dfb380, 0x000002ad93dfba10, 0x000002ad93df9fd0, 0x000002ad93dfc0a0,
0x000002ad93dfc730, 0x000002adacc4b620, 0x000002ad9c378090, 0x000002ad9c3752a0,
0x000002ad9c377370
}

Java Threads: ( => current thread )
  0x000002ad36a69f40 JavaThread "main"                              [_thread_blocked, id=21096, stack(0x000000f2f7300000,0x000000f2f7400000) (1024K)]
  0x000002ad38ec6380 JavaThread "Reference Handler"          daemon [_thread_blocked, id=13412, stack(0x000000f2f7700000,0x000000f2f7800000) (1024K)]
  0x000002ad38fc0700 JavaThread "Finalizer"                  daemon [_thread_blocked, id=23496, stack(0x000000f2f7800000,0x000000f2f7900000) (1024K)]
  0x000002ad38fc5270 JavaThread "Signal Dispatcher"          daemon [_thread_blocked, id=3228, stack(0x000000f2f7900000,0x000000f2f7a00000) (1024K)]
  0x000002ad38ec7f60 JavaThread "Attach Listener"            daemon [_thread_blocked, id=20804, stack(0x000000f2f7a00000,0x000000f2f7b00000) (1024K)]
  0x000002ad38ec9cd0 JavaThread "Service Thread"             daemon [_thread_blocked, id=19628, stack(0x000000f2f7b00000,0x000000f2f7c00000) (1024K)]
  0x000002ad38fcb820 JavaThread "Monitor Deflation Thread"   daemon [_thread_blocked, id=17884, stack(0x000000f2f7c00000,0x000000f2f7d00000) (1024K)]
=>0x000002ad38fd7510 JavaThread "C2 CompilerThread0"         daemon [_thread_in_native, id=6324, stack(0x000000f2f7d00000,0x000000f2f7e00000) (1024K)]
  0x000002ad38fdc120 JavaThread "C1 CompilerThread0"         daemon [_thread_blocked, id=12024, stack(0x000000f2f7e00000,0x000000f2f7f00000) (1024K)]
  0x000002ad91f56910 JavaThread "Common-Cleaner"             daemon [_thread_blocked, id=19104, stack(0x000000f2f8200000,0x000000f2f8300000) (1024K)]
  0x000002ad936b2cc0 JavaThread "Notification Thread"        daemon [_thread_blocked, id=14032, stack(0x000000f2f8500000,0x000000f2f8600000) (1024K)]
  0x000002ad91ef4140 JavaThread "Active Thread: Equinox Container: 3b68e22c-549c-4a09-b080-4c0bee4bdfca"        [_thread_blocked, id=18568, stack(0x000000f2f8000000,0x000000f2f8100000) (1024K)]
  0x000002ad981bf410 JavaThread "Refresh Thread: Equinox Container: 3b68e22c-549c-4a09-b080-4c0bee4bdfca" daemon [_thread_blocked, id=21060, stack(0x000000f2f8300000,0x000000f2f8400000) (1024K)]
  0x000002ad93c60950 JavaThread "Framework Event Dispatcher: Equinox Container: 3b68e22c-549c-4a09-b080-4c0bee4bdfca" daemon [_thread_blocked, id=22132, stack(0x000000f2f8c00000,0x000000f2f8d00000) (1024K)]
  0x000002ad93ab82f0 JavaThread "Start Level: Equinox Container: 3b68e22c-549c-4a09-b080-4c0bee4bdfca" daemon [_thread_blocked, id=21764, stack(0x000000f2f8d00000,0x000000f2f8e00000) (1024K)]
  0x000002ad9818bac0 JavaThread "Bundle File Closer"         daemon [_thread_blocked, id=23228, stack(0x000000f2f9000000,0x000000f2f9100000) (1024K)]
  0x000002ad988dafc0 JavaThread "SCR Component Actor"        daemon [_thread_blocked, id=19552, stack(0x000000f2f9300000,0x000000f2f9400000) (1024K)]
  0x000002ad983d2080 JavaThread "Worker-JM"                         [_thread_blocked, id=9960, stack(0x000000f2f9800000,0x000000f2f9900000) (1024K)]
  0x000002ad984d7d50 JavaThread "Java indexing"              daemon [_thread_in_native, id=21700, stack(0x000000f2f9c00000,0x000000f2f9d00000) (1024K)]
  0x000002ad984d9e20 JavaThread "JNA Cleaner"                daemon [_thread_blocked, id=22884, stack(0x000000f2f9d00000,0x000000f2f9e00000) (1024K)]
  0x000002ad984d9100 JavaThread "Worker-3"                          [_thread_blocked, id=6836, stack(0x000000f2fa100000,0x000000f2fa200000) (1024K)]
  0x000002ad984d9790 JavaThread "Thread-1"                   daemon [_thread_in_native, id=19624, stack(0x000000f2fa200000,0x000000f2fa300000) (1024K)]
  0x000002ad984d69a0 JavaThread "Thread-2"                   daemon [_thread_in_native, id=17360, stack(0x000000f2fa300000,0x000000f2fa400000) (1024K)]
  0x000002ad984d7030 JavaThread "Thread-3"                   daemon [_thread_in_native, id=22732, stack(0x000000f2fa400000,0x000000f2fa500000) (1024K)]
  0x000002ad98132d20 JavaThread "Thread-4"                   daemon [_thread_in_native, id=12552, stack(0x000000f2fa500000,0x000000f2fa600000) (1024K)]
  0x000002ad98135b10 JavaThread "Thread-5"                   daemon [_thread_in_native, id=23020, stack(0x000000f2fa600000,0x000000f2fa700000) (1024K)]
  0x000002ad981340d0 JavaThread "Thread-6"                   daemon [_thread_in_native, id=23476, stack(0x000000f2fa700000,0x000000f2fa800000) (1024K)]
  0x000002ad981333b0 JavaThread "Thread-7"                   daemon [_thread_in_native, id=17796, stack(0x000000f2fa800000,0x000000f2fa900000) (1024K)]
  0x000002ad98133a40 JavaThread "Thread-8"                   daemon [_thread_in_native, id=22044, stack(0x000000f2fa900000,0x000000f2faa00000) (1024K)]
  0x000002ad981361a0 JavaThread "Thread-9"                   daemon [_thread_in_native, id=15544, stack(0x000000f2faa00000,0x000000f2fab00000) (1024K)]
  0x000002ad98134760 JavaThread "Thread-10"                  daemon [_thread_in_native, id=22828, stack(0x000000f2fab00000,0x000000f2fac00000) (1024K)]
  0x000002ad98134df0 JavaThread "Thread-11"                  daemon [_thread_in_native, id=23288, stack(0x000000f2fac00000,0x000000f2fad00000) (1024K)]
  0x000002ad98135480 JavaThread "Thread-12"                  daemon [_thread_in_native, id=10960, stack(0x000000f2fad00000,0x000000f2fae00000) (1024K)]
  0x000002ad9a1a37a0 JavaThread "Thread-13"                  daemon [_thread_in_native, id=23088, stack(0x000000f2fae00000,0x000000f2faf00000) (1024K)]
  0x000002ad9a1a0320 JavaThread "Thread-14"                  daemon [_thread_in_native, id=22252, stack(0x000000f2faf00000,0x000000f2fb000000) (1024K)]
  0x000002ad9a1a2a80 JavaThread "Thread-15"                  daemon [_thread_in_native, id=22860, stack(0x000000f2fb000000,0x000000f2fb100000) (1024K)]
  0x000002ad9a1a16d0 JavaThread "Thread-16"                  daemon [_thread_in_native, id=21624, stack(0x000000f2fb100000,0x000000f2fb200000) (1024K)]
  0x000002ad9a1a3e30 JavaThread "Thread-17"                  daemon [_thread_in_native, id=11736, stack(0x000000f2fb200000,0x000000f2fb300000) (1024K)]
  0x000002ad9a1a09b0 JavaThread "pool-2-thread-1"                   [_thread_blocked, id=20764, stack(0x000000f2fb300000,0x000000f2fb400000) (1024K)]
  0x000002ad9a1a1040 JavaThread "WorkspaceEventsHandler"            [_thread_blocked, id=17192, stack(0x000000f2fb800000,0x000000f2fb900000) (1024K)]
  0x000002ad9a1a4b50 JavaThread "pool-1-thread-1"                   [_thread_blocked, id=16192, stack(0x000000f2fb900000,0x000000f2fba00000) (1024K)]
  0x000002ad9be60390 JavaThread "Compiler Source File Reader" daemon [_thread_blocked, id=24308, stack(0x000000f2f9a00000,0x000000f2f9b00000) (1024K)]
  0x000002ad9be61740 JavaThread "Compiler Source File Reader" daemon [_thread_blocked, id=24696, stack(0x000000f2f9400000,0x000000f2f9500000) (1024K)]
  0x000002ad9be60a20 JavaThread "Compiler Source File Reader" daemon [_thread_blocked, id=23216, stack(0x000000f2f9e00000,0x000000f2f9f00000) (1024K)]
  0x000002ad9be610b0 JavaThread "Compiler Source File Reader" daemon [_thread_blocked, id=24648, stack(0x000000f2f9f00000,0x000000f2fa000000) (1024K)]
  0x000002ad9be61dd0 JavaThread "Compiler Source File Reader" daemon [_thread_blocked, id=24384, stack(0x000000f2fa000000,0x000000f2fa100000) (1024K)]
  0x000002ad9be5f670 JavaThread "Compiler Source File Reader" daemon [_thread_blocked, id=24320, stack(0x000000f2fb400000,0x000000f2fb500000) (1024K)]
  0x000002ad9be5efe0 JavaThread "Compiler Source File Reader" daemon [_thread_blocked, id=24456, stack(0x000000f2fb500000,0x000000f2fb600000) (1024K)]
  0x000002ad9be62af0 JavaThread "Compiler Source File Reader" daemon [_thread_blocked, id=26192, stack(0x000000f2fb600000,0x000000f2fb700000) (1024K)]
  0x000002ad996dec10 JavaThread "Compiler Source File Reader" daemon [_thread_blocked, id=20832, stack(0x000000f2fb700000,0x000000f2fb800000) (1024K)]
  0x000002ad996e0650 JavaThread "Worker-10: Building"               [_thread_in_vm, id=10016, stack(0x000000f2fbd00000,0x000000f2fbe00000) (1024K)]
  0x000002ad996e1370 JavaThread "Compiler Source File Reader" daemon [_thread_blocked, id=21600, stack(0x000000f2f9100000,0x000000f2f9200000) (1024K)]
  0x000002ad996df930 JavaThread "Compiler Source File Reader" daemon [_thread_blocked, id=13988, stack(0x000000f2fba00000,0x000000f2fbb00000) (1024K)]
  0x000002ad996dffc0 JavaThread "Compiler Source File Reader" daemon [_thread_blocked, id=13788, stack(0x000000f2fbb00000,0x000000f2fbc00000) (1024K)]
  0x000002ad996ddef0 JavaThread "Compiler Source File Reader" daemon [_thread_blocked, id=18684, stack(0x000000f2fbe00000,0x000000f2fbf00000) (1024K)]
  0x000002ad996e2db0 JavaThread "Compiler Source File Reader" daemon [_thread_blocked, id=26428, stack(0x000000f2fbf00000,0x000000f2fc000000) (1024K)]
  0x000002ad996e1a00 JavaThread "Worker-11"                         [_thread_blocked, id=2476, stack(0x000000f2f9500000,0x000000f2f9600000) (1024K)]
  0x000002ad996e5510 JavaThread "LocalFile Deleter"          daemon [_thread_blocked, id=14272, stack(0x000000f2f9600000,0x000000f2f9700000) (1024K)]
  0x000002ad996e2090 JavaThread "LocalFile Deleter"          daemon [_thread_blocked, id=23300, stack(0x000000f2f9b00000,0x000000f2f9c00000) (1024K)]
  0x000002ad9d0df320 JavaThread "LocalFile Deleter"          daemon [_thread_blocked, id=20984, stack(0x000000f2fbc00000,0x000000f2fbd00000) (1024K)]
  0x000002ad9d0e1a80 JavaThread "LocalFile Deleter"          daemon [_thread_blocked, id=10040, stack(0x000000f2fc000000,0x000000f2fc100000) (1024K)]
  0x000002ad9d0de600 JavaThread "LocalFile Deleter"          daemon [_thread_blocked, id=19508, stack(0x000000f2fc100000,0x000000f2fc200000) (1024K)]
  0x000002ad9d0df9b0 JavaThread "LocalFile Deleter"          daemon [_thread_blocked, id=22472, stack(0x000000f2fc200000,0x000000f2fc300000) (1024K)]
  0x000002ad9d0e2110 JavaThread "LocalFile Deleter"          daemon [_thread_blocked, id=19316, stack(0x000000f2fc300000,0x000000f2fc400000) (1024K)]
  0x000002ad9d0e0040 JavaThread "LocalFile Deleter"          daemon [_thread_blocked, id=25584, stack(0x000000f2fc400000,0x000000f2fc500000) (1024K)]
  0x000002ad9d0dec90 JavaThread "LocalFile Deleter"          daemon [_thread_blocked, id=6008, stack(0x000000f2fc500000,0x000000f2fc600000) (1024K)]
  0x000002ad9d0e27a0 JavaThread "LocalFile Deleter"          daemon [_thread_blocked, id=23444, stack(0x000000f2fc600000,0x000000f2fc700000) (1024K)]
  0x000002ad9d0e2e30 JavaThread "LocalFile Deleter"          daemon [_thread_blocked, id=20496, stack(0x000000f2fc700000,0x000000f2fc800000) (1024K)]
  0x000002ad9d0e34c0 JavaThread "LocalFile Deleter"          daemon [_thread_blocked, id=13316, stack(0x000000f2fc800000,0x000000f2fc900000) (1024K)]
  0x000002ad9d0e3b50 JavaThread "LocalFile Deleter"          daemon [_thread_blocked, id=15984, stack(0x000000f2fc900000,0x000000f2fca00000) (1024K)]
  0x000002ad9d0e5590 JavaThread "LocalFile Deleter"          daemon [_thread_blocked, id=25656, stack(0x000000f2fca00000,0x000000f2fcb00000) (1024K)]
  0x000002ad9d0e41e0 JavaThread "LocalFile Deleter"          daemon [_thread_blocked, id=21284, stack(0x000000f2fcb00000,0x000000f2fcc00000) (1024K)]
  0x000002ad9d0e4870 JavaThread "LocalFile Deleter"          daemon [_thread_blocked, id=22784, stack(0x000000f2fcc00000,0x000000f2fcd00000) (1024K)]
  0x000002ad9d0e4f00 JavaThread "Compiler Processing Task"   daemon [_thread_blocked, id=25748, stack(0x000000f2fcd00000,0x000000f2fce00000) (1024K)]
  0x000002ad994f87a0 JavaThread "Worker-12"                         [_thread_blocked, id=21832, stack(0x000000f2f7200000,0x000000f2f7300000) (1024K)]
  0x000002ad994f6040 JavaThread "Compiler Class File Writer" daemon [_thread_blocked, id=23872, stack(0x000000f2f8f00000,0x000000f2f9000000) (1024K)]
  0x000002ad994f66d0 JavaThread "Compiler Class File Writer" daemon [_thread_blocked, id=20944, stack(0x000000f2fce00000,0x000000f2fcf00000) (1024K)]
  0x000002ad994f6d60 JavaThread "Compiler Class File Writer" daemon [_thread_blocked, id=6492, stack(0x000000f2fcf00000,0x000000f2fd000000) (1024K)]
  0x000002ad994fa1e0 JavaThread "Compiler Class File Writer" daemon [_thread_blocked, id=24564, stack(0x000000f2fd000000,0x000000f2fd100000) (1024K)]
  0x000002ad994f73f0 JavaThread "Compiler Class File Writer" daemon [_thread_blocked, id=18876, stack(0x000000f2fd100000,0x000000f2fd200000) (1024K)]
  0x000002ad994fbc20 JavaThread "Compiler Class File Writer" daemon [_thread_blocked, id=1640, stack(0x000000f2fd200000,0x000000f2fd300000) (1024K)]
  0x000002ad994fd660 JavaThread "Compiler Class File Writer" daemon [_thread_blocked, id=23828, stack(0x000000f2fd300000,0x000000f2fd400000) (1024K)]
  0x000002ad994faf00 JavaThread "Compiler Class File Writer" daemon [_thread_blocked, id=25532, stack(0x000000f2fd400000,0x000000f2fd500000) (1024K)]
  0x000002ad93dfa660 JavaThread "Compiler Class File Writer" daemon [_thread_blocked, id=25260, stack(0x000000f2fd500000,0x000000f2fd600000) (1024K)]
  0x000002ad93dfb380 JavaThread "Compiler Class File Writer" daemon [_thread_blocked, id=21992, stack(0x000000f2fd600000,0x000000f2fd700000) (1024K)]
  0x000002ad93dfba10 JavaThread "Compiler Class File Writer" daemon [_thread_blocked, id=7080, stack(0x000000f2fd700000,0x000000f2fd800000) (1024K)]
  0x000002ad93df9fd0 JavaThread "Compiler Class File Writer" daemon [_thread_blocked, id=26464, stack(0x000000f2fd800000,0x000000f2fd900000) (1024K)]
  0x000002ad93dfc0a0 JavaThread "Compiler Class File Writer" daemon [_thread_blocked, id=19844, stack(0x000000f2fd900000,0x000000f2fda00000) (1024K)]
  0x000002ad93dfc730 JavaThread "Compiler Class File Writer" daemon [_thread_blocked, id=25272, stack(0x000000f2fda00000,0x000000f2fdb00000) (1024K)]
  0x000002adacc4b620 JavaThread "C2 CompilerThread1"         daemon [_thread_in_native, id=23688, stack(0x000000f2f7100000,0x000000f2f7200000) (1024K)]
  0x000002ad9c378090 JavaThread "ForkJoinPool.commonPool-worker-17" daemon [_thread_blocked, id=25416, stack(0x000000f2f8e00000,0x000000f2f8f00000) (1024K)]
  0x000002ad9c3752a0 JavaThread "ForkJoinPool.commonPool-worker-18" daemon [_thread_blocked, id=22228, stack(0x000000f2fdb00000,0x000000f2fdc00000) (1024K)]
  0x000002ad9c377370 JavaThread "ForkJoinPool.commonPool-worker-19" daemon [_thread_blocked, id=24404, stack(0x000000f2fdc00000,0x000000f2fdd00000) (1024K)]
Total: 93

Other Threads:
  0x000002ad38eb0360 VMThread "VM Thread"                           [id=12992, stack(0x000000f2f7600000,0x000000f2f7700000) (1024K)]
  0x000002ad38f8cf70 WatcherThread "VM Periodic Task Thread"        [id=14356, stack(0x000000f2f7500000,0x000000f2f7600000) (1024K)]
  0x000002ad38f3be00 WorkerThread "GC Thread#0"                     [id=19540, stack(0x000000f2f7400000,0x000000f2f7500000) (1024K)]
  0x000002ad93b80330 WorkerThread "GC Thread#1"                     [id=23508, stack(0x000000f2f8600000,0x000000f2f8700000) (1024K)]
  0x000002ad9802aa40 WorkerThread "GC Thread#2"                     [id=15624, stack(0x000000f2f8700000,0x000000f2f8800000) (1024K)]
  0x000002ad9802adf0 WorkerThread "GC Thread#3"                     [id=22468, stack(0x000000f2f8800000,0x000000f2f8900000) (1024K)]
  0x000002ad9802b1a0 WorkerThread "GC Thread#4"                     [id=4252, stack(0x000000f2f8900000,0x000000f2f8a00000) (1024K)]
  0x000002ad9802b550 WorkerThread "GC Thread#5"                     [id=10664, stack(0x000000f2f8a00000,0x000000f2f8b00000) (1024K)]
  0x000002ad93b80af0 WorkerThread "GC Thread#6"                     [id=12516, stack(0x000000f2f8b00000,0x000000f2f8c00000) (1024K)]
  0x000002ad98329550 WorkerThread "GC Thread#7"                     [id=10628, stack(0x000000f2f8100000,0x000000f2f8200000) (1024K)]
  0x000002ad9844f3f0 WorkerThread "GC Thread#8"                     [id=2572, stack(0x000000f2f7f00000,0x000000f2f8000000) (1024K)]
  0x000002ad9844f7a0 WorkerThread "GC Thread#9"                     [id=19716, stack(0x000000f2f8400000,0x000000f2f8500000) (1024K)]
  0x000002ad93cfb070 WorkerThread "GC Thread#10"                    [id=1976, stack(0x000000f2f9200000,0x000000f2f9300000) (1024K)]
  0x000002ad91e17ce0 WorkerThread "GC Thread#11"                    [id=18704, stack(0x000000f2f9700000,0x000000f2f9800000) (1024K)]
  0x000002ad91e18090 WorkerThread "GC Thread#12"                    [id=15296, stack(0x000000f2f9900000,0x000000f2f9a00000) (1024K)]
Total: 15

Threads with active compile tasks:
C2 CompilerThread0  2812844 27472   !   4       com.google.inject.spi.InjectionPoint::getInjectionPoints (489 bytes)
C2 CompilerThread1  2812844 27495       4       org.eclipse.sisu.plexus.CompositeBeanHelper::findMethod (124 bytes)
Total: 2

VM state: not at safepoint (normal execution)

VM Mutex/Monitor currently owned by a thread: None

Heap address: 0x0000000080000000, size: 2048 MB, Compressed Oops mode: 32-bit

CDS archive(s) mapped at: [0x000002ad50000000-0x000002ad50ba0000-0x000002ad50ba0000), size 12189696, SharedBaseAddress: 0x000002ad50000000, ArchiveRelocationMode: 1.
Compressed class space mapped at: 0x000002ad51000000-0x000002ad91000000, reserved size: 1073741824
Narrow klass base: 0x000002ad50000000, Narrow klass shift: 0, Narrow klass range: 0x100000000

GC Precious Log:
 CardTable entry size: 512
 CPUs: 16 total, 16 available
 Memory: 16085M
 Large Page Support: Disabled
 NUMA Support: Disabled
 Compressed Oops: Enabled (32-bit)
 Alignments: Space 512K, Generation 512K, Heap 2M
 Heap Min Capacity: 100M
 Heap Initial Capacity: 100M
 Heap Max Capacity: 2G
 Pre-touch: Disabled
 Parallel Workers: 13

Heap:
 PSYoungGen      total 3584K, used 1385K [0x00000000d5580000, 0x00000000d5a80000, 0x0000000100000000)
  eden space 3072K, 28% used [0x00000000d5580000,0x00000000d565a7b0,0x00000000d5880000)
  from space 512K, 100% used [0x00000000d5880000,0x00000000d5900000,0x00000000d5900000)
  to   space 1024K, 0% used [0x00000000d5980000,0x00000000d5980000,0x00000000d5a80000)
 ParOldGen       total 777728K, used 777077K [0x0000000080000000, 0x00000000af780000, 0x00000000d5580000)
  object space 777728K, 99% used [0x0000000080000000,0x00000000af6dd598,0x00000000af780000)
 Metaspace       used 88116K, committed 89664K, reserved 1179648K
  class space    used 8780K, committed 9536K, reserved 1048576K

Card table byte_map: [0x000002ad388c0000,0x000002ad38cd0000] _byte_map_base: 0x000002ad384c0000

Marking Bits: (ParMarkBitMap*) 0x00007ffab8d23450
 Begin Bits: [0x000002ad4b3d0000, 0x000002ad4d3d0000)
 End Bits:   [0x000002ad4d3d0000, 0x000002ad4f3d0000)

Polling page: 0x000002ad36f30000

Metaspace:

Usage:
  Non-class:     77.48 MB used.
      Class:      8.57 MB used.
       Both:     86.05 MB used.

Virtual space:
  Non-class space:      128.00 MB reserved,      78.25 MB ( 61%) committed,  2 nodes.
      Class space:        1.00 GB reserved,       9.31 MB ( <1%) committed,  1 nodes.
             Both:        1.12 GB reserved,      87.56 MB (  8%) committed. 

Chunk freelists:
   Non-Class:  1.58 MB
       Class:  6.76 MB
        Both:  8.33 MB

MaxMetaspaceSize: unlimited
CompressedClassSpaceSize: 1.00 GB
Initial GC threshold: 21.00 MB
Current GC threshold: 143.56 MB
CDS: on
 - commit_granule_bytes: 65536.
 - commit_granule_words: 8192.
 - virtual_space_node_default_size: 8388608.
 - enlarge_chunks_in_place: 1.
 - use_allocation_guard: 0.


Internal statistics:

num_allocs_failed_limit: 9.
num_arena_births: 1820.
num_arena_deaths: 486.
num_vsnodes_births: 3.
num_vsnodes_deaths: 0.
num_space_committed: 1400.
num_space_uncommitted: 0.
num_chunks_returned_to_freelist: 579.
num_chunks_taken_from_freelist: 6068.
num_chunk_merges: 167.
num_chunk_splits: 3558.
num_chunks_enlarged: 2056.
num_inconsistent_stats: 0.

CodeHeap 'non-profiled nmethods': size=119168Kb used=23188Kb max_used=23235Kb free=95979Kb
 bounds [0x000002ad43cc0000, 0x000002ad45380000, 0x000002ad4b120000]
CodeHeap 'profiled nmethods': size=119104Kb used=44779Kb max_used=53422Kb free=74324Kb
 bounds [0x000002ad3c120000, 0x000002ad3f550000, 0x000002ad43570000]
CodeHeap 'non-nmethods': size=7488Kb used=1544Kb max_used=3313Kb free=5943Kb
 bounds [0x000002ad43570000, 0x000002ad438c0000, 0x000002ad43cc0000]
CodeCache: size=245760Kb, used=69511Kb, max_used=79970Kb, free=176246Kb
 total_blobs=19521, nmethods=18669, adapters=755, full_count=0
Compilation: enabled, stopped_count=0, restarted_count=0

Compilation events (20 events):
Event: 2811.564 Thread 0x000002ad38fdc120 nmethod 27513 0x000002ad3dd88810 code [0x000002ad3dd889a0, 0x000002ad3dd88ab8]
Event: 2811.564 Thread 0x000002ad38fdc120 27514       3       org.eclipse.jdt.internal.compiler.util.ObjectVector::copyInto (15 bytes)
Event: 2811.565 Thread 0x000002ad38fdc120 nmethod 27514 0x000002ad3d23ad90 code [0x000002ad3d23af40, 0x000002ad3d23b200]
Event: 2811.566 Thread 0x000002ad38fdc120 27515       3       org.eclipse.jdt.internal.core.ClasspathChange::classpathContains (429 bytes)
Event: 2811.569 Thread 0x000002ad38fdc120 nmethod 27515 0x000002ad3e945890 code [0x000002ad3e945c80, 0x000002ad3e9475f8]
Event: 2811.569 Thread 0x000002ad38fdc120 27517       3       org.eclipse.jdt.internal.core.ClasspathAttributeDelta::getAttributes (82 bytes)
Event: 2811.570 Thread 0x000002ad38fdc120 nmethod 27517 0x000002ad3ee73390 code [0x000002ad3ee73580, 0x000002ad3ee73ba0]
Event: 2811.570 Thread 0x000002ad38fdc120 27516       3       org.eclipse.jdt.internal.core.ClasspathChange::getSourceAttachmentDeltaFlag (38 bytes)
Event: 2811.570 Thread 0x000002ad38fdc120 nmethod 27516 0x000002ad3ee72c90 code [0x000002ad3ee72e60, 0x000002ad3ee73180]
Event: 2811.592 Thread 0x000002ad38fdc120 27518  s    3       org.eclipse.core.internal.jobs.WorkerPool::decrementBusyThreads (38 bytes)
Event: 2811.592 Thread 0x000002ad38fdc120 nmethod 27518 0x000002ad3cff9990 code [0x000002ad3cff9b80, 0x000002ad3cff9fc0]
Event: 2811.645 Thread 0x000002ad38fdc120 27522       3       org.eclipse.jdt.internal.core.DeltaProcessor$RootInfo::getPackageFragmentRoot (76 bytes)
Event: 2811.646 Thread 0x000002ad38fdc120 nmethod 27522 0x000002ad3ed84310 code [0x000002ad3ed84560, 0x000002ad3ed84d98]
Event: 2811.646 Thread 0x000002ad38fdc120 27523       3       org.eclipse.jdt.internal.core.DeltaProcessor$RootInfo::<init> (56 bytes)
Event: 2811.647 Thread 0x000002ad38fdc120 nmethod 27523 0x000002ad3ed83b10 code [0x000002ad3ed83ce0, 0x000002ad3ed83ff8]
Event: 2811.647 Thread 0x000002ad38fdc120 27524       3       org.eclipse.jdt.internal.core.JavaProject::getPackageFragmentRoot0 (110 bytes)
Event: 2811.648 Thread 0x000002ad38fdc120 nmethod 27524 0x000002ad3e766b90 code [0x000002ad3e766f40, 0x000002ad3e768578]
Event: 2811.648 Thread 0x000002ad38fdc120 27525   !   3       org.eclipse.jdt.internal.core.util.Util::getSourceAttachmentProperty (90 bytes)
Event: 2811.651 Thread 0x000002ad38fdc120 nmethod 27525 0x000002ad3f2a7490 code [0x000002ad3f2a78a0, 0x000002ad3f2a90b0]
Event: 2811.795 Thread 0x000002ad38fdc120 27526       3       org.eclipse.jdt.ls.core.internal.handlers.SourceAttachUpdateHandler::processDelta (111 bytes)

GC Heap History (20 events):
Event: 2811.028 GC heap before
{Heap before GC invocations=3474 (full 6):
 PSYoungGen      total 3584K, used 3296K [0x00000000d5580000, 0x00000000d5a00000, 0x0000000100000000)
  eden space 3072K, 100% used [0x00000000d5580000,0x00000000d5880000,0x00000000d5880000)
  from space 512K, 43% used [0x00000000d5900000,0x00000000d5938000,0x00000000d5980000)
  to   space 512K, 0% used [0x00000000d5980000,0x00000000d5980000,0x00000000d5a00000)
 ParOldGen       total 774144K, used 773765K [0x0000000080000000, 0x00000000af400000, 0x00000000d5580000)
  object space 774144K, 99% used [0x0000000080000000,0x00000000af3a1750,0x00000000af400000)
 Metaspace       used 87574K, committed 89152K, reserved 1179648K
  class space    used 8727K, committed 9536K, reserved 1048576K
}
Event: 2811.031 GC heap after
{Heap after GC invocations=3474 (full 6):
 PSYoungGen      total 3584K, used 384K [0x00000000d5580000, 0x00000000d5a00000, 0x0000000100000000)
  eden space 3072K, 0% used [0x00000000d5580000,0x00000000d5580000,0x00000000d5880000)
  from space 512K, 75% used [0x00000000d5980000,0x00000000d59e0000,0x00000000d5a00000)
  to   space 512K, 0% used [0x00000000d5900000,0x00000000d5900000,0x00000000d5980000)
 ParOldGen       total 774144K, used 773805K [0x0000000080000000, 0x00000000af400000, 0x00000000d5580000)
  object space 774144K, 99% used [0x0000000080000000,0x00000000af3ab750,0x00000000af400000)
 Metaspace       used 87574K, committed 89152K, reserved 1179648K
  class space    used 8727K, committed 9536K, reserved 1048576K
}
Event: 2811.064 GC heap before
{Heap before GC invocations=3475 (full 6):
 PSYoungGen      total 3584K, used 3456K [0x00000000d5580000, 0x00000000d5a00000, 0x0000000100000000)
  eden space 3072K, 100% used [0x00000000d5580000,0x00000000d5880000,0x00000000d5880000)
  from space 512K, 75% used [0x00000000d5980000,0x00000000d59e0000,0x00000000d5a00000)
  to   space 512K, 0% used [0x00000000d5900000,0x00000000d5900000,0x00000000d5980000)
 ParOldGen       total 774144K, used 773805K [0x0000000080000000, 0x00000000af400000, 0x00000000d5580000)
  object space 774144K, 99% used [0x0000000080000000,0x00000000af3ab750,0x00000000af400000)
 Metaspace       used 87578K, committed 89152K, reserved 1179648K
  class space    used 8727K, committed 9536K, reserved 1048576K
}
Event: 2811.066 GC heap after
{Heap after GC invocations=3475 (full 6):
 PSYoungGen      total 3584K, used 512K [0x00000000d5580000, 0x00000000d5a80000, 0x0000000100000000)
  eden space 3072K, 0% used [0x00000000d5580000,0x00000000d5580000,0x00000000d5880000)
  from space 512K, 100% used [0x00000000d5900000,0x00000000d5980000,0x00000000d5980000)
  to   space 1024K, 0% used [0x00000000d5980000,0x00000000d5980000,0x00000000d5a80000)
 ParOldGen       total 774144K, used 774073K [0x0000000080000000, 0x00000000af400000, 0x00000000d5580000)
  object space 774144K, 99% used [0x0000000080000000,0x00000000af3ee780,0x00000000af400000)
 Metaspace       used 87578K, committed 89152K, reserved 1179648K
  class space    used 8727K, committed 9536K, reserved 1048576K
}
Event: 2811.075 GC heap before
{Heap before GC invocations=3476 (full 6):
 PSYoungGen      total 3584K, used 3581K [0x00000000d5580000, 0x00000000d5a80000, 0x0000000100000000)
  eden space 3072K, 99% used [0x00000000d5580000,0x00000000d587f518,0x00000000d5880000)
  from space 512K, 100% used [0x00000000d5900000,0x00000000d5980000,0x00000000d5980000)
  to   space 1024K, 0% used [0x00000000d5980000,0x00000000d5980000,0x00000000d5a80000)
 ParOldGen       total 774144K, used 774073K [0x0000000080000000, 0x00000000af400000, 0x00000000d5580000)
  object space 774144K, 99% used [0x0000000080000000,0x00000000af3ee780,0x00000000af400000)
 Metaspace       used 87578K, committed 89152K, reserved 1179648K
  class space    used 8727K, committed 9536K, reserved 1048576K
}
Event: 2811.077 GC heap after
{Heap after GC invocations=3476 (full 6):
 PSYoungGen      total 3584K, used 992K [0x00000000d5580000, 0x00000000d5b80000, 0x0000000100000000)
  eden space 2560K, 0% used [0x00000000d5580000,0x00000000d5580000,0x00000000d5800000)
  from space 1024K, 96% used [0x00000000d5980000,0x00000000d5a78000,0x00000000d5a80000)
  to   space 1536K, 0% used [0x00000000d5800000,0x00000000d5800000,0x00000000d5980000)
 ParOldGen       total 774656K, used 774525K [0x0000000080000000, 0x00000000af480000, 0x00000000d5580000)
  object space 774656K, 99% used [0x0000000080000000,0x00000000af45f790,0x00000000af480000)
 Metaspace       used 87578K, committed 89152K, reserved 1179648K
  class space    used 8727K, committed 9536K, reserved 1048576K
}
Event: 2811.095 GC heap before
{Heap before GC invocations=3477 (full 6):
 PSYoungGen      total 3584K, used 3552K [0x00000000d5580000, 0x00000000d5b80000, 0x0000000100000000)
  eden space 2560K, 100% used [0x00000000d5580000,0x00000000d5800000,0x00000000d5800000)
  from space 1024K, 96% used [0x00000000d5980000,0x00000000d5a78000,0x00000000d5a80000)
  to   space 1536K, 0% used [0x00000000d5800000,0x00000000d5800000,0x00000000d5980000)
 ParOldGen       total 774656K, used 774525K [0x0000000080000000, 0x00000000af480000, 0x00000000d5580000)
  object space 774656K, 99% used [0x0000000080000000,0x00000000af45f790,0x00000000af480000)
 Metaspace       used 87578K, committed 89152K, reserved 1179648K
  class space    used 8727K, committed 9536K, reserved 1048576K
}
Event: 2811.098 GC heap after
{Heap after GC invocations=3477 (full 6):
 PSYoungGen      total 3584K, used 544K [0x00000000d5580000, 0x00000000d5a00000, 0x0000000100000000)
  eden space 2560K, 0% used [0x00000000d5580000,0x00000000d5580000,0x00000000d5800000)
  from space 1024K, 53% used [0x00000000d5800000,0x00000000d5888000,0x00000000d5900000)
  to   space 1024K, 0% used [0x00000000d5900000,0x00000000d5900000,0x00000000d5a00000)
 ParOldGen       total 775168K, used 775141K [0x0000000080000000, 0x00000000af500000, 0x00000000d5580000)
  object space 775168K, 99% used [0x0000000080000000,0x00000000af4f9790,0x00000000af500000)
 Metaspace       used 87578K, committed 89152K, reserved 1179648K
  class space    used 8727K, committed 9536K, reserved 1048576K
}
Event: 2811.282 GC heap before
{Heap before GC invocations=3478 (full 6):
 PSYoungGen      total 3584K, used 3104K [0x00000000d5580000, 0x00000000d5a00000, 0x0000000100000000)
  eden space 2560K, 100% used [0x00000000d5580000,0x00000000d5800000,0x00000000d5800000)
  from space 1024K, 53% used [0x00000000d5800000,0x00000000d5888000,0x00000000d5900000)
  to   space 1024K, 0% used [0x00000000d5900000,0x00000000d5900000,0x00000000d5a00000)
 ParOldGen       total 775168K, used 775141K [0x0000000080000000, 0x00000000af500000, 0x00000000d5580000)
  object space 775168K, 99% used [0x0000000080000000,0x00000000af4f9790,0x00000000af500000)
 Metaspace       used 87698K, committed 89280K, reserved 1179648K
  class space    used 8743K, committed 9536K, reserved 1048576K
}
Event: 2811.283 GC heap after
{Heap after GC invocations=3478 (full 6):
 PSYoungGen      total 3584K, used 480K [0x00000000d5580000, 0x00000000d5a00000, 0x0000000100000000)
  eden space 2560K, 0% used [0x00000000d5580000,0x00000000d5580000,0x00000000d5800000)
  from space 1024K, 46% used [0x00000000d5900000,0x00000000d5978000,0x00000000d5a00000)
  to   space 1024K, 0% used [0x00000000d5800000,0x00000000d5800000,0x00000000d5900000)
 ParOldGen       total 775680K, used 775525K [0x0000000080000000, 0x00000000af580000, 0x00000000d5580000)
  object space 775680K, 99% used [0x0000000080000000,0x00000000af5597a0,0x00000000af580000)
 Metaspace       used 87698K, committed 89280K, reserved 1179648K
  class space    used 8743K, committed 9536K, reserved 1048576K
}
Event: 2811.371 GC heap before
{Heap before GC invocations=3479 (full 6):
 PSYoungGen      total 3584K, used 3040K [0x00000000d5580000, 0x00000000d5a00000, 0x0000000100000000)
  eden space 2560K, 100% used [0x00000000d5580000,0x00000000d5800000,0x00000000d5800000)
  from space 1024K, 46% used [0x00000000d5900000,0x00000000d5978000,0x00000000d5a00000)
  to   space 1024K, 0% used [0x00000000d5800000,0x00000000d5800000,0x00000000d5900000)
 ParOldGen       total 775680K, used 775525K [0x0000000080000000, 0x00000000af580000, 0x00000000d5580000)
  object space 775680K, 99% used [0x0000000080000000,0x00000000af5597a0,0x00000000af580000)
 Metaspace       used 87967K, committed 89536K, reserved 1179648K
  class space    used 8763K, committed 9536K, reserved 1048576K
}
Event: 2811.373 GC heap after
{Heap after GC invocations=3479 (full 6):
 PSYoungGen      total 3584K, used 485K [0x00000000d5580000, 0x00000000d5980000, 0x0000000100000000)
  eden space 2560K, 0% used [0x00000000d5580000,0x00000000d5580000,0x00000000d5800000)
  from space 1024K, 47% used [0x00000000d5800000,0x00000000d5879420,0x00000000d5900000)
  to   space 512K, 0% used [0x00000000d5900000,0x00000000d5900000,0x00000000d5980000)
 ParOldGen       total 776192K, used 775765K [0x0000000080000000, 0x00000000af600000, 0x00000000d5580000)
  object space 776192K, 99% used [0x0000000080000000,0x00000000af5957a0,0x00000000af600000)
 Metaspace       used 87967K, committed 89536K, reserved 1179648K
  class space    used 8763K, committed 9536K, reserved 1048576K
}
Event: 2811.439 GC heap before
{Heap before GC invocations=3480 (full 6):
 PSYoungGen      total 3584K, used 3045K [0x00000000d5580000, 0x00000000d5980000, 0x0000000100000000)
  eden space 2560K, 100% used [0x00000000d5580000,0x00000000d5800000,0x00000000d5800000)
  from space 1024K, 47% used [0x00000000d5800000,0x00000000d5879420,0x00000000d5900000)
  to   space 512K, 0% used [0x00000000d5900000,0x00000000d5900000,0x00000000d5980000)
 ParOldGen       total 776192K, used 775765K [0x0000000080000000, 0x00000000af600000, 0x00000000d5580000)
  object space 776192K, 99% used [0x0000000080000000,0x00000000af5957a0,0x00000000af600000)
 Metaspace       used 88033K, committed 89600K, reserved 1179648K
  class space    used 8773K, committed 9536K, reserved 1048576K
}
Event: 2811.440 GC heap after
{Heap after GC invocations=3480 (full 6):
 PSYoungGen      total 3072K, used 416K [0x00000000d5580000, 0x00000000d5980000, 0x0000000100000000)
  eden space 2560K, 0% used [0x00000000d5580000,0x00000000d5580000,0x00000000d5800000)
  from space 512K, 81% used [0x00000000d5900000,0x00000000d5968000,0x00000000d5980000)
  to   space 512K, 0% used [0x00000000d5880000,0x00000000d5880000,0x00000000d5900000)
 ParOldGen       total 776192K, used 775936K [0x0000000080000000, 0x00000000af600000, 0x00000000d5580000)
  object space 776192K, 99% used [0x0000000080000000,0x00000000af5c0068,0x00000000af600000)
 Metaspace       used 88033K, committed 89600K, reserved 1179648K
  class space    used 8773K, committed 9536K, reserved 1048576K
}
Event: 2811.553 GC heap before
{Heap before GC invocations=3481 (full 6):
 PSYoungGen      total 3072K, used 2976K [0x00000000d5580000, 0x00000000d5980000, 0x0000000100000000)
  eden space 2560K, 100% used [0x00000000d5580000,0x00000000d5800000,0x00000000d5800000)
  from space 512K, 81% used [0x00000000d5900000,0x00000000d5968000,0x00000000d5980000)
  to   space 512K, 0% used [0x00000000d5880000,0x00000000d5880000,0x00000000d5900000)
 ParOldGen       total 776192K, used 775936K [0x0000000080000000, 0x00000000af600000, 0x00000000d5580000)
  object space 776192K, 99% used [0x0000000080000000,0x00000000af5c0068,0x00000000af600000)
 Metaspace       used 88043K, committed 89600K, reserved 1179648K
  class space    used 8774K, committed 9536K, reserved 1048576K
}
Event: 2811.555 GC heap after
{Heap after GC invocations=3481 (full 6):
 PSYoungGen      total 3072K, used 480K [0x00000000d5580000, 0x00000000d5980000, 0x0000000100000000)
  eden space 2560K, 0% used [0x00000000d5580000,0x00000000d5580000,0x00000000d5800000)
  from space 512K, 93% used [0x00000000d5880000,0x00000000d58f8000,0x00000000d5900000)
  to   space 512K, 0% used [0x00000000d5900000,0x00000000d5900000,0x00000000d5980000)
 ParOldGen       total 776192K, used 776056K [0x0000000080000000, 0x00000000af600000, 0x00000000d5580000)
  object space 776192K, 99% used [0x0000000080000000,0x00000000af5de078,0x00000000af600000)
 Metaspace       used 88043K, committed 89600K, reserved 1179648K
  class space    used 8774K, committed 9536K, reserved 1048576K
}
Event: 2811.589 GC heap before
{Heap before GC invocations=3482 (full 6):
 PSYoungGen      total 3072K, used 3040K [0x00000000d5580000, 0x00000000d5980000, 0x0000000100000000)
  eden space 2560K, 100% used [0x00000000d5580000,0x00000000d5800000,0x00000000d5800000)
  from space 512K, 93% used [0x00000000d5880000,0x00000000d58f8000,0x00000000d5900000)
  to   space 512K, 0% used [0x00000000d5900000,0x00000000d5900000,0x00000000d5980000)
 ParOldGen       total 776192K, used 776056K [0x0000000080000000, 0x00000000af600000, 0x00000000d5580000)
  object space 776192K, 99% used [0x0000000080000000,0x00000000af5de078,0x00000000af600000)
 Metaspace       used 88052K, committed 89600K, reserved 1179648K
  class space    used 8774K, committed 9536K, reserved 1048576K
}
Event: 2811.591 GC heap after
{Heap after GC invocations=3482 (full 6):
 PSYoungGen      total 3072K, used 416K [0x00000000d5580000, 0x00000000d5980000, 0x0000000100000000)
  eden space 2560K, 0% used [0x00000000d5580000,0x00000000d5580000,0x00000000d5800000)
  from space 512K, 81% used [0x00000000d5900000,0x00000000d5968000,0x00000000d5980000)
  to   space 512K, 0% used [0x00000000d5880000,0x00000000d5880000,0x00000000d5900000)
 ParOldGen       total 776192K, used 776152K [0x0000000080000000, 0x00000000af600000, 0x00000000d5580000)
  object space 776192K, 99% used [0x0000000080000000,0x00000000af5f6078,0x00000000af600000)
 Metaspace       used 88052K, committed 89600K, reserved 1179648K
  class space    used 8774K, committed 9536K, reserved 1048576K
}
Event: 2811.830 GC heap before
{Heap before GC invocations=3483 (full 6):
 PSYoungGen      total 3072K, used 2976K [0x00000000d5580000, 0x00000000d5980000, 0x0000000100000000)
  eden space 2560K, 100% used [0x00000000d5580000,0x00000000d5800000,0x00000000d5800000)
  from space 512K, 81% used [0x00000000d5900000,0x00000000d5968000,0x00000000d5980000)
  to   space 512K, 0% used [0x00000000d5880000,0x00000000d5880000,0x00000000d5900000)
 ParOldGen       total 776192K, used 776152K [0x0000000080000000, 0x00000000af600000, 0x00000000d5580000)
  object space 776192K, 99% used [0x0000000080000000,0x00000000af5f6078,0x00000000af600000)
 Metaspace       used 88056K, committed 89600K, reserved 1179648K
  class space    used 8774K, committed 9536K, reserved 1048576K
}
Event: 2812.786 GC heap after
{Heap after GC invocations=3483 (full 6):
 PSYoungGen      total 3584K, used 512K [0x00000000d5580000, 0x00000000d5a80000, 0x0000000100000000)
  eden space 3072K, 0% used [0x00000000d5580000,0x00000000d5580000,0x00000000d5880000)
  from space 512K, 100% used [0x00000000d5880000,0x00000000d5900000,0x00000000d5900000)
  to   space 1024K, 0% used [0x00000000d5980000,0x00000000d5980000,0x00000000d5a80000)
 ParOldGen       total 777728K, used 777077K [0x0000000080000000, 0x00000000af780000, 0x00000000d5580000)
  object space 777728K, 99% used [0x0000000080000000,0x00000000af6dd598,0x00000000af780000)
 Metaspace       used 88056K, committed 89600K, reserved 1179648K
  class space    used 8774K, committed 9536K, reserved 1048576K
}

Dll operation events (14 events):
Event: 0.008 Loaded shared library c:\Users\huyho\.kiro\extensions\redhat.java-1.54.0-win32-x64\jre\21.0.10-win32-x86_64\bin\java.dll
Event: 0.080 Loaded shared library c:\Users\huyho\.kiro\extensions\redhat.java-1.54.0-win32-x64\jre\21.0.10-win32-x86_64\bin\zip.dll
Event: 0.136 Loaded shared library C:\Users\huyho\.kiro\extensions\redhat.java-1.54.0-win32-x64\jre\21.0.10-win32-x86_64\bin\instrument.dll
Event: 0.185 Loaded shared library C:\Users\huyho\.kiro\extensions\redhat.java-1.54.0-win32-x64\jre\21.0.10-win32-x86_64\bin\net.dll
Event: 0.230 Loaded shared library C:\Users\huyho\.kiro\extensions\redhat.java-1.54.0-win32-x64\jre\21.0.10-win32-x86_64\bin\nio.dll
Event: 0.232 Loaded shared library C:\Users\huyho\.kiro\extensions\redhat.java-1.54.0-win32-x64\jre\21.0.10-win32-x86_64\bin\zip.dll
Event: 0.248 Loaded shared library C:\Users\huyho\.kiro\extensions\redhat.java-1.54.0-win32-x64\jre\21.0.10-win32-x86_64\bin\jimage.dll
Event: 0.390 Loaded shared library c:\Users\huyho\.kiro\extensions\redhat.java-1.54.0-win32-x64\jre\21.0.10-win32-x86_64\bin\verify.dll
Event: 7.177 Loaded shared library C:\Users\huyho\AppData\Roaming\Kiro\User\globalStorage\redhat.java\1.54.0\config_win\org.eclipse.equinox.launcher\org.eclipse.equinox.launcher.win32.win32.x86_64_1.3.0.v20260203-2149\eclipse_11919.dll
Event: 13.611 Loaded shared library C:\Users\huyho\.kiro\extensions\redhat.java-1.54.0-win32-x64\jre\21.0.10-win32-x86_64\bin\management.dll
Event: 13.613 Loaded shared library C:\Users\huyho\.kiro\extensions\redhat.java-1.54.0-win32-x64\jre\21.0.10-win32-x86_64\bin\management_ext.dll
Event: 14.578 Loaded shared library C:\Users\huyho\AppData\Local\Temp\jna-99651347\jna3417767707164791069.dll
Event: 14.929 Loaded shared library C:\Users\huyho\.kiro\extensions\redhat.java-1.54.0-win32-x64\jre\21.0.10-win32-x86_64\bin\sunmscapi.dll
Event: 15.094 Loaded shared library C:\Users\huyho\.kiro\extensions\redhat.java-1.54.0-win32-x64\jre\21.0.10-win32-x86_64\bin\extnet.dll

Deoptimization events (20 events):
Event: 2811.518 Thread 0x000002ad996e0650 Uncommon trap: trap_request=0xfffffff4 fr.pc=0x000002ad451a7e90 relative=0x00000000000004b0
Event: 2811.518 Thread 0x000002ad996e0650 Uncommon trap: reason=null_check action=make_not_entrant pc=0x000002ad451a7e90 method=org.eclipse.jdt.internal.core.JarPackageFragmentRoot.equals(Ljava/lang/Object;)Z @ 8 c2
Event: 2811.518 Thread 0x000002ad996e0650 DEOPT PACKING pc=0x000002ad451a7e90 sp=0x000000f2fbdfe890
Event: 2811.518 Thread 0x000002ad996e0650 DEOPT UNPACKING pc=0x000002ad435c6da2 sp=0x000000f2fbdfe838 mode 2
Event: 2811.572 Thread 0x000002ad996e0650 Uncommon trap: trap_request=0xffffffde fr.pc=0x000002ad43cf5ca4 relative=0x0000000000000604
Event: 2811.572 Thread 0x000002ad996e0650 Uncommon trap: reason=class_check action=maybe_recompile pc=0x000002ad43cf5ca4 method=org.eclipse.jdt.internal.compiler.util.SimpleLookupTable.containsKey(Ljava/lang/Object;)Z @ 7 c2
Event: 2811.572 Thread 0x000002ad996e0650 DEOPT PACKING pc=0x000002ad43cf5ca4 sp=0x000000f2fbdfeae0
Event: 2811.572 Thread 0x000002ad996e0650 DEOPT UNPACKING pc=0x000002ad435c6da2 sp=0x000000f2fbdfea78 mode 2
Event: 2811.577 Thread 0x000002ad996e0650 Uncommon trap: trap_request=0xffffffde fr.pc=0x000002ad43cf5ca4 relative=0x0000000000000604
Event: 2811.577 Thread 0x000002ad996e0650 Uncommon trap: reason=class_check action=maybe_recompile pc=0x000002ad43cf5ca4 method=org.eclipse.jdt.internal.compiler.util.SimpleLookupTable.containsKey(Ljava/lang/Object;)Z @ 7 c2
Event: 2811.577 Thread 0x000002ad996e0650 DEOPT PACKING pc=0x000002ad43cf5ca4 sp=0x000000f2fbdfeae0
Event: 2811.577 Thread 0x000002ad996e0650 DEOPT UNPACKING pc=0x000002ad435c6da2 sp=0x000000f2fbdfea78 mode 2
Event: 2811.579 Thread 0x000002ad996e0650 Uncommon trap: trap_request=0xffffffde fr.pc=0x000002ad43cf5ca4 relative=0x0000000000000604
Event: 2811.579 Thread 0x000002ad996e0650 Uncommon trap: reason=class_check action=maybe_recompile pc=0x000002ad43cf5ca4 method=org.eclipse.jdt.internal.compiler.util.SimpleLookupTable.containsKey(Ljava/lang/Object;)Z @ 7 c2
Event: 2811.579 Thread 0x000002ad996e0650 DEOPT PACKING pc=0x000002ad43cf5ca4 sp=0x000000f2fbdfeae0
Event: 2811.579 Thread 0x000002ad996e0650 DEOPT UNPACKING pc=0x000002ad435c6da2 sp=0x000000f2fbdfea78 mode 2
Event: 2811.582 Thread 0x000002ad996e0650 Uncommon trap: trap_request=0xffffffde fr.pc=0x000002ad43cf5ca4 relative=0x0000000000000604
Event: 2811.582 Thread 0x000002ad996e0650 Uncommon trap: reason=class_check action=maybe_recompile pc=0x000002ad43cf5ca4 method=org.eclipse.jdt.internal.compiler.util.SimpleLookupTable.containsKey(Ljava/lang/Object;)Z @ 7 c2
Event: 2811.582 Thread 0x000002ad996e0650 DEOPT PACKING pc=0x000002ad43cf5ca4 sp=0x000000f2fbdfeae0
Event: 2811.582 Thread 0x000002ad996e0650 DEOPT UNPACKING pc=0x000002ad435c6da2 sp=0x000000f2fbdfea78 mode 2

Classes loaded (20 events):
Event: 2613.372 Loading class jdk/internal/module/IllegalAccessLogger
Event: 2613.372 Loading class jdk/internal/module/IllegalAccessLogger done
Event: 2796.359 Loading class jdk/internal/module/IllegalAccessLogger
Event: 2796.359 Loading class jdk/internal/module/IllegalAccessLogger done
Event: 2800.509 Loading class jdk/internal/module/IllegalAccessLogger
Event: 2800.509 Loading class jdk/internal/module/IllegalAccessLogger done
Event: 2804.964 Loading class jdk/internal/module/IllegalAccessLogger
Event: 2804.964 Loading class jdk/internal/module/IllegalAccessLogger done
Event: 2809.865 Loading class java/util/HashMap$UnsafeHolder
Event: 2809.874 Loading class java/util/HashMap$UnsafeHolder done
Event: 2809.887 Loading class java/io/ObjectStreamClass$RecordSupport
Event: 2809.892 Loading class java/io/ObjectStreamClass$RecordSupport done
Event: 2809.938 Loading class java/io/ObjectStreamClass$DeserializationConstructorsCache$Key$Lookup
Event: 2809.939 Loading class java/io/ObjectStreamClass$DeserializationConstructorsCache$Key
Event: 2809.940 Loading class java/io/ObjectStreamClass$DeserializationConstructorsCache$Key done
Event: 2809.940 Loading class java/io/ObjectStreamClass$DeserializationConstructorsCache$Key$Lookup done
Event: 2809.997 Loading class java/lang/invoke/BoundMethodHandle$Species_LIL
Event: 2809.998 Loading class java/lang/invoke/BoundMethodHandle$Species_LIL done
Event: 2810.060 Loading class java/io/ObjectStreamClass$DeserializationConstructorsCache$Key$Impl
Event: 2810.061 Loading class java/io/ObjectStreamClass$DeserializationConstructorsCache$Key$Impl done

Classes unloaded (20 events):
Event: 2595.814 Thread 0x000002ad38eb0360 Unloading class 0x000002ad51014800 'java/lang/invoke/LambdaForm$MH+0x000002ad51014800'
Event: 2595.814 Thread 0x000002ad38eb0360 Unloading class 0x000002ad5100d800 'java/lang/invoke/LambdaForm$MH+0x000002ad5100d800'
Event: 2595.814 Thread 0x000002ad38eb0360 Unloading class 0x000002ad5100d400 'java/lang/invoke/LambdaForm$MH+0x000002ad5100d400'
Event: 2595.814 Thread 0x000002ad38eb0360 Unloading class 0x000002ad5100d000 'java/lang/invoke/LambdaForm$MH+0x000002ad5100d000'
Event: 2595.814 Thread 0x000002ad38eb0360 Unloading class 0x000002ad5100cc00 'java/lang/invoke/LambdaForm$MH+0x000002ad5100cc00'
Event: 2595.814 Thread 0x000002ad38eb0360 Unloading class 0x000002ad5100c800 'java/lang/invoke/LambdaForm$BMH+0x000002ad5100c800'
Event: 2595.814 Thread 0x000002ad38eb0360 Unloading class 0x000002ad5100c000 'java/lang/invoke/LambdaForm$DMH+0x000002ad5100c000'
Event: 2595.814 Thread 0x000002ad38eb0360 Unloading class 0x000002ad51008c00 'java/lang/invoke/LambdaForm$MH+0x000002ad51008c00'
Event: 2595.814 Thread 0x000002ad38eb0360 Unloading class 0x000002ad51008800 'java/lang/invoke/LambdaForm$MH+0x000002ad51008800'
Event: 2595.814 Thread 0x000002ad38eb0360 Unloading class 0x000002ad51008400 'java/lang/invoke/LambdaForm$MH+0x000002ad51008400'
Event: 2595.814 Thread 0x000002ad38eb0360 Unloading class 0x000002ad51007000 'java/lang/invoke/LambdaForm$MH+0x000002ad51007000'
Event: 2595.814 Thread 0x000002ad38eb0360 Unloading class 0x000002ad51006c00 'java/lang/invoke/LambdaForm$MH+0x000002ad51006c00'
Event: 2595.814 Thread 0x000002ad38eb0360 Unloading class 0x000002ad51006800 'java/lang/invoke/LambdaForm$MH+0x000002ad51006800'
Event: 2595.814 Thread 0x000002ad38eb0360 Unloading class 0x000002ad51006400 'java/lang/invoke/LambdaForm$MH+0x000002ad51006400'
Event: 2595.814 Thread 0x000002ad38eb0360 Unloading class 0x000002ad51005c00 'java/lang/invoke/LambdaForm$BMH+0x000002ad51005c00'
Event: 2595.815 Thread 0x000002ad38eb0360 Unloading class 0x000002ad51004800 'java/lang/invoke/LambdaForm$DMH+0x000002ad51004800'
Event: 2595.815 Thread 0x000002ad38eb0360 Unloading class 0x000002ad51002400 'java/lang/invoke/LambdaForm$MH+0x000002ad51002400'
Event: 2595.815 Thread 0x000002ad38eb0360 Unloading class 0x000002ad51002000 'java/lang/invoke/LambdaForm$MH+0x000002ad51002000'
Event: 2595.815 Thread 0x000002ad38eb0360 Unloading class 0x000002ad51001800 'java/lang/invoke/LambdaForm$MH+0x000002ad51001800'
Event: 2595.815 Thread 0x000002ad38eb0360 Unloading class 0x000002ad51000400 'java/lang/invoke/LambdaForm$MH+0x000002ad51000400'

Classes redefined (0 events):
No events

Internal exceptions (20 events):
Event: 2810.164 Thread 0x000002ad996e0650 Exception <a 'java/lang/NoSuchMethodError'{0x00000000d57d04b0}: static Lorg/eclipse/m2e/core/internal/lifecyclemapping/model/PluginExecutionMetadata;.<clinit>()V> (0x00000000d57d04b0) 
thrown [s\src\hotspot\share\prims\jni.cpp, line 1111]
Event: 2810.170 Thread 0x000002ad996e0650 Exception <a 'java/lang/NoSuchMethodError'{0x00000000d57e5340}: static Lorg/eclipse/m2e/core/internal/lifecyclemapping/model/PluginExecutionFilter;.<clinit>()V> (0x00000000d57e5340) 
thrown [s\src\hotspot\share\prims\jni.cpp, line 1111]
Event: 2810.980 Thread 0x000002ad996e0650 Exception <a 'sun/nio/fs/WindowsException'{0x00000000d5708db8}> (0x00000000d5708db8) 
thrown [s\src\hotspot\share\prims\jni.cpp, line 520]
Event: 2810.981 Thread 0x000002ad996e0650 Exception <a 'sun/nio/fs/WindowsException'{0x00000000d5709548}> (0x00000000d5709548) 
thrown [s\src\hotspot\share\prims\jni.cpp, line 520]
Event: 2810.989 Thread 0x000002ad996e0650 Exception <a 'sun/nio/fs/WindowsException'{0x00000000d5714f20}> (0x00000000d5714f20) 
thrown [s\src\hotspot\share\prims\jni.cpp, line 520]
Event: 2810.989 Thread 0x000002ad996e0650 Exception <a 'sun/nio/fs/WindowsException'{0x00000000d57156b0}> (0x00000000d57156b0) 
thrown [s\src\hotspot\share\prims\jni.cpp, line 520]
Event: 2810.996 Thread 0x000002ad996e0650 Exception <a 'sun/nio/fs/WindowsException'{0x00000000d5770998}> (0x00000000d5770998) 
thrown [s\src\hotspot\share\prims\jni.cpp, line 520]
Event: 2810.996 Thread 0x000002ad996e0650 Exception <a 'sun/nio/fs/WindowsException'{0x00000000d5771128}> (0x00000000d5771128) 
thrown [s\src\hotspot\share\prims\jni.cpp, line 520]
Event: 2811.011 Thread 0x000002ad996e0650 Implicit null exception at 0x000002ad44ba3b73 to 0x000002ad44ba419c
Event: 2811.011 Thread 0x000002ad996e0650 Exception <a 'java/lang/NoSuchMethodError'{0x00000000d580a4a0}: static [Lorg/eclipse/jdt/core/IClasspathEntry;.<clinit>()V> (0x00000000d580a4a0) 
thrown [s\src\hotspot\share\prims\jni.cpp, line 1111]
Event: 2811.014 Thread 0x000002ad996e0650 Exception <a 'java/lang/NoSuchMethodError'{0x00000000d5817ef0}: static [Lorg/eclipse/jdt/core/IAccessRule;.<clinit>()V> (0x00000000d5817ef0) 
thrown [s\src\hotspot\share\prims\jni.cpp, line 1111]
Event: 2811.014 Thread 0x000002ad996e0650 Exception <a 'java/lang/NoSuchMethodError'{0x00000000d5818b68}: static [Lorg/eclipse/jdt/core/IClasspathAttribute;.<clinit>()V> (0x00000000d5818b68) 
thrown [s\src\hotspot\share\prims\jni.cpp, line 1111]
Event: 2811.068 Thread 0x000002ad9c375930 Implicit null exception at 0x000002ad44b32d2b to 0x000002ad44b344ec
Event: 2811.068 Thread 0x000002ad9c375930 Implicit null exception at 0x000002ad44b32d2b to 0x000002ad44b344ec
Event: 2811.300 Thread 0x000002ad996e0650 Exception <a 'java/lang/NoSuchMethodError'{0x00000000d55a8f70}: 'void java.lang.invoke.DelegatingMethodHandle$Holder.reinvoke_L(java.lang.Object, java.lang.Object, int)'> (0x00000000d55a8f70) 
thrown [s\src\hotspot\share\interpreter\linkResolver.cpp, line 773]
Event: 2811.390 Thread 0x000002ad996e0650 Exception <a 'sun/nio/fs/WindowsException'{0x00000000d56aaaa8}> (0x00000000d56aaaa8) 
thrown [s\src\hotspot\share\prims\jni.cpp, line 520]
Event: 2811.504 Thread 0x000002ad996e0650 Exception <a 'sun/nio/fs/WindowsException'{0x00000000d5737b98}> (0x00000000d5737b98) 
thrown [s\src\hotspot\share\prims\jni.cpp, line 520]
Event: 2811.504 Thread 0x000002ad996e0650 Exception <a 'sun/nio/fs/WindowsException'{0x00000000d5738570}> (0x00000000d5738570) 
thrown [s\src\hotspot\share\prims\jni.cpp, line 520]
Event: 2811.507 Thread 0x000002ad996e0650 Implicit null exception at 0x000002ad4519691c to 0x000002ad451969a1
Event: 2811.518 Thread 0x000002ad996e0650 Implicit null exception at 0x000002ad451a7a28 to 0x000002ad451a7e7c

ZGC Phase Switch (0 events):
No events

VM Operations (20 events):
Event: 2811.028 Executing safepoint VM operation: ParallelGCFailedAllocation (Allocation Failure)
Event: 2811.031 Executing safepoint VM operation: ParallelGCFailedAllocation (Allocation Failure) done
Event: 2811.064 Executing safepoint VM operation: ParallelGCFailedAllocation (Allocation Failure)
Event: 2811.066 Executing safepoint VM operation: ParallelGCFailedAllocation (Allocation Failure) done
Event: 2811.075 Executing safepoint VM operation: ParallelGCFailedAllocation (Allocation Failure)
Event: 2811.077 Executing safepoint VM operation: ParallelGCFailedAllocation (Allocation Failure) done
Event: 2811.095 Executing safepoint VM operation: ParallelGCFailedAllocation (Allocation Failure)
Event: 2811.098 Executing safepoint VM operation: ParallelGCFailedAllocation (Allocation Failure) done
Event: 2811.282 Executing safepoint VM operation: ParallelGCFailedAllocation (Allocation Failure)
Event: 2811.283 Executing safepoint VM operation: ParallelGCFailedAllocation (Allocation Failure) done
Event: 2811.371 Executing safepoint VM operation: ParallelGCFailedAllocation (Allocation Failure)
Event: 2811.373 Executing safepoint VM operation: ParallelGCFailedAllocation (Allocation Failure) done
Event: 2811.439 Executing safepoint VM operation: ParallelGCFailedAllocation (Allocation Failure)
Event: 2811.440 Executing safepoint VM operation: ParallelGCFailedAllocation (Allocation Failure) done
Event: 2811.553 Executing safepoint VM operation: ParallelGCFailedAllocation (Allocation Failure)
Event: 2811.555 Executing safepoint VM operation: ParallelGCFailedAllocation (Allocation Failure) done
Event: 2811.589 Executing safepoint VM operation: ParallelGCFailedAllocation (Allocation Failure)
Event: 2811.591 Executing safepoint VM operation: ParallelGCFailedAllocation (Allocation Failure) done
Event: 2811.827 Executing safepoint VM operation: ParallelGCFailedAllocation (Allocation Failure)
Event: 2812.786 Executing safepoint VM operation: ParallelGCFailedAllocation (Allocation Failure) done

Memory protections (0 events):
No events

Nmethod flushes (20 events):
Event: 2596.139 Thread 0x000002ad38eb0360 flushing  nmethod 0x000002ad3f3e7910
Event: 2596.139 Thread 0x000002ad38eb0360 flushing  nmethod 0x000002ad3f3e8090
Event: 2596.139 Thread 0x000002ad38eb0360 flushing  nmethod 0x000002ad3f3f6190
Event: 2596.139 Thread 0x000002ad38eb0360 flushing  nmethod 0x000002ad3f3f8890
Event: 2596.139 Thread 0x000002ad38eb0360 flushing  nmethod 0x000002ad3f401b10
Event: 2596.139 Thread 0x000002ad38eb0360 flushing  nmethod 0x000002ad3f402010
Event: 2596.139 Thread 0x000002ad38eb0360 flushing  nmethod 0x000002ad3f402c90
Event: 2596.139 Thread 0x000002ad38eb0360 flushing  nmethod 0x000002ad3f404790
Event: 2596.139 Thread 0x000002ad38eb0360 flushing  nmethod 0x000002ad3f407b90
Event: 2596.139 Thread 0x000002ad38eb0360 flushing  nmethod 0x000002ad3f40a290
Event: 2596.139 Thread 0x000002ad38eb0360 flushing  nmethod 0x000002ad3f416790
Event: 2596.139 Thread 0x000002ad38eb0360 flushing  nmethod 0x000002ad3f417090
Event: 2596.139 Thread 0x000002ad38eb0360 flushing  nmethod 0x000002ad3f41de90
Event: 2596.139 Thread 0x000002ad38eb0360 flushing  nmethod 0x000002ad3f443890
Event: 2596.139 Thread 0x000002ad38eb0360 flushing  nmethod 0x000002ad3f47f990
Event: 2596.139 Thread 0x000002ad38eb0360 flushing osr nmethod 0x000002ad3f495d90
Event: 2596.139 Thread 0x000002ad38eb0360 flushing osr nmethod 0x000002ad3f498210
Event: 2596.139 Thread 0x000002ad38eb0360 flushing  nmethod 0x000002ad3f49a390
Event: 2596.139 Thread 0x000002ad38eb0360 flushing  nmethod 0x000002ad3f4b2890
Event: 2596.139 Thread 0x000002ad38eb0360 flushing osr nmethod 0x000002ad3f50ba10

Events (20 events):
Event: 2808.471 Thread 0x000002ad996e0650 Thread added: 0x000002ad9c3752a0
Event: 2808.471 Thread 0x000002ad996e0650 Thread added: 0x000002ad9c378090
Event: 2808.471 Thread 0x000002ad996e0650 Thread added: 0x000002ad9c376ce0
Event: 2808.471 Thread 0x000002ad996e0650 Thread added: 0x000002ad9c377370
Event: 2809.373 Thread 0x000002ad9c378090 Thread exited: 0x000002ad9c378090
Event: 2809.373 Thread 0x000002ad9c376ce0 Thread exited: 0x000002ad9c376ce0
Event: 2809.373 Thread 0x000002ad9c377370 Thread exited: 0x000002ad9c377370
Event: 2809.374 Thread 0x000002ad9c375930 Thread exited: 0x000002ad9c375930
Event: 2809.376 Thread 0x000002ad9c3752a0 Thread exited: 0x000002ad9c3752a0
Event: 2811.056 Thread 0x000002ad996e0650 Thread added: 0x000002ad9c376ce0
Event: 2811.056 Thread 0x000002ad996e0650 Thread added: 0x000002ad9c375930
Event: 2811.056 Thread 0x000002ad996e0650 Thread added: 0x000002ad9c3752a0
Event: 2811.056 Thread 0x000002ad996e0650 Thread added: 0x000002ad9c377370
Event: 2811.056 Thread 0x000002ad996e0650 Thread added: 0x000002ad9c378090
Event: 2811.082 Thread 0x000002ad9c376ce0 Thread exited: 0x000002ad9c376ce0
Event: 2811.082 Thread 0x000002ad9c3752a0 Thread exited: 0x000002ad9c3752a0
Event: 2811.082 Thread 0x000002ad9c375930 Thread exited: 0x000002ad9c375930
Event: 2811.082 Thread 0x000002ad9c377370 Thread exited: 0x000002ad9c377370
Event: 2811.082 Thread 0x000002ad9c378090 Thread exited: 0x000002ad9c378090
Event: 2811.381 Thread 0x000002ad38fdc120 Thread added: 0x000002adacc4b620


Dynamic libraries:
0x00007ff6d8bf0000 - 0x00007ff6d8bfe000 	c:\Users\huyho\.kiro\extensions\redhat.java-1.54.0-win32-x64\jre\21.0.10-win32-x86_64\bin\java.exe
0x00007ffbbae60000 - 0x00007ffbbb0c7000 	C:\WINDOWS\SYSTEM32\ntdll.dll
0x00007ffbb9f90000 - 0x00007ffbba059000 	C:\WINDOWS\System32\KERNEL32.DLL
0x00007ffbb86b0000 - 0x00007ffbb8aa7000 	C:\WINDOWS\System32\KERNELBASE.dll
0x00007ffbb7920000 - 0x00007ffbb7a6b000 	C:\WINDOWS\System32\ucrtbase.dll
0x00007ffb6f680000 - 0x00007ffb6f69e000 	c:\Users\huyho\.kiro\extensions\redhat.java-1.54.0-win32-x64\jre\21.0.10-win32-x86_64\bin\VCRUNTIME140.dll
0x00007ffb6f4c0000 - 0x00007ffb6f4d8000 	c:\Users\huyho\.kiro\extensions\redhat.java-1.54.0-win32-x64\jre\21.0.10-win32-x86_64\bin\jli.dll
0x00007ffbba550000 - 0x00007ffbba716000 	C:\WINDOWS\System32\USER32.dll
0x00007ffba0c10000 - 0x00007ffba0ea2000 	C:\WINDOWS\WinSxS\amd64_microsoft.windows.common-controls_6595b64144ccf1df_6.0.26100.8457_none_3e0b2faee331e92d\COMCTL32.dll
0x00007ffbb8680000 - 0x00007ffbb86a7000 	C:\WINDOWS\System32\win32u.dll
0x00007ffbba890000 - 0x00007ffbba939000 	C:\WINDOWS\System32\msvcrt.dll
0x00007ffbba940000 - 0x00007ffbba96b000 	C:\WINDOWS\System32\GDI32.dll
0x00007ffbb8ab0000 - 0x00007ffbb8bdc000 	C:\WINDOWS\System32\gdi32full.dll
0x00007ffbb8450000 - 0x00007ffbb84f3000 	C:\WINDOWS\System32\msvcp_win.dll
0x00007ffbba850000 - 0x00007ffbba882000 	C:\WINDOWS\System32\IMM32.DLL
0x00007ffb6f570000 - 0x00007ffb6f57c000 	c:\Users\huyho\.kiro\extensions\redhat.java-1.54.0-win32-x64\jre\21.0.10-win32-x86_64\bin\vcruntime140_1.dll
0x00007ffb16c70000 - 0x00007ffb16cfd000 	c:\Users\huyho\.kiro\extensions\redhat.java-1.54.0-win32-x64\jre\21.0.10-win32-x86_64\bin\msvcp140.dll
0x00007ffab8060000 - 0x00007ffab8e01000 	c:\Users\huyho\.kiro\extensions\redhat.java-1.54.0-win32-x64\jre\21.0.10-win32-x86_64\bin\server\jvm.dll
0x00007ffbb9e00000 - 0x00007ffbb9eb6000 	C:\WINDOWS\System32\ADVAPI32.dll
0x00007ffbb9ec0000 - 0x00007ffbb9f67000 	C:\WINDOWS\System32\sechost.dll
0x00007ffbb9400000 - 0x00007ffbb9518000 	C:\WINDOWS\System32\RPCRT4.dll
0x00007ffbba060000 - 0x00007ffbba0e0000 	C:\WINDOWS\System32\WS2_32.dll
0x00007ffbb76f0000 - 0x00007ffbb774e000 	C:\WINDOWS\SYSTEM32\POWRPROF.dll
0x00007ffbab6f0000 - 0x00007ffbab726000 	C:\WINDOWS\SYSTEM32\WINMM.dll
0x00007ffbaf7d0000 - 0x00007ffbaf7db000 	C:\WINDOWS\SYSTEM32\VERSION.dll
0x00007ffbb76d0000 - 0x00007ffbb76e4000 	C:\WINDOWS\SYSTEM32\UMPDC.dll
0x00007ffbb65e0000 - 0x00007ffbb65fb000 	C:\WINDOWS\SYSTEM32\kernel.appcore.dll
0x00007ffb6f370000 - 0x00007ffb6f37a000 	c:\Users\huyho\.kiro\extensions\redhat.java-1.54.0-win32-x64\jre\21.0.10-win32-x86_64\bin\jimage.dll
0x00007ffbb57b0000 - 0x00007ffbb59f2000 	C:\WINDOWS\SYSTEM32\DBGHELP.DLL
0x00007ffbb9070000 - 0x00007ffbb93f3000 	C:\WINDOWS\System32\combase.dll
0x00007ffbba320000 - 0x00007ffbba3f9000 	C:\WINDOWS\System32\OLEAUT32.dll
0x00007ffb9d970000 - 0x00007ffb9d9ab000 	C:\WINDOWS\SYSTEM32\dbgcore.DLL
0x00007ffbb82e0000 - 0x00007ffbb8388000 	C:\WINDOWS\System32\bcryptPrimitives.dll
0x00007ffb6f360000 - 0x00007ffb6f36f000 	c:\Users\huyho\.kiro\extensions\redhat.java-1.54.0-win32-x64\jre\21.0.10-win32-x86_64\bin\instrument.dll
0x00007ffb6e4c0000 - 0x00007ffb6e4e0000 	c:\Users\huyho\.kiro\extensions\redhat.java-1.54.0-win32-x64\jre\21.0.10-win32-x86_64\bin\java.dll
0x00007ffbb9680000 - 0x00007ffbb9dee000 	C:\WINDOWS\System32\SHELL32.dll
0x00007ffbb7a70000 - 0x00007ffbb82dc000 	C:\WINDOWS\System32\windows.storage.dll
0x00007ffbba980000 - 0x00007ffbbaa76000 	C:\WINDOWS\System32\SHCORE.dll
0x00007ffbba720000 - 0x00007ffbba786000 	C:\WINDOWS\System32\shlwapi.dll
0x00007ffbb77b0000 - 0x00007ffbb77d9000 	C:\WINDOWS\SYSTEM32\profapi.dll
0x00007ffb6a9c0000 - 0x00007ffb6a9d8000 	c:\Users\huyho\.kiro\extensions\redhat.java-1.54.0-win32-x64\jre\21.0.10-win32-x86_64\bin\zip.dll
0x00007ffb6a710000 - 0x00007ffb6a720000 	C:\Users\huyho\.kiro\extensions\redhat.java-1.54.0-win32-x64\jre\21.0.10-win32-x86_64\bin\net.dll
0x00007ffbb0510000 - 0x00007ffbb0639000 	C:\WINDOWS\SYSTEM32\WINHTTP.dll
0x00007ffbb6b40000 - 0x00007ffbb6bac000 	C:\WINDOWS\system32\mswsock.dll
0x00007ffb628f0000 - 0x00007ffb62906000 	C:\Users\huyho\.kiro\extensions\redhat.java-1.54.0-win32-x64\jre\21.0.10-win32-x86_64\bin\nio.dll
0x00007ffb65e70000 - 0x00007ffb65e80000 	c:\Users\huyho\.kiro\extensions\redhat.java-1.54.0-win32-x64\jre\21.0.10-win32-x86_64\bin\verify.dll
0x00007ffb598f0000 - 0x00007ffb59935000 	C:\Users\huyho\AppData\Roaming\Kiro\User\globalStorage\redhat.java\1.54.0\config_win\org.eclipse.equinox.launcher\org.eclipse.equinox.launcher.win32.win32.x86_64_1.3.0.v20260203-2149\eclipse_11919.dll
0x00007ffbbab90000 - 0x00007ffbbad27000 	C:\WINDOWS\System32\ole32.dll
0x00007ffb6a150000 - 0x00007ffb6a15a000 	C:\Users\huyho\.kiro\extensions\redhat.java-1.54.0-win32-x64\jre\21.0.10-win32-x86_64\bin\management.dll
0x00007ffb6a140000 - 0x00007ffb6a14c000 	C:\Users\huyho\.kiro\extensions\redhat.java-1.54.0-win32-x64\jre\21.0.10-win32-x86_64\bin\management_ext.dll
0x00007ffbba2e0000 - 0x00007ffbba2e8000 	C:\WINDOWS\System32\PSAPI.DLL
0x00007ffbb6df0000 - 0x00007ffbb6e0b000 	C:\WINDOWS\SYSTEM32\CRYPTSP.dll
0x00007ffbb6540000 - 0x00007ffbb6579000 	C:\WINDOWS\system32\rsaenh.dll
0x00007ffbb6bf0000 - 0x00007ffbb6c23000 	C:\WINDOWS\SYSTEM32\USERENV.dll
0x00007ffbb7780000 - 0x00007ffbb77aa000 	C:\WINDOWS\SYSTEM32\bcrypt.dll
0x00007ffbb6de0000 - 0x00007ffbb6dec000 	C:\WINDOWS\SYSTEM32\CRYPTBASE.dll
0x00007ffbb5fd0000 - 0x00007ffbb6002000 	C:\WINDOWS\SYSTEM32\IPHLPAPI.DLL
0x00007ffbba2d0000 - 0x00007ffbba2da000 	C:\WINDOWS\System32\NSI.dll
0x00007ffb1d650000 - 0x00007ffb1d699000 	C:\Users\huyho\AppData\Local\Temp\jna-99651347\jna3417767707164791069.dll
0x00007ffbb06a0000 - 0x00007ffbb06bd000 	C:\WINDOWS\SYSTEM32\dhcpcsvc6.DLL
0x00007ffbb0420000 - 0x00007ffbb0445000 	C:\WINDOWS\SYSTEM32\dhcpcsvc.DLL
0x00007ffb65de0000 - 0x00007ffb65dee000 	C:\Users\huyho\.kiro\extensions\redhat.java-1.54.0-win32-x64\jre\21.0.10-win32-x86_64\bin\sunmscapi.dll
0x00007ffbb8500000 - 0x00007ffbb8678000 	C:\WINDOWS\System32\CRYPT32.dll
0x00007ffbb7090000 - 0x00007ffbb70c0000 	C:\WINDOWS\SYSTEM32\ncrypt.dll
0x00007ffbb7040000 - 0x00007ffbb707f000 	C:\WINDOWS\SYSTEM32\NTASN1.dll
0x00007ffbb6060000 - 0x00007ffbb6192000 	C:\WINDOWS\SYSTEM32\DNSAPI.dll
0x00007ffbab730000 - 0x00007ffbab73b000 	C:\Windows\System32\rasadhlp.dll
0x00007ffbaf240000 - 0x00007ffbaf2c6000 	C:\WINDOWS\System32\fwpuclnt.dll
0x00007ffb5e820000 - 0x00007ffb5e829000 	C:\Users\huyho\.kiro\extensions\redhat.java-1.54.0-win32-x64\jre\21.0.10-win32-x86_64\bin\extnet.dll
0x00007ffbb6700000 - 0x00007ffbb6736000 	C:\WINDOWS\SYSTEM32\ntmarta.dll

JVMTI agents:
c:\Users\huyho\.kiro\extensions\redhat.java-1.54.0-win32-x64\lombok\lombok-1.18.39-4050.jar path:c:\Users\huyho\.kiro\extensions\redhat.java-1.54.0-win32-x64\jre\21.0.10-win32-x86_64\bin\instrument.dll, loaded, initialized, instrumentlib options:none

dbghelp: loaded successfully - version: 4.0.5 - missing functions: none
symbol engine: initialized successfully - sym options: 0x614 - pdb path: .;c:\Users\huyho\.kiro\extensions\redhat.java-1.54.0-win32-x64\jre\21.0.10-win32-x86_64\bin;C:\WINDOWS\SYSTEM32;C:\WINDOWS\WinSxS\amd64_microsoft.windows.common-controls_6595b64144ccf1df_6.0.26100.8457_none_3e0b2faee331e92d;c:\Users\huyho\.kiro\extensions\redhat.java-1.54.0-win32-x64\jre\21.0.10-win32-x86_64\bin\server;C:\Users\huyho\AppData\Roaming\Kiro\User\globalStorage\redhat.java\1.54.0\config_win\org.eclipse.equinox.launcher\org.eclipse.equinox.launcher.win32.win32.x86_64_1.3.0.v20260203-2149;C:\Users\huyho\AppData\Local\Temp\jna-99651347

VM Arguments:
jvm_args: --add-modules=ALL-SYSTEM --add-opens=java.base/java.util=ALL-UNNAMED --add-opens=java.base/java.lang=ALL-UNNAMED --add-opens=java.base/sun.nio.fs=ALL-UNNAMED -Declipse.application=org.eclipse.jdt.ls.core.id1 -Dosgi.bundles.defaultStartLevel=4 -Declipse.product=org.eclipse.jdt.ls.core.product -Djava.import.generatesMetadataFilesAtProjectRoot=false -DDetectVMInstallationsJob.disabled=true -Dfile.encoding=utf8 -XX:+UseParallelGC -XX:GCTimeRatio=4 -XX:AdaptiveSizePolicyWeight=90 -Dsun.zip.disableMemoryMapping=true -Xmx2G -Xms100m -Xlog:disable -javaagent:c:\Users\huyho\.kiro\extensions\redhat.java-1.54.0-win32-x64\lombok\lombok-1.18.39-4050.jar -XX:+HeapDumpOnOutOfMemoryError -XX:HeapDumpPath=c:\Users\huyho\AppData\Roaming\Kiro\User\workspaceStorage\5e15e38d29a15d48525ca3e64bc0a6cd\redhat.java -Daether.dependencyCollector.impl=bf 
java_command: c:\Users\huyho\.kiro\extensions\redhat.java-1.54.0-win32-x64\server\plugins\org.eclipse.equinox.launcher_1.7.100.v20251111-0406.jar -configuration c:\Users\huyho\AppData\Roaming\Kiro\User\globalStorage\redhat.java\1.54.0\config_win -data c:\Users\huyho\AppData\Roaming\Kiro\User\workspaceStorage\5e15e38d29a15d48525ca3e64bc0a6cd\redhat.java\jdt_ws --pipe=\\.\pipe\lsp-85069bd8a6fe0db44cc251b56e6b1b32-sock
java_class_path (initial): c:\Users\huyho\.kiro\extensions\redhat.java-1.54.0-win32-x64\server\plugins\org.eclipse.equinox.launcher_1.7.100.v20251111-0406.jar
Launcher Type: SUN_STANDARD

[Global flags]
    uintx AdaptiveSizePolicyWeight                 = 90                                        {product} {command line}
     intx CICompilerCount                          = 12                                        {product} {ergonomic}
    uintx GCTimeRatio                              = 4                                         {product} {command line}
     bool HeapDumpOnOutOfMemoryError               = true                                   {manageable} {command line}
    ccstr HeapDumpPath                             = c:\Users\huyho\AppData\Roaming\Kiro\User\workspaceStorage\5e15e38d29a15d48525ca3e64bc0a6cd\redhat.java         {manageable} {command line}
   size_t InitialHeapSize                          = 104857600                                 {product} {command line}
   size_t MaxHeapSize                              = 2147483648                                {product} {command line}
   size_t MaxNewSize                               = 715653120                                 {product} {ergonomic}
   size_t MinHeapDeltaBytes                        = 524288                                    {product} {ergonomic}
   size_t MinHeapSize                              = 104857600                                 {product} {command line}
   size_t NewSize                                  = 34603008                                  {product} {ergonomic}
    uintx NonNMethodCodeHeapSize                   = 7602480                                {pd product} {ergonomic}
    uintx NonProfiledCodeHeapSize                  = 122027880                              {pd product} {ergonomic}
   size_t OldSize                                  = 70254592                                  {product} {ergonomic}
    uintx ProfiledCodeHeapSize                     = 122027880                              {pd product} {ergonomic}
    uintx ReservedCodeCacheSize                    = 251658240                              {pd product} {ergonomic}
     bool SegmentedCodeCache                       = true                                      {product} {ergonomic}
   size_t SoftMaxHeapSize                          = 2147483648                             {manageable} {ergonomic}
     bool UseCompressedOops                        = true                           {product lp64_product} {ergonomic}
     bool UseLargePagesIndividualAllocation        = false                                  {pd product} {ergonomic}
     bool UseParallelGC                            = true                                      {product} {command line}

Logging:
Log output configuration:
 #0: stdout all=off uptime,level,tags foldmultilines=false
 #1: stderr all=off uptime,level,tags foldmultilines=false

Release file:
JAVA_VERSION="21.0.10" 
MODULES="java.base java.compiler java.datatransfer java.xml java.prefs java.desktop java.instrument java.logging java.management java.security.sasl java.naming java.rmi java.management.rmi java.net.http java.scripting java.security.jgss java.transaction.xa java.sql java.sql.rowset java.xml.crypto java.se java.smartcardio jdk.accessibility jdk.internal.jvmstat jdk.attach jdk.charsets jdk.internal.opt jdk.zipfs jdk.compiler jdk.crypto.ec jdk.crypto.cryptoki jdk.crypto.mscapi jdk.dynalink jdk.internal.ed jdk.editpad jdk.hotspot.agent jdk.httpserver jdk.internal.le jdk.internal.vm.ci jdk.internal.vm.compiler jdk.internal.vm.compiler.management jdk.jartool jdk.javadoc jdk.jcmd jdk.management jdk.management.agent jdk.jconsole jdk.jdeps jdk.jdwp.agent jdk.jdi jdk.jfr jdk.jshell jdk.jsobject jdk.jstatd jdk.localedata jdk.management.jfr jdk.naming.dns jdk.naming.rmi jdk.net jdk.nio.mapmode jdk.random jdk.sctp jdk.security.auth jdk.security.jgss jdk.unsupported jdk.unsupported.desktop jdk.xml.dom" 

Environment Variables:
JAVA_HOME=D:\JDK
PATH=C:\Program Files\Common Files\Oracle\Java\javapath;C:\Program Files (x86)\Common Files\Oracle\Java\javapath;C:\Windows\system32;C:\Windows;C:\Windows\System32\Wbem;C:\Windows\System32\WindowsPowerShell\v1.0\;C:\Windows\System32\OpenSSH\;C:\Program Files (x86)\NVIDIA Corporation\PhysX\Common;C:\Program Files\NVIDIA Corporation\NVIDIA NvDLISR;C:\WINDOWS\system32;C:\WINDOWS;C:\WINDOWS\System32\Wbem;C:\WINDOWS\System32\WindowsPowerShell\v1.0\;C:\WINDOWS\System32\OpenSSH\;C:\Program Files (x86)\Microsoft SQL Server\160\Tools\Binn\;C:\Program Files\Microsoft SQL Server\160\Tools\Binn\;C:\Program Files\Microsoft SQL Server\Client SDK\ODBC\170\Tools\Binn\;C:\Program Files\Microsoft SQL Server\160\DTS\Binn\;C:\Program Files\Microsoft SQL Server\150\Tools\Binn\;C:\Program Files\dotnet\;C:\Program Files (x86)\Microsoft SQL Server\160\DTS\Binn\;D:\React js\;D:\React js\Git\cmd;E:\MySQL;D:\apache-maven-3.9.10-bin\apache-maven-3.9.10\bin;D:\JDK\bin;D:\AWS\;C:\Program Files\Docker\Docker\resources\bin;C:\Users\huyho\AppData\Local\Microsoft\WindowsApps;D:\React js\IntelliJ IDEA 2025.1.2\bin;;C:\Users\huyho\.dotnet\tools;C:\Users\huyho\AppData\Roaming\npm;D:\apache-maven-3.9.10-bin\apache-maven-3.9.10\bin;E:\kiro\Kiro\bin;E:\Microsoft VS Code\bin
USERNAME=huyho
OS=Windows_NT
PROCESSOR_IDENTIFIER=Intel64 Family 6 Model 141 Stepping 1, GenuineIntel
TMP=C:\Users\huyho\AppData\Local\Temp
TEMP=C:\Users\huyho\AppData\Local\Temp




Periodic native trim disabled

---------------  S Y S T E M  ---------------

OS:
 Windows 11 , 64 bit Build 26100 (10.0.26100.8328)
OS uptime: 0 days 6:53 hours
Hyper-V role detected

CPU: total 16 (initial active 16) (8 cores per cpu, 2 threads per core) family 6 model 141 stepping 1 microcode 0x34, cx8, cmov, fxsr, ht, mmx, 3dnowpref, sse, sse2, sse3, ssse3, sse4.1, sse4.2, popcnt, lzcnt, tsc, tscinvbit, avx, avx2, aes, erms, clmul, bmi1, bmi2, adx, avx512f, avx512dq, avx512cd, avx512bw, avx512vl, sha, fma, vzeroupper, avx512_vpopcntdq, avx512_vpclmulqdq, avx512_vaes, avx512_vnni, clflush, clflushopt, clwb, avx512_vbmi2, avx512_vbmi, hv, rdtscp, rdpid, fsrm, gfni, avx512_bitalg, f16c, cet_ibt, cet_ss, avx512_ifma
Processor Information for the first 16 processors :
  Max Mhz: 2304, Current Mhz: 2304, Mhz Limit: 2304

Memory: 4k page, system-wide physical 16085M (427M free)
TotalPageFile size 37188M (AvailPageFile size 7M)
current process WorkingSet (physical memory assigned to process): 459M, peak: 1762M
current process commit charge ("private bytes"): 1227M, peak: 1827M

vm_info: OpenJDK 64-Bit Server VM (21.0.10+7-LTS) for windows-amd64 JRE (21.0.10+7-LTS), built on 2026-01-20T00:00:00Z by "admin" with MS VC++ 17.12 (VS2022)

END.
