#
# There is insufficient memory for the Java Runtime Environment to continue.
# Native memory allocation (malloc) failed to allocate 1116096 bytes. Error detail: Chunk::new
# Possible reasons:
#   The system is out of physical RAM or swap space
#   This process is running with CompressedOops enabled, and the Java Heap may be blocking the growth of the native heap
# Possible solutions:
#   Reduce memory load on the system
#   Increase physical memory or swap space
#   Check if swap backing store is full
#   Decrease Java heap size (-Xmx/-Xms)
#   Decrease number of Java threads
#   Decrease Java thread stack sizes (-Xss)
#   Set larger code cache with -XX:ReservedCodeCacheSize=
#   JVM is running with Unscaled Compressed Oops mode in which the Java heap is
#     placed in the first 4GB address space. The Java Heap base address is the
#     maximum limit for the native heap growth. Please use -XX:HeapBaseMinAddress
#     to set the Java Heap base and to place the Java Heap above 4GB virtual address.
# This output file may be truncated or incomplete.
#
#  Out of Memory Error (arena.cpp:168), pid=15828, tid=19884
#
# JRE version: OpenJDK Runtime Environment Temurin-21.0.10+7 (21.0.10+7) (build 21.0.10+7-LTS)
# Java VM: OpenJDK 64-Bit Server VM Temurin-21.0.10+7 (21.0.10+7-LTS, mixed mode, sharing, tiered, compressed oops, compressed class ptrs, parallel gc, windows-amd64)
# No core dump will be written. Minidumps are not enabled by default on client versions of Windows
#

---------------  S U M M A R Y ------------

Command Line: --add-modules=ALL-SYSTEM --add-opens=java.base/java.util=ALL-UNNAMED --add-opens=java.base/java.lang=ALL-UNNAMED --add-opens=java.base/sun.nio.fs=ALL-UNNAMED -Declipse.application=org.eclipse.jdt.ls.core.id1 -Dosgi.bundles.defaultStartLevel=4 -Declipse.product=org.eclipse.jdt.ls.core.product -Djava.import.generatesMetadataFilesAtProjectRoot=false -DDetectVMInstallationsJob.disabled=true -Dfile.encoding=utf8 -XX:+UseParallelGC -XX:GCTimeRatio=4 -XX:AdaptiveSizePolicyWeight=90 -Dsun.zip.disableMemoryMapping=true -Xmx2G -Xms100m -Xlog:disable -javaagent:c:\Users\huyho\.kiro\extensions\redhat.java-1.54.0-win32-x64\lombok\lombok-1.18.39-4050.jar -XX:+HeapDumpOnOutOfMemoryError -XX:HeapDumpPath=c:\Users\huyho\AppData\Roaming\Kiro\User\workspaceStorage\5e15e38d29a15d48525ca3e64bc0a6cd\redhat.java -Daether.dependencyCollector.impl=bf c:\Users\huyho\.kiro\extensions\redhat.java-1.54.0-win32-x64\server\plugins\org.eclipse.equinox.launcher_1.7.100.v20251111-0406.jar -configuration c:\Users\huyho\AppData\Roaming\Kiro\User\globalStorage\redhat.java\1.54.0\config_win -data c:\Users\huyho\AppData\Roaming\Kiro\User\workspaceStorage\5e15e38d29a15d48525ca3e64bc0a6cd\redhat.java\jdt_ws --pipe=\\.\pipe\lsp-20e52ae9d68d6d2e1db628e01092c129-sock

Host: 11th Gen Intel(R) Core(TM) i7-11800H @ 2.30GHz, 16 cores, 15G,  Windows 11 , 64 bit Build 26100 (10.0.26100.8328)
Time: Tue Jun  9 14:58:59 2026 SE Asia Standard Time elapsed time: 18.858657 seconds (0d 0h 0m 18s)

---------------  T H R E A D  ---------------

Current thread (0x000001fa51b60450):  JavaThread "C2 CompilerThread1" daemon [_thread_in_native, id=19884, stack(0x0000007cbdd00000,0x0000007cbde00000) (1024K)]


Current CompileTask:
C2:18858 11911   !   4       lombok.core.FieldAugment$ReflectionFieldAugment::getAndSet (80 bytes)

Stack: [0x0000007cbdd00000,0x0000007cbde00000]
Native frames: (J=compiled Java code, j=interpreted, Vv=VM code, C=native code)
V  [jvm.dll+0x6d7a39]
V  [jvm.dll+0x8b4b26]
V  [jvm.dll+0x8b70de]
V  [jvm.dll+0x8b77c3]
V  [jvm.dll+0x284346]
V  [jvm.dll+0xc66ed]
V  [jvm.dll+0xc6c31]
V  [jvm.dll+0x2fb29e]
V  [jvm.dll+0x5fe884]
V  [jvm.dll+0x255b17]
V  [jvm.dll+0x24dc0b]
V  [jvm.dll+0x24ba42]
V  [jvm.dll+0x1cb34e]
V  [jvm.dll+0x25b85d]
V  [jvm.dll+0x259dea]
V  [jvm.dll+0x3f857e]
V  [jvm.dll+0x85f59d]
V  [jvm.dll+0x6d626d]
C  [ucrtbase.dll+0x37b0]
C  [KERNEL32.DLL+0x2e957]
C  [ntdll.dll+0x427c]


---------------  P R O C E S S  ---------------

Threads class SMR info:
_java_thread_list=0x000001fa5d6b4870, length=66, elements={
0x000001fa76679750, 0x000001fa0f5f7c80, 0x000001fa0f5fc910, 0x000001fa78b55fb0,
0x000001fa78b568a0, 0x000001fa78b58020, 0x000001fa78b5bc50, 0x000001fa78b6d640,
0x000001fa51b62660, 0x000001fa51b60b20, 0x000001fa51e02570, 0x000001fa5340c760,
0x000001fa583ac430, 0x000001fa581ab410, 0x000001fa580ac120, 0x000001fa539fff90,
0x000001fa5880cdb0, 0x000001fa586bfcf0, 0x000001fa585eb320, 0x000001fa58a031c0,
0x000001fa58a03850, 0x000001fa58a05290, 0x000001fa51b60450, 0x000001fa51b5efe0,
0x000001fa58a04570, 0x000001fa58a04c00, 0x000001fa58a05920, 0x000001fa58a05fb0,
0x000001fa58a06640, 0x000001fa5b1731c0, 0x000001fa5b1703d0, 0x000001fa5b172b30,
0x000001fa5b170a60, 0x000001fa5b1710f0, 0x000001fa5b171780, 0x000001fa5b171e10,
0x000001fa5b1724a0, 0x000001fa5b16fd40, 0x000001fa5b176cd0, 0x000001fa5b175290,
0x000001fa5b176640, 0x000001fa5b175920, 0x000001fa5b173850, 0x000001fa5b177360,
0x000001fa5b173ee0, 0x000001fa5b175fb0, 0x000001fa5b174570, 0x000001fa5b174c00,
0x000001fa5cc3be90, 0x000001fa5adf10f0, 0x000001fa5cc3df60, 0x000001fa5cc3aae0,
0x000001fa5cc3e5f0, 0x000001fa5cc3b170, 0x000001fa5cc3ec80, 0x000001fa5cc3b800,
0x000001fa5cc3f310, 0x000001fa5cc3f9a0, 0x000001fa5cc3c520, 0x000001fa5cc40030,
0x000001fa5cc40d50, 0x000001fa5cc413e0, 0x000001fa5cc406c0, 0x000001fa5cc41a70,
0x000001fa5cc42100, 0x000001fa5adef5b0
}

Java Threads: ( => current thread )
  0x000001fa76679750 JavaThread "main"                              [_thread_blocked, id=22996, stack(0x0000007cbb800000,0x0000007cbb900000) (1024K)]
  0x000001fa0f5f7c80 JavaThread "Reference Handler"          daemon [_thread_blocked, id=12464, stack(0x0000007cbbc00000,0x0000007cbbd00000) (1024K)]
  0x000001fa0f5fc910 JavaThread "Finalizer"                  daemon [_thread_blocked, id=2432, stack(0x0000007cbbd00000,0x0000007cbbe00000) (1024K)]
  0x000001fa78b55fb0 JavaThread "Signal Dispatcher"          daemon [_thread_blocked, id=17192, stack(0x0000007cbbe00000,0x0000007cbbf00000) (1024K)]
  0x000001fa78b568a0 JavaThread "Attach Listener"            daemon [_thread_blocked, id=23516, stack(0x0000007cbbf00000,0x0000007cbc000000) (1024K)]
  0x000001fa78b58020 JavaThread "Service Thread"             daemon [_thread_blocked, id=9276, stack(0x0000007cbc000000,0x0000007cbc100000) (1024K)]
  0x000001fa78b5bc50 JavaThread "Monitor Deflation Thread"   daemon [_thread_blocked, id=21364, stack(0x0000007cbc100000,0x0000007cbc200000) (1024K)]
  0x000001fa78b6d640 JavaThread "C2 CompilerThread0"         daemon [_thread_in_native, id=23800, stack(0x0000007cbc200000,0x0000007cbc300000) (1024K)]
  0x000001fa51b62660 JavaThread "C1 CompilerThread0"         daemon [_thread_blocked, id=24388, stack(0x0000007cbc300000,0x0000007cbc400000) (1024K)]
  0x000001fa51b60b20 JavaThread "C1 CompilerThread1"         daemon [_thread_blocked, id=5636, stack(0x0000007cbc400000,0x0000007cbc500000) (1024K)]
  0x000001fa51e02570 JavaThread "Common-Cleaner"             daemon [_thread_blocked, id=23280, stack(0x0000007cbc700000,0x0000007cbc800000) (1024K)]
  0x000001fa5340c760 JavaThread "Notification Thread"        daemon [_thread_blocked, id=23056, stack(0x0000007cbc900000,0x0000007cbca00000) (1024K)]
  0x000001fa583ac430 JavaThread "Active Thread: Equinox Container: 50527caf-8e2c-48c2-a782-beb06f157fff"        [_thread_blocked, id=23948, stack(0x0000007cbd200000,0x0000007cbd300000) (1024K)]
  0x000001fa581ab410 JavaThread "Refresh Thread: Equinox Container: 50527caf-8e2c-48c2-a782-beb06f157fff" daemon [_thread_blocked, id=24520, stack(0x0000007cbd400000,0x0000007cbd500000) (1024K)]
  0x000001fa580ac120 JavaThread "Framework Event Dispatcher: Equinox Container: 50527caf-8e2c-48c2-a782-beb06f157fff" daemon [_thread_blocked, id=11908, stack(0x0000007cbd500000,0x0000007cbd600000) (1024K)]
  0x000001fa539fff90 JavaThread "Start Level: Equinox Container: 50527caf-8e2c-48c2-a782-beb06f157fff" daemon [_thread_blocked, id=21420, stack(0x0000007cbd600000,0x0000007cbd700000) (1024K)]
  0x000001fa5880cdb0 JavaThread "Bundle File Closer"         daemon [_thread_blocked, id=23752, stack(0x0000007cbcb00000,0x0000007cbcc00000) (1024K)]
  0x000001fa586bfcf0 JavaThread "SCR Component Actor"        daemon [_thread_blocked, id=18216, stack(0x0000007cbc500000,0x0000007cbc600000) (1024K)]
  0x000001fa585eb320 JavaThread "Worker-JM"                         [_thread_blocked, id=24376, stack(0x0000007cbda00000,0x0000007cbdb00000) (1024K)]
  0x000001fa58a031c0 JavaThread "JNA Cleaner"                daemon [_thread_blocked, id=23732, stack(0x0000007cbc600000,0x0000007cbc700000) (1024K)]
  0x000001fa58a03850 JavaThread "Worker-0"                          [_thread_blocked, id=24340, stack(0x0000007cbc800000,0x0000007cbc900000) (1024K)]
  0x000001fa58a05290 JavaThread "Worker-1"                          [_thread_blocked, id=10840, stack(0x0000007cbdc00000,0x0000007cbdd00000) (1024K)]
=>0x000001fa51b60450 JavaThread "C2 CompilerThread1"         daemon [_thread_in_native, id=19884, stack(0x0000007cbdd00000,0x0000007cbde00000) (1024K)]
  0x000001fa51b5efe0 JavaThread "C2 CompilerThread2"         daemon [_thread_in_native, id=1232, stack(0x0000007cbe000000,0x0000007cbe100000) (1024K)]
  0x000001fa58a04570 JavaThread "Java indexing"              daemon [_thread_blocked, id=13644, stack(0x0000007cbe100000,0x0000007cbe200000) (1024K)]
  0x000001fa58a04c00 JavaThread "Worker-2: Publish Diagnostics"        [_thread_in_Java, id=5840, stack(0x0000007cbe600000,0x0000007cbe700000) (1024K)]
  0x000001fa58a05920 JavaThread "Worker-3"                          [_thread_blocked, id=12664, stack(0x0000007cbe700000,0x0000007cbe800000) (1024K)]
  0x000001fa58a05fb0 JavaThread "Worker-4"                          [_thread_blocked, id=21012, stack(0x0000007cbe800000,0x0000007cbe900000) (1024K)]
  0x000001fa58a06640 JavaThread "Thread-1"                   daemon [_thread_in_native, id=5072, stack(0x0000007cbe900000,0x0000007cbea00000) (1024K)]
  0x000001fa5b1731c0 JavaThread "Thread-2"                   daemon [_thread_in_native, id=6740, stack(0x0000007cbea00000,0x0000007cbeb00000) (1024K)]
  0x000001fa5b1703d0 JavaThread "Thread-3"                   daemon [_thread_in_native, id=19168, stack(0x0000007cbeb00000,0x0000007cbec00000) (1024K)]
  0x000001fa5b172b30 JavaThread "Thread-4"                   daemon [_thread_in_native, id=16220, stack(0x0000007cbec00000,0x0000007cbed00000) (1024K)]
  0x000001fa5b170a60 JavaThread "Thread-5"                   daemon [_thread_in_native, id=7736, stack(0x0000007cbed00000,0x0000007cbee00000) (1024K)]
  0x000001fa5b1710f0 JavaThread "Thread-6"                   daemon [_thread_in_native, id=23072, stack(0x0000007cbee00000,0x0000007cbef00000) (1024K)]
  0x000001fa5b171780 JavaThread "Thread-7"                   daemon [_thread_in_native, id=21104, stack(0x0000007cbef00000,0x0000007cbf000000) (1024K)]
  0x000001fa5b171e10 JavaThread "Thread-8"                   daemon [_thread_in_native, id=14260, stack(0x0000007cbf000000,0x0000007cbf100000) (1024K)]
  0x000001fa5b1724a0 JavaThread "Thread-9"                   daemon [_thread_in_native, id=20300, stack(0x0000007cbf100000,0x0000007cbf200000) (1024K)]
  0x000001fa5b16fd40 JavaThread "Thread-10"                  daemon [_thread_in_native, id=6328, stack(0x0000007cbf200000,0x0000007cbf300000) (1024K)]
  0x000001fa5b176cd0 JavaThread "Thread-11"                  daemon [_thread_in_native, id=18996, stack(0x0000007cbf300000,0x0000007cbf400000) (1024K)]
  0x000001fa5b175290 JavaThread "Thread-12"                  daemon [_thread_in_native, id=17668, stack(0x0000007cbf400000,0x0000007cbf500000) (1024K)]
  0x000001fa5b176640 JavaThread "Thread-13"                  daemon [_thread_in_native, id=12632, stack(0x0000007cbf500000,0x0000007cbf600000) (1024K)]
  0x000001fa5b175920 JavaThread "Thread-14"                  daemon [_thread_in_native, id=19832, stack(0x0000007cbf600000,0x0000007cbf700000) (1024K)]
  0x000001fa5b173850 JavaThread "Thread-15"                  daemon [_thread_in_native, id=19808, stack(0x0000007cbf700000,0x0000007cbf800000) (1024K)]
  0x000001fa5b177360 JavaThread "Thread-16"                  daemon [_thread_in_native, id=3928, stack(0x0000007cbf800000,0x0000007cbf900000) (1024K)]
  0x000001fa5b173ee0 JavaThread "Thread-17"                  daemon [_thread_in_native, id=20580, stack(0x0000007cbf900000,0x0000007cbfa00000) (1024K)]
  0x000001fa5b175fb0 JavaThread "pool-2-thread-1"                   [_thread_blocked, id=11004, stack(0x0000007cbfa00000,0x0000007cbfb00000) (1024K)]
  0x000001fa5b174570 JavaThread "WorkspaceEventsHandler"            [_thread_blocked, id=21208, stack(0x0000007cbfb00000,0x0000007cbfc00000) (1024K)]
  0x000001fa5b174c00 JavaThread "pool-1-thread-1"                   [_thread_blocked, id=9616, stack(0x0000007cbfc00000,0x0000007cbfd00000) (1024K)]
  0x000001fa5cc3be90 JavaThread "Worker-5"                          [_thread_blocked, id=5860, stack(0x0000007cbfd00000,0x0000007cbfe00000) (1024K)]
  0x000001fa5adf10f0 JavaThread "C2 CompilerThread3"         daemon [_thread_in_native, id=11172, stack(0x0000007cbe200000,0x0000007cbe300000) (1024K)]
  0x000001fa5cc3df60 JavaThread "ForkJoinPool.commonPool-worker-1" daemon [_thread_blocked, id=10720, stack(0x0000007cbe300000,0x0000007cbe400000) (1024K)]
  0x000001fa5cc3aae0 JavaThread "ForkJoinPool.commonPool-worker-2" daemon [_thread_in_vm, id=18724, stack(0x0000007cbfe00000,0x0000007cbff00000) (1024K)]
  0x000001fa5cc3e5f0 JavaThread "ForkJoinPool.commonPool-worker-3" daemon [_thread_blocked, id=20976, stack(0x0000007cbff00000,0x0000007cc0000000) (1024K)]
  0x000001fa5cc3b170 JavaThread "ForkJoinPool.commonPool-worker-4" daemon [_thread_blocked, id=20588, stack(0x0000007cc0000000,0x0000007cc0100000) (1024K)]
  0x000001fa5cc3ec80 JavaThread "ForkJoinPool.commonPool-worker-5" daemon [_thread_blocked, id=24572, stack(0x0000007cc0100000,0x0000007cc0200000) (1024K)]
  0x000001fa5cc3b800 JavaThread "ForkJoinPool.commonPool-worker-6" daemon [_thread_blocked, id=9660, stack(0x0000007cc0200000,0x0000007cc0300000) (1024K)]
  0x000001fa5cc3f310 JavaThread "ForkJoinPool.commonPool-worker-7" daemon [_thread_in_native, id=21100, stack(0x0000007cc0300000,0x0000007cc0400000) (1024K)]
  0x000001fa5cc3f9a0 JavaThread "ForkJoinPool.commonPool-worker-8" daemon [_thread_blocked, id=1756, stack(0x0000007cc0400000,0x0000007cc0500000) (1024K)]
  0x000001fa5cc3c520 JavaThread "ForkJoinPool.commonPool-worker-9" daemon [_thread_blocked, id=16752, stack(0x0000007cc0500000,0x0000007cc0600000) (1024K)]
  0x000001fa5cc40030 JavaThread "ForkJoinPool.commonPool-worker-10" daemon [_thread_blocked, id=23764, stack(0x0000007cc0600000,0x0000007cc0700000) (1024K)]
  0x000001fa5cc40d50 JavaThread "ForkJoinPool.commonPool-worker-11" daemon [_thread_blocked, id=1480, stack(0x0000007cc0700000,0x0000007cc0800000) (1024K)]
  0x000001fa5cc413e0 JavaThread "ForkJoinPool.commonPool-worker-12" daemon [_thread_blocked, id=13128, stack(0x0000007cc0800000,0x0000007cc0900000) (1024K)]
  0x000001fa5cc406c0 JavaThread "ForkJoinPool.commonPool-worker-13" daemon [_thread_blocked, id=5188, stack(0x0000007cc0900000,0x0000007cc0a00000) (1024K)]
  0x000001fa5cc41a70 JavaThread "ForkJoinPool.commonPool-worker-14" daemon [_thread_blocked, id=21892, stack(0x0000007cc0a00000,0x0000007cc0b00000) (1024K)]
  0x000001fa5cc42100 JavaThread "ForkJoinPool.commonPool-worker-15" daemon [_thread_blocked, id=18128, stack(0x0000007cc0b00000,0x0000007cc0c00000) (1024K)]
  0x000001fa5adef5b0 JavaThread "C2 CompilerThread4"         daemon [_thread_in_native, id=10828, stack(0x0000007cc0c00000,0x0000007cc0d00000) (1024K)]
Total: 66

Other Threads:
  0x000001fa0f5e1d60 VMThread "VM Thread"                           [id=19504, stack(0x0000007cbbb00000,0x0000007cbbc00000) (1024K)]
  0x000001fa78b1c890 WatcherThread "VM Periodic Task Thread"        [id=15896, stack(0x0000007cbba00000,0x0000007cbbb00000) (1024K)]
  0x000001fa78acdbf0 WorkerThread "GC Thread#0"                     [id=20816, stack(0x0000007cbb900000,0x0000007cbba00000) (1024K)]
  0x000001fa5820d980 WorkerThread "GC Thread#1"                     [id=20556, stack(0x0000007cbcc00000,0x0000007cbcd00000) (1024K)]
  0x000001fa580a4590 WorkerThread "GC Thread#2"                     [id=2220, stack(0x0000007cbcd00000,0x0000007cbce00000) (1024K)]
  0x000001fa5342f2f0 WorkerThread "GC Thread#3"                     [id=24052, stack(0x0000007cbce00000,0x0000007cbcf00000) (1024K)]
  0x000001fa53b570b0 WorkerThread "GC Thread#4"                     [id=23836, stack(0x0000007cbcf00000,0x0000007cbd000000) (1024K)]
  0x000001fa53b57460 WorkerThread "GC Thread#5"                     [id=13744, stack(0x0000007cbd000000,0x0000007cbd100000) (1024K)]
  0x000001fa58054170 WorkerThread "GC Thread#6"                     [id=24252, stack(0x0000007cbd100000,0x0000007cbd200000) (1024K)]
  0x000001fa58055790 WorkerThread "GC Thread#7"                     [id=13060, stack(0x0000007cbd300000,0x0000007cbd400000) (1024K)]
  0x000001fa58055030 WorkerThread "GC Thread#8"                     [id=2620, stack(0x0000007cbd700000,0x0000007cbd800000) (1024K)]
  0x000001fa580553e0 WorkerThread "GC Thread#9"                     [id=24440, stack(0x0000007cbd800000,0x0000007cbd900000) (1024K)]
  0x000001fa58055b40 WorkerThread "GC Thread#10"                    [id=16488, stack(0x0000007cbd900000,0x0000007cbda00000) (1024K)]
  0x000001fa58bdb200 WorkerThread "GC Thread#11"                    [id=20224, stack(0x0000007cbca00000,0x0000007cbcb00000) (1024K)]
  0x000001fa58bda6f0 WorkerThread "GC Thread#12"                    [id=21588, stack(0x0000007cbdb00000,0x0000007cbdc00000) (1024K)]
Total: 15

Threads with active compile tasks:
C2 CompilerThread0  18886 13434       4       lombok.eclipse.handlers.EclipseHandlerUtil::getAccessorsForField (160 bytes)
C2 CompilerThread1  18886 11911   !   4       lombok.core.FieldAugment$ReflectionFieldAugment::getAndSet (80 bytes)
C2 CompilerThread2  18886 13425       4       org.eclipse.jdt.internal.compiler.lookup.LookupEnvironment::getCachedType0 (112 bytes)
C2 CompilerThread3  18886 13443 % !   4       org.eclipse.jdt.internal.compiler.parser.Parser::parse @ 52 (950 bytes)
C2 CompilerThread4  18886 13432       4       lombok.eclipse.handlers.EclipseHandlerUtil::findCopyableAnnotations (243 bytes)
Total: 5

VM state: not at safepoint (normal execution)

VM Mutex/Monitor currently owned by a thread: None

Heap address: 0x0000000080000000, size: 2048 MB, Compressed Oops mode: 32-bit

CDS archive(s) mapped at: [0x000001fa10000000-0x000001fa10ba0000-0x000001fa10ba0000), size 12189696, SharedBaseAddress: 0x000001fa10000000, ArchiveRelocationMode: 1.
Compressed class space mapped at: 0x000001fa11000000-0x000001fa51000000, reserved size: 1073741824
Narrow klass base: 0x000001fa10000000, Narrow klass shift: 0, Narrow klass range: 0x100000000

GC Precious Log:
 CardTable entry size: 512
 CPUs: 16 total, 16 available
 Memory: 16085M
 Large Page Support: Disabled
 NUMA Support: Disabled
 Compressed Oops: Enabled (32-bit)
 Alignments: Space 512K, Generation 512K, Heap 2M
 Heap Min Capacity: 100M
 Heap Initial Capacity: 100M
 Heap Max Capacity: 2G
 Pre-touch: Disabled
 Parallel Workers: 13

Heap:
 PSYoungGen      total 18432K, used 7462K [0x00000000d5580000, 0x00000000d6c80000, 0x0000000100000000)
  eden space 16384K, 33% used [0x00000000d5580000,0x00000000d5acdb30,0x00000000d6580000)
  from space 2048K, 99% used [0x00000000d6680000,0x00000000d687c030,0x00000000d6880000)
  to   space 3584K, 0% used [0x00000000d6900000,0x00000000d6900000,0x00000000d6c80000)
 ParOldGen       total 120320K, used 120295K [0x0000000080000000, 0x0000000087580000, 0x00000000d5580000)
  object space 120320K, 99% used [0x0000000080000000,0x0000000087579fc0,0x0000000087580000)
 Metaspace       used 67226K, committed 68672K, reserved 1114112K
  class space    used 6978K, committed 7616K, reserved 1048576K

Card table byte_map: [0x000001fa78450000,0x000001fa78860000] _byte_map_base: 0x000001fa78050000

Marking Bits: (ParMarkBitMap*) 0x00007ff8656e3450
 Begin Bits: [0x000001fa7bf60000, 0x000001fa7df60000)
 End Bits:   [0x000001fa7df60000, 0x000001fa7ff60000)

Polling page: 0x000001fa768c0000

Metaspace:

Usage:
  Non-class:     58.84 MB used.
      Class:      6.82 MB used.
       Both:     65.65 MB used.

Virtual space:
  Non-class space:       64.00 MB reserved,      59.62 MB ( 93%) committed,  1 nodes.
      Class space:        1.00 GB reserved,       7.44 MB ( <1%) committed,  1 nodes.
             Both:        1.06 GB reserved,      67.06 MB (  6%) committed. 

Chunk freelists:
   Non-Class:  3.77 MB
       Class:  8.52 MB
        Both:  12.28 MB

MaxMetaspaceSize: unlimited
CompressedClassSpaceSize: 1.00 GB
Initial GC threshold: 21.00 MB
Current GC threshold: 97.81 MB
CDS: on
 - commit_granule_bytes: 65536.
 - commit_granule_words: 8192.
 - virtual_space_node_default_size: 8388608.
 - enlarge_chunks_in_place: 1.
 - use_allocation_guard: 0.


Internal statistics:

num_allocs_failed_limit: 17.
num_arena_births: 1342.
num_arena_deaths: 14.
num_vsnodes_births: 2.
num_vsnodes_deaths: 0.
num_space_committed: 1073.
num_space_uncommitted: 0.
num_chunks_returned_to_freelist: 31.
num_chunks_taken_from_freelist: 4725.
num_chunk_merges: 16.
num_chunk_splits: 2800.
num_chunks_enlarged: 1442.
num_inconsistent_stats: 0.

CodeHeap 'non-profiled nmethods': size=119168Kb used=8671Kb max_used=8671Kb free=110496Kb
 bounds [0x000001fa07ba0000, 0x000001fa08420000, 0x000001fa0f000000]
CodeHeap 'profiled nmethods': size=119104Kb used=28683Kb max_used=28683Kb free=90420Kb
 bounds [0x000001fa00000000, 0x000001fa01c10000, 0x000001fa07450000]
CodeHeap 'non-nmethods': size=7488Kb used=2013Kb max_used=3240Kb free=5474Kb
 bounds [0x000001fa07450000, 0x000001fa077d0000, 0x000001fa07ba0000]
CodeCache: size=245760Kb, used=39367Kb, max_used=40594Kb, free=206390Kb
 total_blobs=13355, nmethods=12598, adapters=660, full_count=0
Compilation: enabled, stopped_count=0, restarted_count=0

Compilation events (20 events):
Event: 17.848 Thread 0x000001fa51b5efe0 nmethod 13426 0x000001fa0840da90 code [0x000001fa0840dd20, 0x000001fa0840e400]
Event: 17.848 Thread 0x000001fa51b60b20 nmethod 13453 0x000001fa0840e990 code [0x000001fa0840eb20, 0x000001fa0840ebe8]
Event: 17.851 Thread 0x000001fa51b5efe0 13439       4       java.util.HashSet::add (20 bytes)
Event: 17.852 Thread 0x000001fa51b60b20 13454       3       org.eclipse.jdt.internal.compiler.ast.Assignment::<init> (40 bytes)
Event: 17.853 Thread 0x000001fa51b60b20 nmethod 13454 0x000001fa01bf4290 code [0x000001fa01bf4440, 0x000001fa01bf4718]
Event: 17.853 Thread 0x000001fa5adf10f0 13443 % !   4       org.eclipse.jdt.internal.compiler.parser.Parser::parse @ 52 (950 bytes)
Event: 17.856 Thread 0x000001fa51b60b20 13455       2       lombok.core.TypeLibrary::<init> (90 bytes)
Event: 17.856 Thread 0x000001fa51b60b20 nmethod 13455 0x000001fa01bf4890 code [0x000001fa01bf4a80, 0x000001fa01bf4e50]
Event: 17.857 Thread 0x000001fa51b5f6b0 13456       3       lombok.eclipse.handlers.SetGeneratedByVisitor::visit (22 bytes)
Event: 17.858 Thread 0x000001fa51b5f6b0 nmethod 13456 0x000001fa01bf5090 code [0x000001fa01bf5260, 0x000001fa01bf5568]
Event: 17.860 Thread 0x000001fa51b611f0 13457       2       org.eclipse.jdt.internal.compiler.parser.Parser::flushCommentsDefinedPriorTo (244 bytes)
Event: 17.861 Thread 0x000001fa51b60b20 13458       2       java.net.URI::hashIgnoringCase (45 bytes)
Event: 17.861 Thread 0x000001fa51b5f6b0 13459       2       java.net.URI::hash (33 bytes)
Event: 17.861 Thread 0x000001fa51b611f0 nmethod 13457 0x000001fa01bf5790 code [0x000001fa01bf59a0, 0x000001fa01bf5e68]
Event: 17.861 Thread 0x000001fa51b5f6b0 nmethod 13459 0x000001fa01bf6190 code [0x000001fa01bf6360, 0x000001fa01bf6538]
Event: 17.862 Thread 0x000001fa51b60b20 nmethod 13458 0x000001fa01bf6690 code [0x000001fa01bf6840, 0x000001fa01bf6b10]
Event: 17.862 Thread 0x000001fa51b62660 13461       3       lombok.eclipse.handlers.EclipseHandlerUtil::injectMethod (250 bytes)
Event: 17.864 Thread 0x000001fa51b62660 nmethod 13461 0x000001fa01bf6d90 code [0x000001fa01bf70c0, 0x000001fa01bf8ca8]
Event: 17.866 Thread 0x000001fa51b62660 13462       3       lombok.eclipse.handlers.EclipseHandlerUtil::methodExists (280 bytes)
Event: 17.867 Thread 0x000001fa51b62660 nmethod 13462 0x000001fa01bf9410 code [0x000001fa01bf96e0, 0x000001fa01bfa9e8]

GC Heap History (20 events):
Event: 15.965 GC heap before
{Heap before GC invocations=144 (full 3):
 PSYoungGen      total 19968K, used 19922K [0x00000000d5580000, 0x00000000d6c00000, 0x0000000100000000)
  eden space 18432K, 99% used [0x00000000d5580000,0x00000000d677cba8,0x00000000d6780000)
  from space 1536K, 97% used [0x00000000d6a80000,0x00000000d6bf8040,0x00000000d6c00000)
  to   space 2048K, 0% used [0x00000000d6800000,0x00000000d6800000,0x00000000d6a00000)
 ParOldGen       total 105984K, used 105516K [0x0000000080000000, 0x0000000086780000, 0x00000000d5580000)
  object space 105984K, 99% used [0x0000000080000000,0x000000008670b038,0x0000000086780000)
 Metaspace       used 63474K, committed 64960K, reserved 1114112K
  class space    used 6674K, committed 7296K, reserved 1048576K
}
Event: 15.968 GC heap after
{Heap after GC invocations=144 (full 3):
 PSYoungGen      total 20480K, used 1680K [0x00000000d5580000, 0x00000000d6b80000, 0x0000000100000000)
  eden space 18432K, 0% used [0x00000000d5580000,0x00000000d5580000,0x00000000d6780000)
  from space 2048K, 82% used [0x00000000d6800000,0x00000000d69a4050,0x00000000d6a00000)
  to   space 1536K, 0% used [0x00000000d6a00000,0x00000000d6a00000,0x00000000d6b80000)
 ParOldGen       total 107008K, used 106820K [0x0000000080000000, 0x0000000086880000, 0x00000000d5580000)
  object space 107008K, 99% used [0x0000000080000000,0x0000000086851088,0x0000000086880000)
 Metaspace       used 63474K, committed 64960K, reserved 1114112K
  class space    used 6674K, committed 7296K, reserved 1048576K
}
Event: 16.005 GC heap before
{Heap before GC invocations=145 (full 3):
 PSYoungGen      total 20480K, used 20112K [0x00000000d5580000, 0x00000000d6b80000, 0x0000000100000000)
  eden space 18432K, 100% used [0x00000000d5580000,0x00000000d6780000,0x00000000d6780000)
  from space 2048K, 82% used [0x00000000d6800000,0x00000000d69a4050,0x00000000d6a00000)
  to   space 1536K, 0% used [0x00000000d6a00000,0x00000000d6a00000,0x00000000d6b80000)
 ParOldGen       total 107008K, used 106820K [0x0000000080000000, 0x0000000086880000, 0x00000000d5580000)
  object space 107008K, 99% used [0x0000000080000000,0x0000000086851088,0x0000000086880000)
 Metaspace       used 63623K, committed 65088K, reserved 1114112K
  class space    used 6683K, committed 7296K, reserved 1048576K
}
Event: 16.007 GC heap after
{Heap after GC invocations=145 (full 3):
 PSYoungGen      total 18944K, used 1524K [0x00000000d5580000, 0x00000000d6e80000, 0x0000000100000000)
  eden space 17408K, 0% used [0x00000000d5580000,0x00000000d5580000,0x00000000d6680000)
  from space 1536K, 99% used [0x00000000d6a00000,0x00000000d6b7d220,0x00000000d6b80000)
  to   space 3584K, 0% used [0x00000000d6680000,0x00000000d6680000,0x00000000d6a00000)
 ParOldGen       total 108544K, used 108244K [0x0000000080000000, 0x0000000086a00000, 0x00000000d5580000)
  object space 108544K, 99% used [0x0000000080000000,0x00000000869b5168,0x0000000086a00000)
 Metaspace       used 63623K, committed 65088K, reserved 1114112K
  class space    used 6683K, committed 7296K, reserved 1048576K
}
Event: 16.041 GC heap before
{Heap before GC invocations=146 (full 3):
 PSYoungGen      total 18944K, used 18932K [0x00000000d5580000, 0x00000000d6e80000, 0x0000000100000000)
  eden space 17408K, 100% used [0x00000000d5580000,0x00000000d6680000,0x00000000d6680000)
  from space 1536K, 99% used [0x00000000d6a00000,0x00000000d6b7d220,0x00000000d6b80000)
  to   space 3584K, 0% used [0x00000000d6680000,0x00000000d6680000,0x00000000d6a00000)
 ParOldGen       total 108544K, used 108244K [0x0000000080000000, 0x0000000086a00000, 0x00000000d5580000)
  object space 108544K, 99% used [0x0000000080000000,0x00000000869b5168,0x0000000086a00000)
 Metaspace       used 63675K, committed 65216K, reserved 1114112K
  class space    used 6684K, committed 7360K, reserved 1048576K
}
Event: 16.044 GC heap after
{Heap after GC invocations=146 (full 3):
 PSYoungGen      total 19456K, used 1824K [0x00000000d5580000, 0x00000000d6b80000, 0x0000000100000000)
  eden space 17408K, 0% used [0x00000000d5580000,0x00000000d5580000,0x00000000d6680000)
  from space 2048K, 89% used [0x00000000d6680000,0x00000000d6848000,0x00000000d6880000)
  to   space 2560K, 0% used [0x00000000d6900000,0x00000000d6900000,0x00000000d6b80000)
 ParOldGen       total 109568K, used 109419K [0x0000000080000000, 0x0000000086b00000, 0x00000000d5580000)
  object space 109568K, 99% used [0x0000000080000000,0x0000000086adacc8,0x0000000086b00000)
 Metaspace       used 63675K, committed 65216K, reserved 1114112K
  class space    used 6684K, committed 7360K, reserved 1048576K
}
Event: 16.080 GC heap before
{Heap before GC invocations=147 (full 3):
 PSYoungGen      total 19456K, used 19232K [0x00000000d5580000, 0x00000000d6b80000, 0x0000000100000000)
  eden space 17408K, 100% used [0x00000000d5580000,0x00000000d6680000,0x00000000d6680000)
  from space 2048K, 89% used [0x00000000d6680000,0x00000000d6848000,0x00000000d6880000)
  to   space 2560K, 0% used [0x00000000d6900000,0x00000000d6900000,0x00000000d6b80000)
 ParOldGen       total 109568K, used 109419K [0x0000000080000000, 0x0000000086b00000, 0x00000000d5580000)
  object space 109568K, 99% used [0x0000000080000000,0x0000000086adacc8,0x0000000086b00000)
 Metaspace       used 63840K, committed 65344K, reserved 1114112K
  class space    used 6692K, committed 7360K, reserved 1048576K
}
Event: 16.082 GC heap after
{Heap after GC invocations=147 (full 3):
 PSYoungGen      total 18944K, used 1216K [0x00000000d5580000, 0x00000000d6a80000, 0x0000000100000000)
  eden space 17408K, 0% used [0x00000000d5580000,0x00000000d5580000,0x00000000d6680000)
  from space 1536K, 79% used [0x00000000d6900000,0x00000000d6a30000,0x00000000d6a80000)
  to   space 1536K, 0% used [0x00000000d6780000,0x00000000d6780000,0x00000000d6900000)
 ParOldGen       total 110592K, used 110323K [0x0000000080000000, 0x0000000086c00000, 0x00000000d5580000)
  object space 110592K, 99% used [0x0000000080000000,0x0000000086bbcd28,0x0000000086c00000)
 Metaspace       used 63840K, committed 65344K, reserved 1114112K
  class space    used 6692K, committed 7360K, reserved 1048576K
}
Event: 16.115 GC heap before
{Heap before GC invocations=148 (full 3):
 PSYoungGen      total 18944K, used 18624K [0x00000000d5580000, 0x00000000d6a80000, 0x0000000100000000)
  eden space 17408K, 100% used [0x00000000d5580000,0x00000000d6680000,0x00000000d6680000)
  from space 1536K, 79% used [0x00000000d6900000,0x00000000d6a30000,0x00000000d6a80000)
  to   space 1536K, 0% used [0x00000000d6780000,0x00000000d6780000,0x00000000d6900000)
 ParOldGen       total 110592K, used 110323K [0x0000000080000000, 0x0000000086c00000, 0x00000000d5580000)
  object space 110592K, 99% used [0x0000000080000000,0x0000000086bbcd28,0x0000000086c00000)
 Metaspace       used 64024K, committed 65472K, reserved 1114112K
  class space    used 6712K, committed 7360K, reserved 1048576K
}
Event: 16.117 GC heap after
{Heap after GC invocations=148 (full 3):
 PSYoungGen      total 18944K, used 1530K [0x00000000d5580000, 0x00000000d6d80000, 0x0000000100000000)
  eden space 17408K, 0% used [0x00000000d5580000,0x00000000d5580000,0x00000000d6680000)
  from space 1536K, 99% used [0x00000000d6780000,0x00000000d68fe900,0x00000000d6900000)
  to   space 3584K, 0% used [0x00000000d6a00000,0x00000000d6a00000,0x00000000d6d80000)
 ParOldGen       total 111616K, used 111612K [0x0000000080000000, 0x0000000086d00000, 0x00000000d5580000)
  object space 111616K, 99% used [0x0000000080000000,0x0000000086cff2a8,0x0000000086d00000)
 Metaspace       used 64024K, committed 65472K, reserved 1114112K
  class space    used 6712K, committed 7360K, reserved 1048576K
}
Event: 16.176 GC heap before
{Heap before GC invocations=149 (full 3):
 PSYoungGen      total 18944K, used 18938K [0x00000000d5580000, 0x00000000d6d80000, 0x0000000100000000)
  eden space 17408K, 100% used [0x00000000d5580000,0x00000000d6680000,0x00000000d6680000)
  from space 1536K, 99% used [0x00000000d6780000,0x00000000d68fe900,0x00000000d6900000)
  to   space 3584K, 0% used [0x00000000d6a00000,0x00000000d6a00000,0x00000000d6d80000)
 ParOldGen       total 111616K, used 111612K [0x0000000080000000, 0x0000000086d00000, 0x00000000d5580000)
  object space 111616K, 99% used [0x0000000080000000,0x0000000086cff2a8,0x0000000086d00000)
 Metaspace       used 64148K, committed 65600K, reserved 1114112K
  class space    used 6727K, committed 7360K, reserved 1048576K
}
Event: 16.179 GC heap after
{Heap after GC invocations=149 (full 3):
 PSYoungGen      total 19456K, used 1680K [0x00000000d5580000, 0x00000000d6c00000, 0x0000000100000000)
  eden space 17408K, 0% used [0x00000000d5580000,0x00000000d5580000,0x00000000d6680000)
  from space 2048K, 82% used [0x00000000d6a00000,0x00000000d6ba4010,0x00000000d6c00000)
  to   space 2560K, 0% used [0x00000000d6700000,0x00000000d6700000,0x00000000d6980000)
 ParOldGen       total 113152K, used 112676K [0x0000000080000000, 0x0000000086e80000, 0x00000000d5580000)
  object space 113152K, 99% used [0x0000000080000000,0x0000000086e092e8,0x0000000086e80000)
 Metaspace       used 64148K, committed 65600K, reserved 1114112K
  class space    used 6727K, committed 7360K, reserved 1048576K
}
Event: 16.238 GC heap before
{Heap before GC invocations=150 (full 3):
 PSYoungGen      total 19456K, used 19088K [0x00000000d5580000, 0x00000000d6c00000, 0x0000000100000000)
  eden space 17408K, 100% used [0x00000000d5580000,0x00000000d6680000,0x00000000d6680000)
  from space 2048K, 82% used [0x00000000d6a00000,0x00000000d6ba4010,0x00000000d6c00000)
  to   space 2560K, 0% used [0x00000000d6700000,0x00000000d6700000,0x00000000d6980000)
 ParOldGen       total 113152K, used 112676K [0x0000000080000000, 0x0000000086e80000, 0x00000000d5580000)
  object space 113152K, 99% used [0x0000000080000000,0x0000000086e092e8,0x0000000086e80000)
 Metaspace       used 64390K, committed 65792K, reserved 1114112K
  class space    used 6737K, committed 7360K, reserved 1048576K
}
Event: 16.241 GC heap after
{Heap after GC invocations=150 (full 3):
 PSYoungGen      total 19456K, used 1909K [0x00000000d5580000, 0x00000000d6a80000, 0x0000000100000000)
  eden space 17408K, 0% used [0x00000000d5580000,0x00000000d5580000,0x00000000d6680000)
  from space 2048K, 93% used [0x00000000d6700000,0x00000000d68dd7a8,0x00000000d6900000)
  to   space 1536K, 0% used [0x00000000d6900000,0x00000000d6900000,0x00000000d6a80000)
 ParOldGen       total 114176K, used 113956K [0x0000000080000000, 0x0000000086f80000, 0x00000000d5580000)
  object space 114176K, 99% used [0x0000000080000000,0x0000000086f49308,0x0000000086f80000)
 Metaspace       used 64390K, committed 65792K, reserved 1114112K
  class space    used 6737K, committed 7360K, reserved 1048576K
}
Event: 16.474 GC heap before
{Heap before GC invocations=151 (full 3):
 PSYoungGen      total 19456K, used 19317K [0x00000000d5580000, 0x00000000d6a80000, 0x0000000100000000)
  eden space 17408K, 99% used [0x00000000d5580000,0x00000000d667fff8,0x00000000d6680000)
  from space 2048K, 93% used [0x00000000d6700000,0x00000000d68dd7a8,0x00000000d6900000)
  to   space 1536K, 0% used [0x00000000d6900000,0x00000000d6900000,0x00000000d6a80000)
 ParOldGen       total 114176K, used 113956K [0x0000000080000000, 0x0000000086f80000, 0x00000000d5580000)
  object space 114176K, 99% used [0x0000000080000000,0x0000000086f49308,0x0000000086f80000)
 Metaspace       used 65090K, committed 66560K, reserved 1114112K
  class space    used 6791K, committed 7424K, reserved 1048576K
}
Event: 16.479 GC heap after
{Heap after GC invocations=151 (full 3):
 PSYoungGen      total 17920K, used 1522K [0x00000000d5580000, 0x00000000d6d80000, 0x0000000100000000)
  eden space 16384K, 0% used [0x00000000d5580000,0x00000000d5580000,0x00000000d6580000)
  from space 1536K, 99% used [0x00000000d6900000,0x00000000d6a7c948,0x00000000d6a80000)
  to   space 3584K, 0% used [0x00000000d6580000,0x00000000d6580000,0x00000000d6900000)
 ParOldGen       total 115712K, used 115583K [0x0000000080000000, 0x0000000087100000, 0x00000000d5580000)
  object space 115712K, 99% used [0x0000000080000000,0x00000000870dff10,0x0000000087100000)
 Metaspace       used 65090K, committed 66560K, reserved 1114112K
  class space    used 6791K, committed 7424K, reserved 1048576K
}
Event: 17.717 GC heap before
{Heap before GC invocations=152 (full 3):
 PSYoungGen      total 17920K, used 17906K [0x00000000d5580000, 0x00000000d6d80000, 0x0000000100000000)
  eden space 16384K, 100% used [0x00000000d5580000,0x00000000d6580000,0x00000000d6580000)
  from space 1536K, 99% used [0x00000000d6900000,0x00000000d6a7c948,0x00000000d6a80000)
  to   space 3584K, 0% used [0x00000000d6580000,0x00000000d6580000,0x00000000d6900000)
 ParOldGen       total 115712K, used 115583K [0x0000000080000000, 0x0000000087100000, 0x00000000d5580000)
  object space 115712K, 99% used [0x0000000080000000,0x00000000870dff10,0x0000000087100000)
 Metaspace       used 66257K, committed 67776K, reserved 1114112K
  class space    used 6908K, committed 7552K, reserved 1048576K
}
Event: 17.720 GC heap after
{Heap after GC invocations=152 (full 3):
 PSYoungGen      total 18944K, used 2392K [0x00000000d5580000, 0x00000000d6b80000, 0x0000000100000000)
  eden space 16384K, 0% used [0x00000000d5580000,0x00000000d5580000,0x00000000d6580000)
  from space 2560K, 93% used [0x00000000d6580000,0x00000000d67d6138,0x00000000d6800000)
  to   space 3072K, 0% used [0x00000000d6880000,0x00000000d6880000,0x00000000d6b80000)
 ParOldGen       total 117248K, used 117092K [0x0000000080000000, 0x0000000087280000, 0x00000000d5580000)
  object space 117248K, 99% used [0x0000000080000000,0x0000000087259010,0x0000000087280000)
 Metaspace       used 66257K, committed 67776K, reserved 1114112K
  class space    used 6908K, committed 7552K, reserved 1048576K
}
Event: 17.790 GC heap before
{Heap before GC invocations=153 (full 3):
 PSYoungGen      total 18944K, used 18776K [0x00000000d5580000, 0x00000000d6b80000, 0x0000000100000000)
  eden space 16384K, 100% used [0x00000000d5580000,0x00000000d6580000,0x00000000d6580000)
  from space 2560K, 93% used [0x00000000d6580000,0x00000000d67d6138,0x00000000d6800000)
  to   space 3072K, 0% used [0x00000000d6880000,0x00000000d6880000,0x00000000d6b80000)
 ParOldGen       total 117248K, used 117092K [0x0000000080000000, 0x0000000087280000, 0x00000000d5580000)
  object space 117248K, 99% used [0x0000000080000000,0x0000000087259010,0x0000000087280000)
 Metaspace       used 66913K, committed 68416K, reserved 1114112K
  class space    used 6954K, committed 7616K, reserved 1048576K
}
Event: 17.792 GC heap after
{Heap after GC invocations=153 (full 3):
 PSYoungGen      total 18432K, used 1660K [0x00000000d5580000, 0x00000000d6a80000, 0x0000000100000000)
  eden space 16384K, 0% used [0x00000000d5580000,0x00000000d5580000,0x00000000d6580000)
  from space 2048K, 81% used [0x00000000d6880000,0x00000000d6a1f0c8,0x00000000d6a80000)
  to   space 2048K, 0% used [0x00000000d6680000,0x00000000d6680000,0x00000000d6880000)
 ParOldGen       total 119296K, used 119234K [0x0000000080000000, 0x0000000087480000, 0x00000000d5580000)
  object space 119296K, 99% used [0x0000000080000000,0x0000000087470b08,0x0000000087480000)
 Metaspace       used 66913K, committed 68416K, reserved 1114112K
  class space    used 6954K, committed 7616K, reserved 1048576K
}

Dll operation events (10 events):
Event: 0.014 Loaded shared library c:\Users\huyho\.kiro\extensions\redhat.java-1.54.0-win32-x64\jre\21.0.10-win32-x86_64\bin\java.dll
Event: 0.042 Loaded shared library c:\Users\huyho\.kiro\extensions\redhat.java-1.54.0-win32-x64\jre\21.0.10-win32-x86_64\bin\zip.dll
Event: 0.106 Loaded shared library C:\Users\huyho\.kiro\extensions\redhat.java-1.54.0-win32-x64\jre\21.0.10-win32-x86_64\bin\instrument.dll
Event: 0.113 Loaded shared library C:\Users\huyho\.kiro\extensions\redhat.java-1.54.0-win32-x64\jre\21.0.10-win32-x86_64\bin\net.dll
Event: 0.115 Loaded shared library C:\Users\huyho\.kiro\extensions\redhat.java-1.54.0-win32-x64\jre\21.0.10-win32-x86_64\bin\nio.dll
Event: 0.120 Loaded shared library C:\Users\huyho\.kiro\extensions\redhat.java-1.54.0-win32-x64\jre\21.0.10-win32-x86_64\bin\zip.dll
Event: 0.142 Loaded shared library C:\Users\huyho\.kiro\extensions\redhat.java-1.54.0-win32-x64\jre\21.0.10-win32-x86_64\bin\jimage.dll
Event: 0.232 Loaded shared library c:\Users\huyho\.kiro\extensions\redhat.java-1.54.0-win32-x64\jre\21.0.10-win32-x86_64\bin\verify.dll
Event: 1.256 Loaded shared library C:\Users\huyho\AppData\Roaming\Kiro\User\globalStorage\redhat.java\1.54.0\config_win\org.eclipse.equinox.launcher\org.eclipse.equinox.launcher.win32.win32.x86_64_1.3.0.v20260203-2149\eclipse_11919.dll
Event: 4.914 Loaded shared library C:\Users\huyho\AppData\Local\Temp\jna-99651347\jna3701537039616980071.dll

Deoptimization events (20 events):
Event: 17.842 Thread 0x000001fa5cc3aae0 DEOPT PACKING pc=0x000001fa00a8c948 sp=0x0000007cbfefd290
Event: 17.842 Thread 0x000001fa5cc3aae0 DEOPT UNPACKING pc=0x000001fa074a78e2 sp=0x0000007cbfefc748 mode 0
Event: 17.844 Thread 0x000001fa58a04c00 DEOPT PACKING pc=0x000001fa0185355a sp=0x0000007cbe6fc2a0
Event: 17.844 Thread 0x000001fa58a04c00 DEOPT UNPACKING pc=0x000001fa074a78e2 sp=0x0000007cbe6fb7a0 mode 0
Event: 17.844 Thread 0x000001fa58a04c00 DEOPT PACKING pc=0x000001fa0181d06f sp=0x0000007cbe6fc470
Event: 17.844 Thread 0x000001fa58a04c00 DEOPT UNPACKING pc=0x000001fa074a78e2 sp=0x0000007cbe6fb980 mode 0
Event: 17.848 Thread 0x000001fa58a04c00 DEOPT PACKING pc=0x000001fa0181d06f sp=0x0000007cbe6fc5f0
Event: 17.848 Thread 0x000001fa58a04c00 DEOPT UNPACKING pc=0x000001fa074a78e2 sp=0x0000007cbe6fbb00 mode 0
Event: 17.850 Thread 0x000001fa58a04c00 DEOPT PACKING pc=0x000001fa0185355a sp=0x0000007cbe6fc210
Event: 17.850 Thread 0x000001fa58a04c00 DEOPT UNPACKING pc=0x000001fa074a78e2 sp=0x0000007cbe6fb710 mode 0
Event: 17.853 Thread 0x000001fa58a04c00 DEOPT PACKING pc=0x000001fa0185355a sp=0x0000007cbe6fc210
Event: 17.853 Thread 0x000001fa58a04c00 DEOPT UNPACKING pc=0x000001fa074a78e2 sp=0x0000007cbe6fb710 mode 0
Event: 17.856 Thread 0x000001fa58a04c00 DEOPT PACKING pc=0x000001fa0181d06f sp=0x0000007cbe6fc7d0
Event: 17.856 Thread 0x000001fa58a04c00 DEOPT UNPACKING pc=0x000001fa074a78e2 sp=0x0000007cbe6fbce8 mode 0
Event: 17.862 Thread 0x000001fa58a04c00 DEOPT PACKING pc=0x000001fa0181d06f sp=0x0000007cbe6fc9e0
Event: 17.862 Thread 0x000001fa58a04c00 DEOPT UNPACKING pc=0x000001fa074a78e2 sp=0x0000007cbe6fbef8 mode 0
Event: 17.865 Thread 0x000001fa58a04c00 DEOPT PACKING pc=0x000001fa0181d06f sp=0x0000007cbe6fc3e0
Event: 17.866 Thread 0x000001fa58a04c00 DEOPT UNPACKING pc=0x000001fa074a78e2 sp=0x0000007cbe6fb8f0 mode 0
Event: 17.866 Thread 0x000001fa58a04c00 DEOPT PACKING pc=0x000001fa01861b87 sp=0x0000007cbe6fc760
Event: 17.866 Thread 0x000001fa58a04c00 DEOPT UNPACKING pc=0x000001fa074a78e2 sp=0x0000007cbe6fbbf0 mode 0

Classes loaded (20 events):
Event: 12.466 Loading class java/util/concurrent/ForkJoinTask$AdaptedCallable
Event: 12.466 Loading class java/util/concurrent/ForkJoinTask$AdaptedCallable done
Event: 12.590 Loading class java/util/Hashtable$KeySet
Event: 12.590 Loading class java/util/Hashtable$KeySet done
Event: 12.869 Loading class java/lang/UnsupportedClassVersionError
Event: 12.869 Loading class java/lang/UnsupportedClassVersionError done
Event: 13.929 Loading class java/util/regex/Pattern$End
Event: 13.929 Loading class java/util/regex/Pattern$End done
Event: 14.434 Loading class java/lang/StringUTF16$LinesSpliterator
Event: 14.434 Loading class java/lang/StringUTF16$LinesSpliterator done
Event: 15.592 Loading class java/util/stream/ReduceOps$4
Event: 15.593 Loading class java/util/stream/ReduceOps$4 done
Event: 15.593 Loading class java/util/stream/ReduceOps$4ReducingSink
Event: 15.594 Loading class java/util/stream/ReduceOps$4ReducingSink done
Event: 15.991 Loading class sun/nio/cs/ISO_8859_1$Decoder
Event: 15.991 Loading class sun/nio/cs/ISO_8859_1$Decoder done
Event: 16.241 Loading class java/lang/StringLatin1$LinesSpliterator
Event: 16.242 Loading class java/lang/StringLatin1$LinesSpliterator done
Event: 17.847 Loading class java/lang/invoke/MethodHandleImpl$CountingWrapper$1
Event: 17.847 Loading class java/lang/invoke/MethodHandleImpl$CountingWrapper$1 done

Classes unloaded (7 events):
Event: 5.540 Thread 0x000001fa0f5e1d60 Unloading class 0x000001fa111ad000 'java/lang/invoke/LambdaForm$MH+0x000001fa111ad000'
Event: 5.540 Thread 0x000001fa0f5e1d60 Unloading class 0x000001fa111acc00 'java/lang/invoke/LambdaForm$MH+0x000001fa111acc00'
Event: 5.540 Thread 0x000001fa0f5e1d60 Unloading class 0x000001fa111ac800 'java/lang/invoke/LambdaForm$MH+0x000001fa111ac800'
Event: 5.540 Thread 0x000001fa0f5e1d60 Unloading class 0x000001fa111ac400 'java/lang/invoke/LambdaForm$MH+0x000001fa111ac400'
Event: 5.540 Thread 0x000001fa0f5e1d60 Unloading class 0x000001fa111ac000 'java/lang/invoke/LambdaForm$BMH+0x000001fa111ac000'
Event: 5.540 Thread 0x000001fa0f5e1d60 Unloading class 0x000001fa111abc00 'java/lang/invoke/LambdaForm$DMH+0x000001fa111abc00'
Event: 5.540 Thread 0x000001fa0f5e1d60 Unloading class 0x000001fa111aac00 'java/lang/invoke/LambdaForm$DMH+0x000001fa111aac00'

Classes redefined (0 events):
No events

Internal exceptions (20 events):
Event: 15.602 Thread 0x000001fa5cc3df60 Exception <a 'java/lang/NoSuchMethodError'{0x00000000d5b3a208}: 'int java.lang.invoke.DirectMethodHandle$Holder.invokeSpecialIFC(java.lang.Object, java.lang.Object, java.lang.Object)'> (0x00000000d5b3a208) 
thrown [s\src\hotspot\share\interpreter\linkResolver.cpp, line 773]
Event: 15.602 Thread 0x000001fa5cc3aae0 Exception <a 'java/lang/NoSuchMethodError'{0x00000000d5b82f88}: 'int java.lang.invoke.DirectMethodHandle$Holder.invokeSpecialIFC(java.lang.Object, java.lang.Object, java.lang.Object)'> (0x00000000d5b82f88) 
thrown [s\src\hotspot\share\interpreter\linkResolver.cpp, line 773]
Event: 15.602 Thread 0x000001fa5cc3ec80 Exception <a 'java/lang/NoSuchMethodError'{0x00000000d5b26f60}: 'int java.lang.invoke.DirectMethodHandle$Holder.invokeSpecialIFC(java.lang.Object, java.lang.Object, java.lang.Object)'> (0x00000000d5b26f60) 
thrown [s\src\hotspot\share\interpreter\linkResolver.cpp, line 773]
Event: 15.603 Thread 0x000001fa58a04c00 Exception <a 'java/lang/NoSuchMethodError'{0x00000000d5bb75c8}: 'int java.lang.invoke.DirectMethodHandle$Holder.invokeSpecialIFC(java.lang.Object, java.lang.Object, java.lang.Object)'> (0x00000000d5bb75c8) 
thrown [s\src\hotspot\share\interpreter\linkResolver.cpp, line 773]
Event: 15.625 Thread 0x000001fa5cc3aae0 Implicit null exception at 0x000001fa082151cf to 0x000001fa0821539c
Event: 15.625 Thread 0x000001fa58a04c00 Implicit null exception at 0x000001fa082151cf to 0x000001fa0821539c
Event: 15.625 Thread 0x000001fa5cc3ec80 Implicit null exception at 0x000001fa082151cf to 0x000001fa0821539c
Event: 16.368 Thread 0x000001fa5cc3aae0 Exception <a 'java/lang/LinkageError'{0x00000000d6089780}: loader lombok.launch.ShadowClassLoader @317205e6 attempted duplicate class definition for lombok.launch.PatchFixesHider$Val. (lombok.launch.PatchFixesHider$Val is in unnamed module of loader lombok.launch.ShadowClassLoader @317205e6, parent loader org.eclipse.osgi.internal.loader.EquinoxClassLoader @79e2d51f)> (0x00000000d6089780) 
thrown [s\src\hotspot\share\classfile\systemDictionary.cpp, line 1672]
Event: 16.368 Thread 0x000001fa5cc3ec80 Exception <a 'java/lang/LinkageError'{0x00000000d603e998}: loader lombok.launch.ShadowClassLoader @317205e6 attempted duplicate class definition for lombok.launch.PatchFixesHider$Val. (lombok.launch.PatchFixesHider$Val is in unnamed module of loader lombok.launch.ShadowClassLoader @317205e6, parent loader org.eclipse.osgi.internal.loader.EquinoxClassLoader @79e2d51f)> (0x00000000d603e998) 
thrown [s\src\hotspot\share\classfile\systemDictionary.cpp, line 1672]
Event: 16.399 Thread 0x000001fa5cc3ec80 Exception <a 'java/lang/LinkageError'{0x00000000d62889b0}: loader lombok.launch.ShadowClassLoader @317205e6 attempted duplicate class definition for lombok.launch.PatchFixesHider$ExtensionMethod. (lombok.launch.PatchFixesHider$ExtensionMethod is in unnamed module of loader lombok.launch.ShadowClassLoader @317205e6, parent loader org.eclipse.osgi.internal.loader.EquinoxClassLoader @79e2d51f)> (0x00000000d62889b0) 
thrown [s\src\hotspot\share\classfile\systemDictionary.cpp, line 1672]
Event: 16.400 Thread 0x000001fa5cc3aae0 Exception <a 'java/lang/LinkageError'{0x00000000d62d31b0}: loader lombok.launch.ShadowClassLoader @317205e6 attempted duplicate class definition for lombok.launch.PatchFixesHider$ExtensionMethod. (lombok.launch.PatchFixesHider$ExtensionMethod is in unnamed module of loader lombok.launch.ShadowClassLoader @317205e6, parent loader org.eclipse.osgi.internal.loader.EquinoxClassLoader @79e2d51f)> (0x00000000d62d31b0) 
thrown [s\src\hotspot\share\classfile\systemDictionary.cpp, line 1672]
Event: 16.464 Thread 0x000001fa5cc3aae0 Exception <a 'java/lang/NoSuchMethodError'{0x00000000d6588868}: 'java.lang.Object java.lang.invoke.DirectMethodHandle$Holder.invokeStatic(java.lang.Object, java.lang.Object, int, java.lang.Object, java.lang.Object)'> (0x00000000d6588868) 
thrown [s\src\hotspot\share\interpreter\linkResolver.cpp, line 773]
Event: 16.464 Thread 0x000001fa5cc3ec80 Exception <a 'java/lang/NoSuchMethodError'{0x00000000d6593c50}: 'java.lang.Object java.lang.invoke.DirectMethodHandle$Holder.invokeStatic(java.lang.Object, java.lang.Object, int, java.lang.Object, java.lang.Object)'> (0x00000000d6593c50) 
thrown [s\src\hotspot\share\interpreter\linkResolver.cpp, line 773]
Event: 16.464 Thread 0x000001fa58a04c00 Exception <a 'java/lang/NoSuchMethodError'{0x00000000d657c338}: 'java.lang.Object java.lang.invoke.DirectMethodHandle$Holder.invokeStatic(java.lang.Object, java.lang.Object, int, java.lang.Object, java.lang.Object)'> (0x00000000d657c338) 
thrown [s\src\hotspot\share\interpreter\linkResolver.cpp, line 773]
Event: 16.560 Thread 0x000001fa5cc3f310 Exception <a 'sun/nio/fs/WindowsException'{0x00000000d59ff978}> (0x00000000d59ff978) 
thrown [s\src\hotspot\share\prims\jni.cpp, line 520]
Event: 16.561 Thread 0x000001fa5cc3f310 Exception <a 'sun/nio/fs/WindowsException'{0x00000000d5a00108}> (0x00000000d5a00108) 
thrown [s\src\hotspot\share\prims\jni.cpp, line 520]
Event: 16.619 Thread 0x000001fa5cc3ec80 Exception <a 'java/lang/LinkageError'{0x00000000d5e431d8}: loader lombok.launch.ShadowClassLoader @50dcba78 attempted duplicate class definition for lombok.launch.PatchFixesHider$ValPortal. (lombok.launch.PatchFixesHider$ValPortal is in unnamed module of loader lombok.launch.ShadowClassLoader @50dcba78, parent loader org.eclipse.osgi.internal.loader.EquinoxClassLoader @e6a2ed7)> (0x00000000d5e431d8) 
thrown [s\src\hotspot\share\classfile\systemDictionary.cpp, line 1672]
Event: 16.656 Thread 0x000001fa58a04c00 Exception <a 'java/io/FileNotFoundException'{0x00000000d60963c0}> (0x00000000d60963c0) 
thrown [s\src\hotspot\share\prims\jni.cpp, line 520]
Event: 16.657 Thread 0x000001fa58a04c00 Exception <a 'java/io/FileNotFoundException'{0x00000000d60974a8}> (0x00000000d60974a8) 
thrown [s\src\hotspot\share\prims\jni.cpp, line 520]
Event: 16.657 Thread 0x000001fa58a04c00 Exception <a 'java/io/FileNotFoundException'{0x00000000d6098210}> (0x00000000d6098210) 
thrown [s\src\hotspot\share\prims\jni.cpp, line 520]

ZGC Phase Switch (0 events):
No events

VM Operations (20 events):
Event: 16.299 Executing non-safepoint VM operation: HandshakeAllThreads (Deoptimize) done
Event: 16.347 Executing safepoint VM operation: ICBufferFull
Event: 16.348 Executing safepoint VM operation: ICBufferFull done
Event: 16.461 Executing non-safepoint VM operation: HandshakeAllThreads (Deoptimize)
Event: 16.461 Executing non-safepoint VM operation: HandshakeAllThreads (Deoptimize) done
Event: 16.474 Executing safepoint VM operation: ParallelGCFailedAllocation (Allocation Failure)
Event: 16.479 Executing safepoint VM operation: ParallelGCFailedAllocation (Allocation Failure) done
Event: 16.538 Executing non-safepoint VM operation: HandshakeAllThreads (Deoptimize)
Event: 16.538 Executing non-safepoint VM operation: HandshakeAllThreads (Deoptimize) done
Event: 16.547 Executing non-safepoint VM operation: HandshakeAllThreads (Deoptimize)
Event: 16.547 Executing non-safepoint VM operation: HandshakeAllThreads (Deoptimize) done
Event: 16.673 Executing safepoint VM operation: ICBufferFull
Event: 16.688 Executing safepoint VM operation: ICBufferFull done
Event: 17.689 Executing safepoint VM operation: Cleanup
Event: 17.713 Executing safepoint VM operation: Cleanup done
Event: 17.717 Executing safepoint VM operation: ParallelGCFailedAllocation (Allocation Failure)
Event: 17.720 Executing safepoint VM operation: ParallelGCFailedAllocation (Allocation Failure) done
Event: 17.790 Executing safepoint VM operation: ParallelGCFailedAllocation (Allocation Failure)
Event: 17.792 Executing safepoint VM operation: ParallelGCFailedAllocation (Allocation Failure) done
Event: 17.867 Executing safepoint VM operation: ParallelGCFailedAllocation (Allocation Failure)

Memory protections (0 events):
No events

Nmethod flushes (20 events):
Event: 12.993 Thread 0x000001fa0f5e1d60 flushing  nmethod 0x000001fa009d9690
Event: 12.993 Thread 0x000001fa0f5e1d60 flushing  nmethod 0x000001fa009d9c90
Event: 12.993 Thread 0x000001fa0f5e1d60 flushing  nmethod 0x000001fa009da390
Event: 12.993 Thread 0x000001fa0f5e1d60 flushing  nmethod 0x000001fa009dac10
Event: 12.993 Thread 0x000001fa0f5e1d60 flushing  nmethod 0x000001fa009daf90
Event: 12.993 Thread 0x000001fa0f5e1d60 flushing  nmethod 0x000001fa009dca10
Event: 12.993 Thread 0x000001fa0f5e1d60 flushing  nmethod 0x000001fa009ee290
Event: 12.993 Thread 0x000001fa0f5e1d60 flushing  nmethod 0x000001fa009f4c10
Event: 12.993 Thread 0x000001fa0f5e1d60 flushing  nmethod 0x000001fa009fbb10
Event: 12.993 Thread 0x000001fa0f5e1d60 flushing  nmethod 0x000001fa00a0b310
Event: 12.993 Thread 0x000001fa0f5e1d60 flushing  nmethod 0x000001fa00a19110
Event: 12.993 Thread 0x000001fa0f5e1d60 flushing osr nmethod 0x000001fa00a56c10
Event: 12.993 Thread 0x000001fa0f5e1d60 flushing  nmethod 0x000001fa00a77110
Event: 12.993 Thread 0x000001fa0f5e1d60 flushing  nmethod 0x000001fa00ab3990
Event: 12.993 Thread 0x000001fa0f5e1d60 flushing  nmethod 0x000001fa00ab4390
Event: 12.993 Thread 0x000001fa0f5e1d60 flushing  nmethod 0x000001fa00ab5e90
Event: 12.993 Thread 0x000001fa0f5e1d60 flushing  nmethod 0x000001fa00ab6310
Event: 12.993 Thread 0x000001fa0f5e1d60 flushing  nmethod 0x000001fa00ab8610
Event: 12.993 Thread 0x000001fa0f5e1d60 flushing  nmethod 0x000001fa00abad90
Event: 12.993 Thread 0x000001fa0f5e1d60 flushing  nmethod 0x000001fa00ac6610

Events (20 events):
Event: 12.469 Thread 0x000001fa58a03850 Thread added: 0x000001fa5cc3f310
Event: 12.469 Thread 0x000001fa5b174c00 Thread added: 0x000001fa5cc3f9a0
Event: 12.470 Thread 0x000001fa5cc3b800 Thread added: 0x000001fa5cc3c520
Event: 12.475 Thread 0x000001fa5cc3f9a0 Thread added: 0x000001fa5cc40030
Event: 12.477 Thread 0x000001fa5cc3c520 Thread added: 0x000001fa5cc40d50
Event: 12.485 Thread 0x000001fa5cc40030 Thread added: 0x000001fa5cc413e0
Event: 12.485 Thread 0x000001fa5cc40d50 Thread added: 0x000001fa5cc406c0
Event: 12.486 Thread 0x000001fa5cc413e0 Thread added: 0x000001fa5cc41a70
Event: 12.487 Thread 0x000001fa5cc406c0 Thread added: 0x000001fa5cc42100
Event: 12.495 Thread 0x000001fa5adf10f0 Thread added: 0x000001fa5adef5b0
Event: 15.568 Thread 0x000001fa5cc3f310 Thread added: 0x000001fa5b4cc280
Event: 15.568 Thread 0x000001fa5cc3f310 Thread added: 0x000001fa5b4cbbf0
Event: 15.569 Thread 0x000001fa5cc3f310 Thread added: 0x000001fa5b4cc910
Event: 15.573 Thread 0x000001fa5cc3f310 Thread added: 0x000001fa5b4ce350
Event: 15.573 Thread 0x000001fa5cc3f310 Thread added: 0x000001fa5b4caed0
Event: 16.263 Thread 0x000001fa5b4cbbf0 Thread exited: 0x000001fa5b4cbbf0
Event: 16.263 Thread 0x000001fa5b4cc910 Thread exited: 0x000001fa5b4cc910
Event: 16.263 Thread 0x000001fa5b4ce350 Thread exited: 0x000001fa5b4ce350
Event: 16.263 Thread 0x000001fa5b4cc280 Thread exited: 0x000001fa5b4cc280
Event: 16.263 Thread 0x000001fa5b4caed0 Thread exited: 0x000001fa5b4caed0


Dynamic libraries:
0x00007ff7a4e30000 - 0x00007ff7a4e3e000 	c:\Users\huyho\.kiro\extensions\redhat.java-1.54.0-win32-x64\jre\21.0.10-win32-x86_64\bin\java.exe
0x00007ff957de0000 - 0x00007ff958047000 	C:\WINDOWS\SYSTEM32\ntdll.dll
0x00007ff957710000 - 0x00007ff9577d9000 	C:\WINDOWS\System32\KERNEL32.DLL
0x00007ff9555e0000 - 0x00007ff9559d7000 	C:\WINDOWS\System32\KERNELBASE.dll
0x00007ff9549a0000 - 0x00007ff954aeb000 	C:\WINDOWS\System32\ucrtbase.dll
0x00007ff908240000 - 0x00007ff90825e000 	c:\Users\huyho\.kiro\extensions\redhat.java-1.54.0-win32-x64\jre\21.0.10-win32-x86_64\bin\VCRUNTIME140.dll
0x00007ff90e190000 - 0x00007ff90e1a8000 	c:\Users\huyho\.kiro\extensions\redhat.java-1.54.0-win32-x64\jre\21.0.10-win32-x86_64\bin\jli.dll
0x00007ff9563b0000 - 0x00007ff956576000 	C:\WINDOWS\System32\USER32.dll
0x00007ff954970000 - 0x00007ff954997000 	C:\WINDOWS\System32\win32u.dll
0x00007ff93c3b0000 - 0x00007ff93c642000 	C:\WINDOWS\WinSxS\amd64_microsoft.windows.common-controls_6595b64144ccf1df_6.0.26100.8457_none_3e0b2faee331e92d\COMCTL32.dll
0x00007ff9577e0000 - 0x00007ff95780b000 	C:\WINDOWS\System32\GDI32.dll
0x00007ff9554b0000 - 0x00007ff9555dc000 	C:\WINDOWS\System32\gdi32full.dll
0x00007ff954810000 - 0x00007ff9548b3000 	C:\WINDOWS\System32\msvcp_win.dll
0x00007ff957c70000 - 0x00007ff957d19000 	C:\WINDOWS\System32\msvcrt.dll
0x00007ff957870000 - 0x00007ff9578a2000 	C:\WINDOWS\System32\IMM32.DLL
0x00007ff91d6c0000 - 0x00007ff91d6cc000 	c:\Users\huyho\.kiro\extensions\redhat.java-1.54.0-win32-x64\jre\21.0.10-win32-x86_64\bin\vcruntime140_1.dll
0x00007ff8fb060000 - 0x00007ff8fb0ed000 	c:\Users\huyho\.kiro\extensions\redhat.java-1.54.0-win32-x64\jre\21.0.10-win32-x86_64\bin\msvcp140.dll
0x00007ff864a20000 - 0x00007ff8657c1000 	c:\Users\huyho\.kiro\extensions\redhat.java-1.54.0-win32-x64\jre\21.0.10-win32-x86_64\bin\server\jvm.dll
0x00007ff956580000 - 0x00007ff956636000 	C:\WINDOWS\System32\ADVAPI32.dll
0x00007ff957bc0000 - 0x00007ff957c67000 	C:\WINDOWS\System32\sechost.dll
0x00007ff955b60000 - 0x00007ff955c78000 	C:\WINDOWS\System32\RPCRT4.dll
0x00007ff9568b0000 - 0x00007ff956930000 	C:\WINDOWS\System32\WS2_32.dll
0x00007ff954670000 - 0x00007ff9546ce000 	C:\WINDOWS\SYSTEM32\POWRPROF.dll
0x00007ff94c870000 - 0x00007ff94c87b000 	C:\WINDOWS\SYSTEM32\VERSION.dll
0x00007ff9428f0000 - 0x00007ff942926000 	C:\WINDOWS\SYSTEM32\WINMM.dll
0x00007ff954650000 - 0x00007ff954664000 	C:\WINDOWS\SYSTEM32\UMPDC.dll
0x00007ff953560000 - 0x00007ff95357b000 	C:\WINDOWS\SYSTEM32\kernel.appcore.dll
0x00007ff91b610000 - 0x00007ff91b61a000 	c:\Users\huyho\.kiro\extensions\redhat.java-1.54.0-win32-x64\jre\21.0.10-win32-x86_64\bin\jimage.dll
0x00007ff952770000 - 0x00007ff9529b2000 	C:\WINDOWS\SYSTEM32\DBGHELP.DLL
0x00007ff956950000 - 0x00007ff956cd3000 	C:\WINDOWS\System32\combase.dll
0x00007ff955ca0000 - 0x00007ff955d79000 	C:\WINDOWS\System32\OLEAUT32.dll
0x00007ff939d20000 - 0x00007ff939d5b000 	C:\WINDOWS\SYSTEM32\dbgcore.DLL
0x00007ff9548c0000 - 0x00007ff954968000 	C:\WINDOWS\System32\bcryptPrimitives.dll
0x00007ff91d6f0000 - 0x00007ff91d6ff000 	c:\Users\huyho\.kiro\extensions\redhat.java-1.54.0-win32-x64\jre\21.0.10-win32-x86_64\bin\instrument.dll
0x00007ff902d70000 - 0x00007ff902d90000 	c:\Users\huyho\.kiro\extensions\redhat.java-1.54.0-win32-x64\jre\21.0.10-win32-x86_64\bin\java.dll
0x00007ff956ce0000 - 0x00007ff95744e000 	C:\WINDOWS\System32\SHELL32.dll
0x00007ff954b80000 - 0x00007ff9553ec000 	C:\WINDOWS\System32\windows.storage.dll
0x00007ff957610000 - 0x00007ff957706000 	C:\WINDOWS\System32\SHCORE.dll
0x00007ff957d30000 - 0x00007ff957d96000 	C:\WINDOWS\System32\shlwapi.dll
0x00007ff954730000 - 0x00007ff954759000 	C:\WINDOWS\SYSTEM32\profapi.dll
0x00007ff8fc200000 - 0x00007ff8fc218000 	c:\Users\huyho\.kiro\extensions\redhat.java-1.54.0-win32-x64\jre\21.0.10-win32-x86_64\bin\zip.dll
0x00007ff91d6e0000 - 0x00007ff91d6f0000 	C:\Users\huyho\.kiro\extensions\redhat.java-1.54.0-win32-x64\jre\21.0.10-win32-x86_64\bin\net.dll
0x00007ff94d4d0000 - 0x00007ff94d5f9000 	C:\WINDOWS\SYSTEM32\WINHTTP.dll
0x00007ff953ac0000 - 0x00007ff953b2c000 	C:\WINDOWS\system32\mswsock.dll
0x00007ff91cbd0000 - 0x00007ff91cbe6000 	C:\Users\huyho\.kiro\extensions\redhat.java-1.54.0-win32-x64\jre\21.0.10-win32-x86_64\bin\nio.dll
0x00007ff91d6d0000 - 0x00007ff91d6e0000 	c:\Users\huyho\.kiro\extensions\redhat.java-1.54.0-win32-x64\jre\21.0.10-win32-x86_64\bin\verify.dll
0x00007ff903740000 - 0x00007ff903785000 	C:\Users\huyho\AppData\Roaming\Kiro\User\globalStorage\redhat.java\1.54.0\config_win\org.eclipse.equinox.launcher\org.eclipse.equinox.launcher.win32.win32.x86_64_1.3.0.v20260203-2149\eclipse_11919.dll
0x00007ff9578b0000 - 0x00007ff957a47000 	C:\WINDOWS\System32\ole32.dll
0x00007ff953d50000 - 0x00007ff953d6b000 	C:\WINDOWS\SYSTEM32\CRYPTSP.dll
0x00007ff9534c0000 - 0x00007ff9534f9000 	C:\WINDOWS\system32\rsaenh.dll
0x00007ff953b70000 - 0x00007ff953ba3000 	C:\WINDOWS\SYSTEM32\USERENV.dll
0x00007ff954700000 - 0x00007ff95472a000 	C:\WINDOWS\SYSTEM32\bcrypt.dll
0x00007ff953d70000 - 0x00007ff953d7c000 	C:\WINDOWS\SYSTEM32\CRYPTBASE.dll
0x00007ff952f50000 - 0x00007ff952f82000 	C:\WINDOWS\SYSTEM32\IPHLPAPI.DLL
0x00007ff9568a0000 - 0x00007ff9568aa000 	C:\WINDOWS\System32\NSI.dll
0x00007ff9036f0000 - 0x00007ff903739000 	C:\Users\huyho\AppData\Local\Temp\jna-99651347\jna3701537039616980071.dll
0x00007ff9563a0000 - 0x00007ff9563a8000 	C:\WINDOWS\System32\PSAPI.DLL
0x00007ff94d2b0000 - 0x00007ff94d2cd000 	C:\WINDOWS\SYSTEM32\dhcpcsvc6.DLL
0x00007ff94d280000 - 0x00007ff94d2a5000 	C:\WINDOWS\SYSTEM32\dhcpcsvc.DLL

JVMTI agents:
c:\Users\huyho\.kiro\extensions\redhat.java-1.54.0-win32-x64\lombok\lombok-1.18.39-4050.jar path:c:\Users\huyho\.kiro\extensions\redhat.java-1.54.0-win32-x64\jre\21.0.10-win32-x86_64\bin\instrument.dll, loaded, initialized, instrumentlib options:none

dbghelp: loaded successfully - version: 4.0.5 - missing functions: none
symbol engine: initialized successfully - sym options: 0x614 - pdb path: .;c:\Users\huyho\.kiro\extensions\redhat.java-1.54.0-win32-x64\jre\21.0.10-win32-x86_64\bin;C:\WINDOWS\SYSTEM32;C:\WINDOWS\WinSxS\amd64_microsoft.windows.common-controls_6595b64144ccf1df_6.0.26100.8457_none_3e0b2faee331e92d;c:\Users\huyho\.kiro\extensions\redhat.java-1.54.0-win32-x64\jre\21.0.10-win32-x86_64\bin\server;C:\Users\huyho\AppData\Roaming\Kiro\User\globalStorage\redhat.java\1.54.0\config_win\org.eclipse.equinox.launcher\org.eclipse.equinox.launcher.win32.win32.x86_64_1.3.0.v20260203-2149;C:\Users\huyho\AppData\Local\Temp\jna-99651347

VM Arguments:
jvm_args: --add-modules=ALL-SYSTEM --add-opens=java.base/java.util=ALL-UNNAMED --add-opens=java.base/java.lang=ALL-UNNAMED --add-opens=java.base/sun.nio.fs=ALL-UNNAMED -Declipse.application=org.eclipse.jdt.ls.core.id1 -Dosgi.bundles.defaultStartLevel=4 -Declipse.product=org.eclipse.jdt.ls.core.product -Djava.import.generatesMetadataFilesAtProjectRoot=false -DDetectVMInstallationsJob.disabled=true -Dfile.encoding=utf8 -XX:+UseParallelGC -XX:GCTimeRatio=4 -XX:AdaptiveSizePolicyWeight=90 -Dsun.zip.disableMemoryMapping=true -Xmx2G -Xms100m -Xlog:disable -javaagent:c:\Users\huyho\.kiro\extensions\redhat.java-1.54.0-win32-x64\lombok\lombok-1.18.39-4050.jar -XX:+HeapDumpOnOutOfMemoryError -XX:HeapDumpPath=c:\Users\huyho\AppData\Roaming\Kiro\User\workspaceStorage\5e15e38d29a15d48525ca3e64bc0a6cd\redhat.java -Daether.dependencyCollector.impl=bf 
java_command: c:\Users\huyho\.kiro\extensions\redhat.java-1.54.0-win32-x64\server\plugins\org.eclipse.equinox.launcher_1.7.100.v20251111-0406.jar -configuration c:\Users\huyho\AppData\Roaming\Kiro\User\globalStorage\redhat.java\1.54.0\config_win -data c:\Users\huyho\AppData\Roaming\Kiro\User\workspaceStorage\5e15e38d29a15d48525ca3e64bc0a6cd\redhat.java\jdt_ws --pipe=\\.\pipe\lsp-20e52ae9d68d6d2e1db628e01092c129-sock
java_class_path (initial): c:\Users\huyho\.kiro\extensions\redhat.java-1.54.0-win32-x64\server\plugins\org.eclipse.equinox.launcher_1.7.100.v20251111-0406.jar
Launcher Type: SUN_STANDARD

[Global flags]
    uintx AdaptiveSizePolicyWeight                 = 90                                        {product} {command line}
     intx CICompilerCount                          = 12                                        {product} {ergonomic}
    uintx GCTimeRatio                              = 4                                         {product} {command line}
     bool HeapDumpOnOutOfMemoryError               = true                                   {manageable} {command line}
    ccstr HeapDumpPath                             = c:\Users\huyho\AppData\Roaming\Kiro\User\workspaceStorage\5e15e38d29a15d48525ca3e64bc0a6cd\redhat.java         {manageable} {command line}
   size_t InitialHeapSize                          = 104857600                                 {product} {command line}
   size_t MaxHeapSize                              = 2147483648                                {product} {command line}
   size_t MaxNewSize                               = 715653120                                 {product} {ergonomic}
   size_t MinHeapDeltaBytes                        = 524288                                    {product} {ergonomic}
   size_t MinHeapSize                              = 104857600                                 {product} {command line}
   size_t NewSize                                  = 34603008                                  {product} {ergonomic}
    uintx NonNMethodCodeHeapSize                   = 7602480                                {pd product} {ergonomic}
    uintx NonProfiledCodeHeapSize                  = 122027880                              {pd product} {ergonomic}
   size_t OldSize                                  = 70254592                                  {product} {ergonomic}
    uintx ProfiledCodeHeapSize                     = 122027880                              {pd product} {ergonomic}
    uintx ReservedCodeCacheSize                    = 251658240                              {pd product} {ergonomic}
     bool SegmentedCodeCache                       = true                                      {product} {ergonomic}
   size_t SoftMaxHeapSize                          = 2147483648                             {manageable} {ergonomic}
     bool UseCompressedOops                        = true                           {product lp64_product} {ergonomic}
     bool UseLargePagesIndividualAllocation        = false                                  {pd product} {ergonomic}
     bool UseParallelGC                            = true                                      {product} {command line}

Logging:
Log output configuration:
 #0: stdout all=off uptime,level,tags foldmultilines=false
 #1: stderr all=off uptime,level,tags foldmultilines=false

Release file:
JAVA_VERSION="21.0.10" 
MODULES="java.base java.compiler java.datatransfer java.xml java.prefs java.desktop java.instrument java.logging java.management java.security.sasl java.naming java.rmi java.management.rmi java.net.http java.scripting java.security.jgss java.transaction.xa java.sql java.sql.rowset java.xml.crypto java.se java.smartcardio jdk.accessibility jdk.internal.jvmstat jdk.attach jdk.charsets jdk.internal.opt jdk.zipfs jdk.compiler jdk.crypto.ec jdk.crypto.cryptoki jdk.crypto.mscapi jdk.dynalink jdk.internal.ed jdk.editpad jdk.hotspot.agent jdk.httpserver jdk.internal.le jdk.internal.vm.ci jdk.internal.vm.compiler jdk.internal.vm.compiler.management jdk.jartool jdk.javadoc jdk.jcmd jdk.management jdk.management.agent jdk.jconsole jdk.jdeps jdk.jdwp.agent jdk.jdi jdk.jfr jdk.jshell jdk.jsobject jdk.jstatd jdk.localedata jdk.management.jfr jdk.naming.dns jdk.naming.rmi jdk.net jdk.nio.mapmode jdk.random jdk.sctp jdk.security.auth jdk.security.jgss jdk.unsupported jdk.unsupported.desktop jdk.xml.dom" 

Environment Variables:
JAVA_HOME=D:\JDK
PATH=C:\Program Files\Common Files\Oracle\Java\javapath;C:\Program Files (x86)\Common Files\Oracle\Java\javapath;C:\Windows\system32;C:\Windows;C:\Windows\System32\Wbem;C:\Windows\System32\WindowsPowerShell\v1.0\;C:\Windows\System32\OpenSSH\;C:\Program Files (x86)\NVIDIA Corporation\PhysX\Common;C:\Program Files\NVIDIA Corporation\NVIDIA NvDLISR;C:\WINDOWS\system32;C:\WINDOWS;C:\WINDOWS\System32\Wbem;C:\WINDOWS\System32\WindowsPowerShell\v1.0\;C:\WINDOWS\System32\OpenSSH\;C:\Program Files (x86)\Microsoft SQL Server\160\Tools\Binn\;C:\Program Files\Microsoft SQL Server\160\Tools\Binn\;C:\Program Files\Microsoft SQL Server\Client SDK\ODBC\170\Tools\Binn\;C:\Program Files\Microsoft SQL Server\160\DTS\Binn\;C:\Program Files\Microsoft SQL Server\150\Tools\Binn\;C:\Program Files\dotnet\;C:\Program Files (x86)\Microsoft SQL Server\160\DTS\Binn\;D:\React js\;D:\React js\Git\cmd;E:\MySQL;D:\apache-maven-3.9.10-bin\apache-maven-3.9.10\bin;D:\JDK\bin;D:\AWS\;C:\Program Files\Docker\Docker\resources\bin;C:\Users\huyho\AppData\Local\Microsoft\WindowsApps;D:\React js\IntelliJ IDEA 2025.1.2\bin;;C:\Users\huyho\.dotnet\tools;C:\Users\huyho\AppData\Roaming\npm;D:\apache-maven-3.9.10-bin\apache-maven-3.9.10\bin;E:\kiro\Kiro\bin;E:\Microsoft VS Code\bin
USERNAME=huyho
OS=Windows_NT
PROCESSOR_IDENTIFIER=Intel64 Family 6 Model 141 Stepping 1, GenuineIntel
TMP=C:\Users\huyho\AppData\Local\Temp
TEMP=C:\Users\huyho\AppData\Local\Temp




Periodic native trim disabled

---------------  S Y S T E M  ---------------

OS:
 Windows 11 , 64 bit Build 26100 (10.0.26100.8328)
OS uptime: 0 days 5:30 hours
Hyper-V role detected

CPU: total 16 (initial active 16) (8 cores per cpu, 2 threads per core) family 6 model 141 stepping 1 microcode 0x34, cx8, cmov, fxsr, ht, mmx, 3dnowpref, sse, sse2, sse3, ssse3, sse4.1, sse4.2, popcnt, lzcnt, tsc, tscinvbit, avx, avx2, aes, erms, clmul, bmi1, bmi2, adx, avx512f, avx512dq, avx512cd, avx512bw, avx512vl, sha, fma, vzeroupper, avx512_vpopcntdq, avx512_vpclmulqdq, avx512_vaes, avx512_vnni, clflush, clflushopt, clwb, avx512_vbmi2, avx512_vbmi, hv, rdtscp, rdpid, fsrm, gfni, avx512_bitalg, f16c, cet_ibt, cet_ss, avx512_ifma
Processor Information for the first 16 processors :
  Max Mhz: 2304, Current Mhz: 2304, Mhz Limit: 2304

Memory: 4k page, system-wide physical 16085M (902M free)
TotalPageFile size 37188M (AvailPageFile size 29M)
current process WorkingSet (physical memory assigned to process): 445M, peak: 454M
current process commit charge ("private bytes"): 533M, peak: 546M

vm_info: OpenJDK 64-Bit Server VM (21.0.10+7-LTS) for windows-amd64 JRE (21.0.10+7-LTS), built on 2026-01-20T00:00:00Z by "admin" with MS VC++ 17.12 (VS2022)

END.
