#
# There is insufficient memory for the Java Runtime Environment to continue.
# Native memory allocation (malloc) failed to allocate 1048576 bytes. Error detail: AllocateHeap
# Possible reasons:
#   The system is out of physical RAM or swap space
#   This process is running with CompressedOops enabled, and the Java Heap may be blocking the growth of the native heap
# Possible solutions:
#   Reduce memory load on the system
#   Increase physical memory or swap space
#   Check if swap backing store is full
#   Decrease Java heap size (-Xmx/-Xms)
#   Decrease number of Java threads
#   Decrease Java thread stack sizes (-Xss)
#   Set larger code cache with -XX:ReservedCodeCacheSize=
#   JVM is running with Unscaled Compressed Oops mode in which the Java heap is
#     placed in the first 4GB address space. The Java Heap base address is the
#     maximum limit for the native heap growth. Please use -XX:HeapBaseMinAddress
#     to set the Java Heap base and to place the Java Heap above 4GB virtual address.
# This output file may be truncated or incomplete.
#
#  Out of Memory Error (allocation.cpp:44), pid=22740, tid=2252
#
# JRE version: OpenJDK Runtime Environment Temurin-21.0.10+7 (21.0.10+7) (build 21.0.10+7-LTS)
# Java VM: OpenJDK 64-Bit Server VM Temurin-21.0.10+7 (21.0.10+7-LTS, mixed mode, sharing, tiered, compressed oops, compressed class ptrs, parallel gc, windows-amd64)
# No core dump will be written. Minidumps are not enabled by default on client versions of Windows
#

---------------  S U M M A R Y ------------

Command Line: --add-modules=ALL-SYSTEM --add-opens=java.base/java.util=ALL-UNNAMED --add-opens=java.base/java.lang=ALL-UNNAMED --add-opens=java.base/sun.nio.fs=ALL-UNNAMED -Declipse.application=org.eclipse.jdt.ls.core.id1 -Dosgi.bundles.defaultStartLevel=4 -Declipse.product=org.eclipse.jdt.ls.core.product -Djava.import.generatesMetadataFilesAtProjectRoot=false -DDetectVMInstallationsJob.disabled=true -Dfile.encoding=utf8 -XX:+UseParallelGC -XX:GCTimeRatio=4 -XX:AdaptiveSizePolicyWeight=90 -Dsun.zip.disableMemoryMapping=true -Xmx2G -Xms100m -Xlog:disable -javaagent:c:\Users\huyho\.kiro\extensions\redhat.java-1.54.0-win32-x64\lombok\lombok-1.18.39-4050.jar -XX:+HeapDumpOnOutOfMemoryError -XX:HeapDumpPath=c:\Users\huyho\AppData\Roaming\Kiro\User\workspaceStorage\5e15e38d29a15d48525ca3e64bc0a6cd\redhat.java -Daether.dependencyCollector.impl=bf c:\Users\huyho\.kiro\extensions\redhat.java-1.54.0-win32-x64\server\plugins\org.eclipse.equinox.launcher_1.7.100.v20251111-0406.jar -configuration c:\Users\huyho\AppData\Roaming\Kiro\User\globalStorage\redhat.java\1.54.0\config_win -data c:\Users\huyho\AppData\Roaming\Kiro\User\workspaceStorage\5e15e38d29a15d48525ca3e64bc0a6cd\redhat.java\jdt_ws --pipe=\\.\pipe\lsp-a93b96aa8472a4abefd59b9c6cf853c0-sock

Host: 11th Gen Intel(R) Core(TM) i7-11800H @ 2.30GHz, 16 cores, 15G,  Windows 11 , 64 bit Build 26100 (10.0.26100.8328)
Time: Tue Jun  9 14:58:40 2026 SE Asia Standard Time elapsed time: 238.093712 seconds (0d 0h 3m 58s)

---------------  T H R E A D  ---------------

Current thread (0x00000119766ef580):  JavaThread "Attach Listener" daemon [_thread_in_vm, id=2252, stack(0x0000000f09000000,0x0000000f09100000) (1024K)]

Stack: [0x0000000f09000000,0x0000000f09100000]
Native frames: (J=compiled Java code, j=interpreted, Vv=VM code, C=native code)
V  [jvm.dll+0x6d7a39]
V  [jvm.dll+0x8b4b26]
V  [jvm.dll+0x8b70de]
V  [jvm.dll+0x8b77c3]
V  [jvm.dll+0x284346]
V  [jvm.dll+0xc1277]
V  [jvm.dll+0x6d82e9]
V  [jvm.dll+0x1334a6]
V  [jvm.dll+0x3f857e]
V  [jvm.dll+0x85f59d]
V  [jvm.dll+0x6d626d]
C  [ucrtbase.dll+0x37b0]
C  [KERNEL32.DLL+0x2e957]
C  [ntdll.dll+0x427c]


---------------  P R O C E S S  ---------------

Threads class SMR info:
_java_thread_list=0x000001194e4034e0, length=98, elements={
0x000001195e77ce80, 0x000001195e727200, 0x000001195e7265e0, 0x00000119766f2a00,
0x00000119766ef580, 0x00000119766efc10, 0x00000119766f0930, 0x00000119766fc260,
0x0000011976709370, 0x00000119766f1ce0, 0x00000119766f2370, 0x00000119766f0fc0,
0x00000119766f1650, 0x00000119766f02a0, 0x000001197c9e39f0, 0x000001197c9e2640,
0x000001197c9e1290, 0x000001197c9e2cd0, 0x000001197c9e4080, 0x000001197c9e3360,
0x000001197c9e7500, 0x000001197c9e7b90, 0x000001197c9e8220, 0x000001197c9e6e70,
0x000001197c9e6150, 0x000001197c9e4da0, 0x000001197c9e5ac0, 0x000001197c9e67e0,
0x000001197c9e5430, 0x000001197e55cef0, 0x000001197e55bb40, 0x000001197e55d580,
0x000001197e55f650, 0x000001197e55e930, 0x000001197e55dc10, 0x000001197e55e2a0,
0x000001197e55efc0, 0x000001197e55c1d0, 0x000001197e55fce0, 0x000001197e55c860,
0x000001197e561720, 0x000001197e561db0, 0x000001197e563160, 0x000001197e560a00,
0x000001197e560370, 0x000001197e561090, 0x000001197e562440, 0x000001197e562ad0,
0x0000011941960100, 0x00000119419614b0, 0x000001194195e030, 0x0000011941961b40,
0x000001194195e6c0, 0x00000119433c3500, 0x00000119433c62f0, 0x00000119433c76a0,
0x00000119433c7d30, 0x00000119433c48b0, 0x00000119433c83c0, 0x00000119433c4f40,
0x00000119433c55d0, 0x00000119433c7010, 0x00000119433c5c60, 0x00000119433c6980,
0x0000011941960790, 0x0000011941964930, 0x0000011941964fc0, 0x0000011941965650,
0x000001197c9e1fb0, 0x000001197c9e4710, 0x000001197c2f8df0, 0x000001197c2fa1a0,
0x000001197c2f73b0, 0x000001197c2f8760, 0x000001197c2f7a40, 0x000001197c2f9480,
0x000001197c2f9b10, 0x000001197c2f6d20, 0x000001197c2fa830, 0x000001197c2faec0,
0x000001197c2fb550, 0x000001197c2f80d0, 0x000001197c2fc900, 0x000001197c2fe340,
0x000001197f626650, 0x000001197f628720, 0x000001197f628090, 0x000001197f626ce0,
0x000001197f627370, 0x000001197f627a00, 0x000001197f628db0, 0x000001197f629440,
0x000001197f629ad0, 0x000001194cdf3210, 0x000001194cdf24f0, 0x000001194cdf38a0,
0x000001194cdf3f30, 0x000001194cdf0ab0
}

Java Threads: ( => current thread )
  0x000001195e77ce80 JavaThread "main"                              [_thread_blocked, id=12264, stack(0x0000000f08900000,0x0000000f08a00000) (1024K)]
  0x000001195e727200 JavaThread "Reference Handler"          daemon [_thread_blocked, id=23244, stack(0x0000000f08d00000,0x0000000f08e00000) (1024K)]
  0x000001195e7265e0 JavaThread "Finalizer"                  daemon [_thread_blocked, id=9856, stack(0x0000000f08e00000,0x0000000f08f00000) (1024K)]
  0x00000119766f2a00 JavaThread "Signal Dispatcher"          daemon [_thread_blocked, id=17776, stack(0x0000000f08f00000,0x0000000f09000000) (1024K)]
=>0x00000119766ef580 JavaThread "Attach Listener"            daemon [_thread_in_vm, id=2252, stack(0x0000000f09000000,0x0000000f09100000) (1024K)]
  0x00000119766efc10 JavaThread "Service Thread"             daemon [_thread_blocked, id=20356, stack(0x0000000f09100000,0x0000000f09200000) (1024K)]
  0x00000119766f0930 JavaThread "Monitor Deflation Thread"   daemon [_thread_blocked, id=10924, stack(0x0000000f09200000,0x0000000f09300000) (1024K)]
  0x00000119766fc260 JavaThread "C2 CompilerThread0"         daemon [_thread_blocked, id=12192, stack(0x0000000f09300000,0x0000000f09400000) (1024K)]
  0x0000011976709370 JavaThread "C1 CompilerThread0"         daemon [_thread_blocked, id=9556, stack(0x0000000f09400000,0x0000000f09500000) (1024K)]
  0x00000119766f1ce0 JavaThread "Common-Cleaner"             daemon [_thread_blocked, id=7528, stack(0x0000000f09900000,0x0000000f09a00000) (1024K)]
  0x00000119766f2370 JavaThread "Notification Thread"        daemon [_thread_blocked, id=20284, stack(0x0000000f09a00000,0x0000000f09b00000) (1024K)]
  0x00000119766f0fc0 JavaThread "Active Thread: Equinox Container: a1947dde-6cb1-4905-866f-475738f1be66"        [_thread_blocked, id=21292, stack(0x0000000f0a200000,0x0000000f0a300000) (1024K)]
  0x00000119766f1650 JavaThread "Refresh Thread: Equinox Container: a1947dde-6cb1-4905-866f-475738f1be66" daemon [_thread_blocked, id=21844, stack(0x0000000f0a400000,0x0000000f0a500000) (1024K)]
  0x00000119766f02a0 JavaThread "Framework Event Dispatcher: Equinox Container: a1947dde-6cb1-4905-866f-475738f1be66" daemon [_thread_blocked, id=3636, stack(0x0000000f0a500000,0x0000000f0a600000) (1024K)]
  0x000001197c9e39f0 JavaThread "Start Level: Equinox Container: a1947dde-6cb1-4905-866f-475738f1be66" daemon [_thread_blocked, id=21168, stack(0x0000000f0a600000,0x0000000f0a700000) (1024K)]
  0x000001197c9e2640 JavaThread "Bundle File Closer"         daemon [_thread_blocked, id=22920, stack(0x0000000f0aa00000,0x0000000f0ab00000) (1024K)]
  0x000001197c9e1290 JavaThread "SCR Component Actor"        daemon [_thread_blocked, id=24292, stack(0x0000000f09700000,0x0000000f09800000) (1024K)]
  0x000001197c9e2cd0 JavaThread "Worker-JM"                         [_thread_blocked, id=18216, stack(0x0000000f09b00000,0x0000000f09c00000) (1024K)]
  0x000001197c9e4080 JavaThread "JNA Cleaner"                daemon [_thread_blocked, id=21148, stack(0x0000000f0ad00000,0x0000000f0ae00000) (1024K)]
  0x000001197c9e3360 JavaThread "Java indexing"              daemon [_thread_blocked, id=21588, stack(0x0000000f0b200000,0x0000000f0b300000) (1024K)]
  0x000001197c9e7500 JavaThread "Worker-3"                          [_thread_blocked, id=19968, stack(0x0000000f0b700000,0x0000000f0b800000) (1024K)]
  0x000001197c9e7b90 JavaThread "Thread-1"                   daemon [_thread_in_native, id=240, stack(0x0000000f0b800000,0x0000000f0b900000) (1024K)]
  0x000001197c9e8220 JavaThread "Thread-2"                   daemon [_thread_in_native, id=22776, stack(0x0000000f0b900000,0x0000000f0ba00000) (1024K)]
  0x000001197c9e6e70 JavaThread "Thread-3"                   daemon [_thread_in_native, id=12396, stack(0x0000000f0ba00000,0x0000000f0bb00000) (1024K)]
  0x000001197c9e6150 JavaThread "Thread-4"                   daemon [_thread_in_native, id=10060, stack(0x0000000f0bb00000,0x0000000f0bc00000) (1024K)]
  0x000001197c9e4da0 JavaThread "Thread-5"                   daemon [_thread_in_native, id=17020, stack(0x0000000f0bc00000,0x0000000f0bd00000) (1024K)]
  0x000001197c9e5ac0 JavaThread "Thread-6"                   daemon [_thread_in_native, id=7740, stack(0x0000000f0bd00000,0x0000000f0be00000) (1024K)]
  0x000001197c9e67e0 JavaThread "Thread-7"                   daemon [_thread_in_native, id=21892, stack(0x0000000f0be00000,0x0000000f0bf00000) (1024K)]
  0x000001197c9e5430 JavaThread "Thread-8"                   daemon [_thread_in_native, id=21688, stack(0x0000000f0bf00000,0x0000000f0c000000) (1024K)]
  0x000001197e55cef0 JavaThread "Thread-9"                   daemon [_thread_in_native, id=16548, stack(0x0000000f0c000000,0x0000000f0c100000) (1024K)]
  0x000001197e55bb40 JavaThread "Thread-10"                  daemon [_thread_in_native, id=16504, stack(0x0000000f0c100000,0x0000000f0c200000) (1024K)]
  0x000001197e55d580 JavaThread "Thread-11"                  daemon [_thread_in_native, id=3456, stack(0x0000000f0c200000,0x0000000f0c300000) (1024K)]
  0x000001197e55f650 JavaThread "Thread-12"                  daemon [_thread_in_native, id=13244, stack(0x0000000f0c300000,0x0000000f0c400000) (1024K)]
  0x000001197e55e930 JavaThread "Thread-13"                  daemon [_thread_in_native, id=18540, stack(0x0000000f0c400000,0x0000000f0c500000) (1024K)]
  0x000001197e55dc10 JavaThread "Thread-14"                  daemon [_thread_in_native, id=9548, stack(0x0000000f0c500000,0x0000000f0c600000) (1024K)]
  0x000001197e55e2a0 JavaThread "Thread-15"                  daemon [_thread_in_native, id=22272, stack(0x0000000f0c600000,0x0000000f0c700000) (1024K)]
  0x000001197e55efc0 JavaThread "Thread-16"                  daemon [_thread_in_native, id=11224, stack(0x0000000f0c700000,0x0000000f0c800000) (1024K)]
  0x000001197e55c1d0 JavaThread "Thread-17"                  daemon [_thread_in_native, id=18508, stack(0x0000000f0c800000,0x0000000f0c900000) (1024K)]
  0x000001197e55fce0 JavaThread "pool-2-thread-1"                   [_thread_blocked, id=14560, stack(0x0000000f0c900000,0x0000000f0ca00000) (1024K)]
  0x000001197e55c860 JavaThread "WorkspaceEventsHandler"            [_thread_blocked, id=23196, stack(0x0000000f0ca00000,0x0000000f0cb00000) (1024K)]
  0x000001197e561720 JavaThread "pool-1-thread-1"                   [_thread_blocked, id=2732, stack(0x0000000f0cb00000,0x0000000f0cc00000) (1024K)]
  0x000001197e561db0 JavaThread "ForkJoinPool.commonPool-worker-1" daemon [_thread_blocked, id=18952, stack(0x0000000f0cc00000,0x0000000f0cd00000) (1024K)]
  0x000001197e563160 JavaThread "ForkJoinPool.commonPool-worker-2" daemon [_thread_blocked, id=23088, stack(0x0000000f0cd00000,0x0000000f0ce00000) (1024K)]
  0x000001197e560a00 JavaThread "ForkJoinPool.commonPool-worker-3" daemon [_thread_blocked, id=18676, stack(0x0000000f0ce00000,0x0000000f0cf00000) (1024K)]
  0x000001197e560370 JavaThread "ForkJoinPool.commonPool-worker-4" daemon [_thread_blocked, id=21452, stack(0x0000000f0cf00000,0x0000000f0d000000) (1024K)]
  0x000001197e561090 JavaThread "ForkJoinPool.commonPool-worker-5" daemon [_thread_blocked, id=18620, stack(0x0000000f0d000000,0x0000000f0d100000) (1024K)]
  0x000001197e562440 JavaThread "ForkJoinPool.commonPool-worker-6" daemon [_thread_blocked, id=23732, stack(0x0000000f0d100000,0x0000000f0d200000) (1024K)]
  0x000001197e562ad0 JavaThread "ForkJoinPool.commonPool-worker-7" daemon [_thread_blocked, id=24340, stack(0x0000000f0d200000,0x0000000f0d300000) (1024K)]
  0x0000011941960100 JavaThread "ForkJoinPool.commonPool-worker-8" daemon [_thread_blocked, id=11760, stack(0x0000000f0d300000,0x0000000f0d400000) (1024K)]
  0x00000119419614b0 JavaThread "ForkJoinPool.commonPool-worker-10" daemon [_thread_blocked, id=10840, stack(0x0000000f0d500000,0x0000000f0d600000) (1024K)]
  0x000001194195e030 JavaThread "ForkJoinPool.commonPool-worker-13" daemon [_thread_blocked, id=19884, stack(0x0000000f0d800000,0x0000000f0d900000) (1024K)]
  0x0000011941961b40 JavaThread "ForkJoinPool.commonPool-worker-14" daemon [_thread_blocked, id=7164, stack(0x0000000f0d900000,0x0000000f0da00000) (1024K)]
  0x000001194195e6c0 JavaThread "ForkJoinPool.commonPool-worker-15" daemon [_thread_blocked, id=24376, stack(0x0000000f0da00000,0x0000000f0db00000) (1024K)]
  0x00000119433c3500 JavaThread "Cleaner-0"                  daemon [_thread_blocked, id=21684, stack(0x0000000f0db00000,0x0000000f0dc00000) (1024K)]
  0x00000119433c62f0 JavaThread "LocalFile Deleter"          daemon [_thread_blocked, id=22692, stack(0x0000000f09600000,0x0000000f09700000) (1024K)]
  0x00000119433c76a0 JavaThread "LocalFile Deleter"          daemon [_thread_blocked, id=15832, stack(0x0000000f09800000,0x0000000f09900000) (1024K)]
  0x00000119433c7d30 JavaThread "LocalFile Deleter"          daemon [_thread_blocked, id=18356, stack(0x0000000f0af00000,0x0000000f0b000000) (1024K)]
  0x00000119433c48b0 JavaThread "LocalFile Deleter"          daemon [_thread_blocked, id=20224, stack(0x0000000f0b000000,0x0000000f0b100000) (1024K)]
  0x00000119433c83c0 JavaThread "LocalFile Deleter"          daemon [_thread_blocked, id=14320, stack(0x0000000f0b100000,0x0000000f0b200000) (1024K)]
  0x00000119433c4f40 JavaThread "LocalFile Deleter"          daemon [_thread_blocked, id=21200, stack(0x0000000f0b300000,0x0000000f0b400000) (1024K)]
  0x00000119433c55d0 JavaThread "LocalFile Deleter"          daemon [_thread_blocked, id=21332, stack(0x0000000f0b400000,0x0000000f0b500000) (1024K)]
  0x00000119433c7010 JavaThread "LocalFile Deleter"          daemon [_thread_blocked, id=22144, stack(0x0000000f0b500000,0x0000000f0b600000) (1024K)]
  0x00000119433c5c60 JavaThread "LocalFile Deleter"          daemon [_thread_blocked, id=15688, stack(0x0000000f0b600000,0x0000000f0b700000) (1024K)]
  0x00000119433c6980 JavaThread "LocalFile Deleter"          daemon [_thread_blocked, id=21604, stack(0x0000000f0d700000,0x0000000f0d800000) (1024K)]
  0x0000011941960790 JavaThread "LocalFile Deleter"          daemon [_thread_blocked, id=14008, stack(0x0000000f0dc00000,0x0000000f0dd00000) (1024K)]
  0x0000011941964930 JavaThread "LocalFile Deleter"          daemon [_thread_blocked, id=12628, stack(0x0000000f0dd00000,0x0000000f0de00000) (1024K)]
  0x0000011941964fc0 JavaThread "LocalFile Deleter"          daemon [_thread_blocked, id=3920, stack(0x0000000f0de00000,0x0000000f0df00000) (1024K)]
  0x0000011941965650 JavaThread "LocalFile Deleter"          daemon [_thread_blocked, id=21988, stack(0x0000000f0df00000,0x0000000f0e000000) (1024K)]
  0x000001197c9e1fb0 JavaThread "LocalFile Deleter"          daemon [_thread_blocked, id=12036, stack(0x0000000f0e000000,0x0000000f0e100000) (1024K)]
  0x000001197c9e4710 JavaThread "Compiler Source File Reader" daemon [_thread_blocked, id=21348, stack(0x0000000f0e100000,0x0000000f0e200000) (1024K)]
  0x000001197c2f8df0 JavaThread "Compiler Source File Reader" daemon [_thread_blocked, id=11172, stack(0x0000000f0e200000,0x0000000f0e300000) (1024K)]
  0x000001197c2fa1a0 JavaThread "Compiler Source File Reader" daemon [_thread_blocked, id=20860, stack(0x0000000f0e300000,0x0000000f0e400000) (1024K)]
  0x000001197c2f73b0 JavaThread "Compiler Source File Reader" daemon [_thread_blocked, id=19264, stack(0x0000000f0e400000,0x0000000f0e500000) (1024K)]
  0x000001197c2f8760 JavaThread "Compiler Source File Reader" daemon [_thread_blocked, id=23472, stack(0x0000000f0e500000,0x0000000f0e600000) (1024K)]
  0x000001197c2f7a40 JavaThread "Compiler Source File Reader" daemon [_thread_blocked, id=22324, stack(0x0000000f0e600000,0x0000000f0e700000) (1024K)]
  0x000001197c2f9480 JavaThread "Compiler Source File Reader" daemon [_thread_blocked, id=16188, stack(0x0000000f0e700000,0x0000000f0e800000) (1024K)]
  0x000001197c2f9b10 JavaThread "Compiler Source File Reader" daemon [_thread_blocked, id=22540, stack(0x0000000f0e800000,0x0000000f0e900000) (1024K)]
  0x000001197c2f6d20 JavaThread "Compiler Source File Reader" daemon [_thread_blocked, id=16348, stack(0x0000000f0e900000,0x0000000f0ea00000) (1024K)]
  0x000001197c2fa830 JavaThread "Compiler Source File Reader" daemon [_thread_blocked, id=3016, stack(0x0000000f0ea00000,0x0000000f0eb00000) (1024K)]
  0x000001197c2faec0 JavaThread "Compiler Source File Reader" daemon [_thread_blocked, id=8156, stack(0x0000000f0eb00000,0x0000000f0ec00000) (1024K)]
  0x000001197c2fb550 JavaThread "Compiler Source File Reader" daemon [_thread_blocked, id=13908, stack(0x0000000f0ec00000,0x0000000f0ed00000) (1024K)]
  0x000001197c2f80d0 JavaThread "Compiler Source File Reader" daemon [_thread_blocked, id=6528, stack(0x0000000f0ed00000,0x0000000f0ee00000) (1024K)]
  0x000001197c2fc900 JavaThread "Compiler Source File Reader" daemon [_thread_blocked, id=21736, stack(0x0000000f0ee00000,0x0000000f0ef00000) (1024K)]
  0x000001197c2fe340 JavaThread "Worker-4"                          [_thread_blocked, id=19828, stack(0x0000000f0f300000,0x0000000f0f400000) (1024K)]
  0x000001197f626650 JavaThread "Compiler Class File Writer" daemon [_thread_blocked, id=24296, stack(0x0000000f0f700000,0x0000000f0f800000) (1024K)]
  0x000001197f628720 JavaThread "Compiler Class File Writer" daemon [_thread_blocked, id=20452, stack(0x0000000f0f800000,0x0000000f0f900000) (1024K)]
  0x000001197f628090 JavaThread "Compiler Class File Writer" daemon [_thread_blocked, id=23600, stack(0x0000000f0f900000,0x0000000f0fa00000) (1024K)]
  0x000001197f626ce0 JavaThread "Compiler Class File Writer" daemon [_thread_blocked, id=12496, stack(0x0000000f0fa00000,0x0000000f0fb00000) (1024K)]
  0x000001197f627370 JavaThread "Compiler Class File Writer" daemon [_thread_blocked, id=20756, stack(0x0000000f0fb00000,0x0000000f0fc00000) (1024K)]
  0x000001197f627a00 JavaThread "Compiler Class File Writer" daemon [_thread_blocked, id=6628, stack(0x0000000f0fc00000,0x0000000f0fd00000) (1024K)]
  0x000001197f628db0 JavaThread "Compiler Class File Writer" daemon [_thread_blocked, id=23608, stack(0x0000000f0fd00000,0x0000000f0fe00000) (1024K)]
  0x000001197f629440 JavaThread "Compiler Class File Writer" daemon [_thread_blocked, id=1232, stack(0x0000000f0fe00000,0x0000000f0ff00000) (1024K)]
  0x000001197f629ad0 JavaThread "Compiler Class File Writer" daemon [_thread_blocked, id=22508, stack(0x0000000f0ff00000,0x0000000f10000000) (1024K)]
  0x000001194cdf3210 JavaThread "Compiler Class File Writer" daemon [_thread_blocked, id=19972, stack(0x0000000f10000000,0x0000000f10100000) (1024K)]
  0x000001194cdf24f0 JavaThread "Compiler Class File Writer" daemon [_thread_blocked, id=13592, stack(0x0000000f10100000,0x0000000f10200000) (1024K)]
  0x000001194cdf38a0 JavaThread "Compiler Class File Writer" daemon [_thread_blocked, id=19716, stack(0x0000000f10200000,0x0000000f10300000) (1024K)]
  0x000001194cdf3f30 JavaThread "Compiler Class File Writer" daemon [_thread_blocked, id=10048, stack(0x0000000f10300000,0x0000000f10400000) (1024K)]
  0x000001194cdf0ab0 JavaThread "Compiler Class File Writer" daemon [_thread_blocked, id=24380, stack(0x0000000f10400000,0x0000000f10500000) (1024K)]
Total: 98

Other Threads:
  0x00000119766e3540 VMThread "VM Thread"                           [id=19472, stack(0x0000000f08c00000,0x0000000f08d00000) (1024K)]
  0x000001195e7e97e0 WatcherThread "VM Periodic Task Thread"        [id=9616, stack(0x0000000f08b00000,0x0000000f08c00000) (1024K)]
  0x000001195e79b3f0 WorkerThread "GC Thread#0"                     [id=21208, stack(0x0000000f08a00000,0x0000000f08b00000) (1024K)]
  0x000001197c157920 WorkerThread "GC Thread#1"                     [id=3468, stack(0x0000000f09c00000,0x0000000f09d00000) (1024K)]
  0x000001197c1584e0 WorkerThread "GC Thread#2"                     [id=2164, stack(0x0000000f09d00000,0x0000000f09e00000) (1024K)]
  0x000001197c158890 WorkerThread "GC Thread#3"                     [id=24260, stack(0x0000000f09e00000,0x0000000f09f00000) (1024K)]
  0x000001197c15e010 WorkerThread "GC Thread#4"                     [id=14136, stack(0x0000000f09f00000,0x0000000f0a000000) (1024K)]
  0x000001197c15e3c0 WorkerThread "GC Thread#5"                     [id=10756, stack(0x0000000f0a000000,0x0000000f0a100000) (1024K)]
  0x000001197c323660 WorkerThread "GC Thread#6"                     [id=17788, stack(0x0000000f0a100000,0x0000000f0a200000) (1024K)]
  0x000001197c8b3d00 WorkerThread "GC Thread#7"                     [id=20560, stack(0x0000000f0a300000,0x0000000f0a400000) (1024K)]
  0x000001197cbeee70 WorkerThread "GC Thread#8"                     [id=9964, stack(0x0000000f0a700000,0x0000000f0a800000) (1024K)]
  0x000001197cd50350 WorkerThread "GC Thread#9"                     [id=9280, stack(0x0000000f0a800000,0x0000000f0a900000) (1024K)]
  0x000001197cd50700 WorkerThread "GC Thread#10"                    [id=20404, stack(0x0000000f0a900000,0x0000000f0aa00000) (1024K)]
  0x000001197cdc3090 WorkerThread "GC Thread#11"                    [id=21500, stack(0x0000000f0ab00000,0x0000000f0ac00000) (1024K)]
  0x000001197cdc37f0 WorkerThread "GC Thread#12"                    [id=16536, stack(0x0000000f0ac00000,0x0000000f0ad00000) (1024K)]
Total: 15

Threads with active compile tasks:
Total: 0

VM state: not at safepoint (normal execution)

VM Mutex/Monitor currently owned by a thread: None

Heap address: 0x0000000080000000, size: 2048 MB, Compressed Oops mode: 32-bit

CDS archive(s) mapped at: [0x0000011900000000-0x0000011900ba0000-0x0000011900ba0000), size 12189696, SharedBaseAddress: 0x0000011900000000, ArchiveRelocationMode: 1.
Compressed class space mapped at: 0x0000011901000000-0x0000011941000000, reserved size: 1073741824
Narrow klass base: 0x0000011900000000, Narrow klass shift: 0, Narrow klass range: 0x100000000

GC Precious Log:
 CardTable entry size: 512
 CPUs: 16 total, 16 available
 Memory: 16085M
 Large Page Support: Disabled
 NUMA Support: Disabled
 Compressed Oops: Enabled (32-bit)
 Alignments: Space 512K, Generation 512K, Heap 2M
 Heap Min Capacity: 100M
 Heap Initial Capacity: 100M
 Heap Max Capacity: 2G
 Pre-touch: Disabled
 Parallel Workers: 13

Heap:
 PSYoungGen      total 9216K, used 3370K [0x00000000d5580000, 0x00000000d6500000, 0x0000000100000000)
  eden space 8192K, 34% used [0x00000000d5580000,0x00000000d5845418,0x00000000d5d80000)
  from space 1024K, 52% used [0x00000000d6380000,0x00000000d6405430,0x00000000d6480000)
  to   space 512K, 0% used [0x00000000d6480000,0x00000000d6480000,0x00000000d6500000)
 ParOldGen       total 241152K, used 240821K [0x0000000080000000, 0x000000008eb80000, 0x00000000d5580000)
  object space 241152K, 99% used [0x0000000080000000,0x000000008eb2d4e0,0x000000008eb80000)
 Metaspace       used 81178K, committed 83008K, reserved 1179648K
  class space    used 8183K, committed 9024K, reserved 1048576K

Card table byte_map: [0x000001195e120000,0x000001195e530000] _byte_map_base: 0x000001195dd20000

Marking Bits: (ParMarkBitMap*) 0x00007ff8656e3450
 Begin Bits: [0x0000011970c30000, 0x0000011972c30000)
 End Bits:   [0x0000011972c30000, 0x0000011974c30000)

Polling page: 0x000001195c2e0000

Metaspace:

Usage:
  Non-class:     71.28 MB used.
      Class:      7.99 MB used.
       Both:     79.28 MB used.

Virtual space:
  Non-class space:      128.00 MB reserved,      72.25 MB ( 56%) committed,  2 nodes.
      Class space:        1.00 GB reserved,       8.81 MB ( <1%) committed,  1 nodes.
             Both:        1.12 GB reserved,      81.06 MB (  7%) committed. 

Chunk freelists:
   Non-Class:  7.50 MB
       Class:  7.12 MB
        Both:  14.62 MB

MaxMetaspaceSize: unlimited
CompressedClassSpaceSize: 1.00 GB
Initial GC threshold: 21.00 MB
Current GC threshold: 128.12 MB
CDS: on
 - commit_granule_bytes: 65536.
 - commit_granule_words: 8192.
 - virtual_space_node_default_size: 8388608.
 - enlarge_chunks_in_place: 1.
 - use_allocation_guard: 0.


Internal statistics:

num_allocs_failed_limit: 13.
num_arena_births: 1566.
num_arena_deaths: 42.
num_vsnodes_births: 3.
num_vsnodes_deaths: 0.
num_space_committed: 1296.
num_space_uncommitted: 0.
num_chunks_returned_to_freelist: 68.
num_chunks_taken_from_freelist: 5574.
num_chunk_merges: 14.
num_chunk_splits: 3376.
num_chunks_enlarged: 1891.
num_inconsistent_stats: 0.

CodeHeap 'non-profiled nmethods': size=119168Kb used=16707Kb max_used=16707Kb free=102460Kb
 bounds [0x0000011969520000, 0x000001196a580000, 0x0000011970980000]
CodeHeap 'profiled nmethods': size=119104Kb used=48071Kb max_used=48071Kb free=71032Kb
 bounds [0x0000011961980000, 0x0000011964880000, 0x0000011968dd0000]
CodeHeap 'non-nmethods': size=7488Kb used=1503Kb max_used=3303Kb free=5984Kb
 bounds [0x0000011968dd0000, 0x0000011969150000, 0x0000011969520000]
CodeCache: size=245760Kb, used=66281Kb, max_used=68081Kb, free=179476Kb
 total_blobs=19834, nmethods=19017, adapters=722, full_count=0
Compilation: enabled, stopped_count=0, restarted_count=0

Compilation events (20 events):
Event: 150.784 Thread 0x000001197c57f1b0 20555       4       org.eclipse.osgi.internal.framework.EquinoxBundle::checkValid (42 bytes)
Event: 150.785 Thread 0x000001197c57f1b0 nmethod 20555 0x000001196a564690 code [0x000001196a564820, 0x000001196a564908]
Event: 150.788 Thread 0x000001197c57e410 nmethod 20554 0x000001196a564a10 code [0x000001196a564c60, 0x000001196a565e60]
Event: 150.801 Thread 0x000001197c57c8d0 20557       1       org.eclipse.core.internal.jobs.InternalJob::getName (5 bytes)
Event: 150.801 Thread 0x000001197c57c8d0 nmethod 20557 0x000001196a566990 code [0x000001196a566b20, 0x000001196a566be8]
Event: 150.801 Thread 0x000001197c57c8d0 20558       1       org.eclipse.core.internal.events.ResourceChangeEvent::getType (5 bytes)
Event: 150.801 Thread 0x000001197c580620 20559       3       org.eclipse.core.internal.dtree.AbstractDataTree::rootKey (4 bytes)
Event: 150.801 Thread 0x000001197c57c8d0 nmethod 20558 0x000001196a566c90 code [0x000001196a566e20, 0x000001196a566ee8]
Event: 150.801 Thread 0x000001197c57c200 20560       4       org.eclipse.core.internal.resources.Project::isOpen (17 bytes)
Event: 150.801 Thread 0x000001197c580620 nmethod 20559 0x0000011964871b10 code [0x0000011964871ca0, 0x0000011964871d98]
Event: 150.801 Thread 0x000001197c57e410 20561       4       org.eclipse.core.internal.events.ResourceDelta::isPhantom (36 bytes)
Event: 150.801 Thread 0x000001197c57f1b0 20562       4       org.eclipse.core.internal.events.ResourceDelta::isTeamPrivate (36 bytes)
Event: 150.802 Thread 0x000001197c57f880 20563       1       org.eclipse.jdt.internal.core.JavaModel::getElementType (2 bytes)
Event: 150.802 Thread 0x00000119766fc260 20564       4       org.eclipse.core.internal.events.ResourceDelta::getResource (103 bytes)
Event: 150.802 Thread 0x000001197c57f880 nmethod 20563 0x000001196a566f90 code [0x000001196a567120, 0x000001196a5671e8]
Event: 150.803 Thread 0x000001197c57f1b0 nmethod 20562 0x000001196a567290 code [0x000001196a567420, 0x000001196a567508]
Event: 150.803 Thread 0x000001197c57e410 nmethod 20561 0x000001196a567610 code [0x000001196a5677a0, 0x000001196a567888]
Event: 150.803 Thread 0x000001197c57c200 nmethod 20560 0x000001196a567990 code [0x000001196a567b20, 0x000001196a567c50]
Event: 150.817 Thread 0x00000119766fc260 nmethod 20564 0x000001196a567e10 code [0x000001196a568080, 0x000001196a568ee0]
Event: 150.839 Thread 0x000001197c57eae0 nmethod 20496 0x000001196a569790 code [0x000001196a569d20, 0x000001196a56d348]

GC Heap History (20 events):
Event: 149.786 GC heap before
{Heap before GC invocations=236 (full 4):
 PSYoungGen      total 9728K, used 9536K [0x00000000d5580000, 0x00000000d6180000, 0x0000000100000000)
  eden space 8192K, 100% used [0x00000000d5580000,0x00000000d5d80000,0x00000000d5d80000)
  from space 1536K, 87% used [0x00000000d5d80000,0x00000000d5ed0020,0x00000000d5f00000)
  to   space 2048K, 0% used [0x00000000d5f80000,0x00000000d5f80000,0x00000000d6180000)
 ParOldGen       total 228864K, used 228730K [0x0000000080000000, 0x000000008df80000, 0x00000000d5580000)
  object space 228864K, 99% used [0x0000000080000000,0x000000008df5e9e0,0x000000008df80000)
 Metaspace       used 79795K, committed 81472K, reserved 1179648K
  class space    used 8024K, committed 8768K, reserved 1048576K
}
Event: 149.789 GC heap after
{Heap after GC invocations=236 (full 4):
 PSYoungGen      total 9216K, used 986K [0x00000000d5580000, 0x00000000d6080000, 0x0000000100000000)
  eden space 8192K, 0% used [0x00000000d5580000,0x00000000d5580000,0x00000000d5d80000)
  from space 1024K, 96% used [0x00000000d5f80000,0x00000000d60769f8,0x00000000d6080000)
  to   space 1536K, 0% used [0x00000000d5d80000,0x00000000d5d80000,0x00000000d5f00000)
 ParOldGen       total 229888K, used 229827K [0x0000000080000000, 0x000000008e080000, 0x00000000d5580000)
  object space 229888K, 99% used [0x0000000080000000,0x000000008e070e18,0x000000008e080000)
 Metaspace       used 79795K, committed 81472K, reserved 1179648K
  class space    used 8024K, committed 8768K, reserved 1048576K
}
Event: 149.874 GC heap before
{Heap before GC invocations=237 (full 4):
 PSYoungGen      total 9216K, used 9178K [0x00000000d5580000, 0x00000000d6080000, 0x0000000100000000)
  eden space 8192K, 100% used [0x00000000d5580000,0x00000000d5d80000,0x00000000d5d80000)
  from space 1024K, 96% used [0x00000000d5f80000,0x00000000d60769f8,0x00000000d6080000)
  to   space 1536K, 0% used [0x00000000d5d80000,0x00000000d5d80000,0x00000000d5f00000)
 ParOldGen       total 229888K, used 229827K [0x0000000080000000, 0x000000008e080000, 0x00000000d5580000)
  object space 229888K, 99% used [0x0000000080000000,0x000000008e070e18,0x000000008e080000)
 Metaspace       used 79806K, committed 81472K, reserved 1179648K
  class space    used 8024K, committed 8768K, reserved 1048576K
}
Event: 149.876 GC heap after
{Heap after GC invocations=237 (full 4):
 PSYoungGen      total 9728K, used 1533K [0x00000000d5580000, 0x00000000d6280000, 0x0000000100000000)
  eden space 8192K, 0% used [0x00000000d5580000,0x00000000d5580000,0x00000000d5d80000)
  from space 1536K, 99% used [0x00000000d5d80000,0x00000000d5eff4b0,0x00000000d5f00000)
  to   space 2560K, 0% used [0x00000000d6000000,0x00000000d6000000,0x00000000d6280000)
 ParOldGen       total 230912K, used 230417K [0x0000000080000000, 0x000000008e180000, 0x00000000d5580000)
  object space 230912K, 99% used [0x0000000080000000,0x000000008e104740,0x000000008e180000)
 Metaspace       used 79806K, committed 81472K, reserved 1179648K
  class space    used 8024K, committed 8768K, reserved 1048576K
}
Event: 149.940 GC heap before
{Heap before GC invocations=238 (full 4):
 PSYoungGen      total 9728K, used 9725K [0x00000000d5580000, 0x00000000d6280000, 0x0000000100000000)
  eden space 8192K, 100% used [0x00000000d5580000,0x00000000d5d80000,0x00000000d5d80000)
  from space 1536K, 99% used [0x00000000d5d80000,0x00000000d5eff4b0,0x00000000d5f00000)
  to   space 2560K, 0% used [0x00000000d6000000,0x00000000d6000000,0x00000000d6280000)
 ParOldGen       total 230912K, used 230417K [0x0000000080000000, 0x000000008e180000, 0x00000000d5580000)
  object space 230912K, 99% used [0x0000000080000000,0x000000008e104740,0x000000008e180000)
 Metaspace       used 79816K, committed 81472K, reserved 1179648K
  class space    used 8024K, committed 8768K, reserved 1048576K
}
Event: 149.942 GC heap after
{Heap after GC invocations=238 (full 4):
 PSYoungGen      total 9216K, used 641K [0x00000000d5580000, 0x00000000d6100000, 0x0000000100000000)
  eden space 8192K, 0% used [0x00000000d5580000,0x00000000d5580000,0x00000000d5d80000)
  from space 1024K, 62% used [0x00000000d6000000,0x00000000d60a05d0,0x00000000d6100000)
  to   space 1536K, 0% used [0x00000000d5e00000,0x00000000d5e00000,0x00000000d5f80000)
 ParOldGen       total 231936K, used 231674K [0x0000000080000000, 0x000000008e280000, 0x00000000d5580000)
  object space 231936K, 99% used [0x0000000080000000,0x000000008e23eb48,0x000000008e280000)
 Metaspace       used 79816K, committed 81472K, reserved 1179648K
  class space    used 8024K, committed 8768K, reserved 1048576K
}
Event: 150.010 GC heap before
{Heap before GC invocations=239 (full 4):
 PSYoungGen      total 9216K, used 8833K [0x00000000d5580000, 0x00000000d6100000, 0x0000000100000000)
  eden space 8192K, 100% used [0x00000000d5580000,0x00000000d5d80000,0x00000000d5d80000)
  from space 1024K, 62% used [0x00000000d6000000,0x00000000d60a05d0,0x00000000d6100000)
  to   space 1536K, 0% used [0x00000000d5e00000,0x00000000d5e00000,0x00000000d5f80000)
 ParOldGen       total 231936K, used 231674K [0x0000000080000000, 0x000000008e280000, 0x00000000d5580000)
  object space 231936K, 99% used [0x0000000080000000,0x000000008e23eb48,0x000000008e280000)
 Metaspace       used 79832K, committed 81472K, reserved 1179648K
  class space    used 8024K, committed 8768K, reserved 1048576K
}
Event: 150.012 GC heap after
{Heap after GC invocations=239 (full 4):
 PSYoungGen      total 9728K, used 1522K [0x00000000d5580000, 0x00000000d6180000, 0x0000000100000000)
  eden space 8192K, 0% used [0x00000000d5580000,0x00000000d5580000,0x00000000d5d80000)
  from space 1536K, 99% used [0x00000000d5e00000,0x00000000d5f7c810,0x00000000d5f80000)
  to   space 2048K, 0% used [0x00000000d5f80000,0x00000000d5f80000,0x00000000d6180000)
 ParOldGen       total 232448K, used 231970K [0x0000000080000000, 0x000000008e300000, 0x00000000d5580000)
  object space 232448K, 99% used [0x0000000080000000,0x000000008e288b48,0x000000008e300000)
 Metaspace       used 79832K, committed 81472K, reserved 1179648K
  class space    used 8024K, committed 8768K, reserved 1048576K
}
Event: 150.068 GC heap before
{Heap before GC invocations=240 (full 4):
 PSYoungGen      total 9728K, used 9714K [0x00000000d5580000, 0x00000000d6180000, 0x0000000100000000)
  eden space 8192K, 100% used [0x00000000d5580000,0x00000000d5d80000,0x00000000d5d80000)
  from space 1536K, 99% used [0x00000000d5e00000,0x00000000d5f7c810,0x00000000d5f80000)
  to   space 2048K, 0% used [0x00000000d5f80000,0x00000000d5f80000,0x00000000d6180000)
 ParOldGen       total 232448K, used 231970K [0x0000000080000000, 0x000000008e300000, 0x00000000d5580000)
  object space 232448K, 99% used [0x0000000080000000,0x000000008e288b48,0x000000008e300000)
 Metaspace       used 79840K, committed 81536K, reserved 1179648K
  class space    used 8024K, committed 8768K, reserved 1048576K
}
Event: 150.070 GC heap after
{Heap after GC invocations=240 (full 4):
 PSYoungGen      total 9728K, used 1360K [0x00000000d5580000, 0x00000000d6100000, 0x0000000100000000)
  eden space 8192K, 0% used [0x00000000d5580000,0x00000000d5580000,0x00000000d5d80000)
  from space 1536K, 88% used [0x00000000d5f80000,0x00000000d60d4010,0x00000000d6100000)
  to   space 1536K, 0% used [0x00000000d5e00000,0x00000000d5e00000,0x00000000d5f80000)
 ParOldGen       total 233472K, used 233118K [0x0000000080000000, 0x000000008e400000, 0x00000000d5580000)
  object space 233472K, 99% used [0x0000000080000000,0x000000008e3a7bb8,0x000000008e400000)
 Metaspace       used 79840K, committed 81536K, reserved 1179648K
  class space    used 8024K, committed 8768K, reserved 1048576K
}
Event: 150.131 GC heap before
{Heap before GC invocations=241 (full 4):
 PSYoungGen      total 9728K, used 9519K [0x00000000d5580000, 0x00000000d6100000, 0x0000000100000000)
  eden space 8192K, 99% used [0x00000000d5580000,0x00000000d5d77e10,0x00000000d5d80000)
  from space 1536K, 88% used [0x00000000d5f80000,0x00000000d60d4010,0x00000000d6100000)
  to   space 1536K, 0% used [0x00000000d5e00000,0x00000000d5e00000,0x00000000d5f80000)
 ParOldGen       total 233472K, used 233118K [0x0000000080000000, 0x000000008e400000, 0x00000000d5580000)
  object space 233472K, 99% used [0x0000000080000000,0x000000008e3a7bb8,0x000000008e400000)
 Metaspace       used 79905K, committed 81600K, reserved 1179648K
  class space    used 8025K, committed 8768K, reserved 1048576K
}
Event: 150.134 GC heap after
{Heap after GC invocations=241 (full 4):
 PSYoungGen      total 9728K, used 1508K [0x00000000d5580000, 0x00000000d6e80000, 0x0000000100000000)
  eden space 8192K, 0% used [0x00000000d5580000,0x00000000d5580000,0x00000000d5d80000)
  from space 1536K, 98% used [0x00000000d5e00000,0x00000000d5f792c8,0x00000000d5f80000)
  to   space 8704K, 0% used [0x00000000d6600000,0x00000000d6600000,0x00000000d6e80000)
 ParOldGen       total 239104K, used 238908K [0x0000000080000000, 0x000000008e980000, 0x00000000d5580000)
  object space 239104K, 99% used [0x0000000080000000,0x000000008e94f310,0x000000008e980000)
 Metaspace       used 79905K, committed 81600K, reserved 1179648K
  class space    used 8025K, committed 8768K, reserved 1048576K
}
Event: 150.378 GC heap before
{Heap before GC invocations=242 (full 4):
 PSYoungGen      total 9728K, used 9700K [0x00000000d5580000, 0x00000000d6e80000, 0x0000000100000000)
  eden space 8192K, 100% used [0x00000000d5580000,0x00000000d5d80000,0x00000000d5d80000)
  from space 1536K, 98% used [0x00000000d5e00000,0x00000000d5f792c8,0x00000000d5f80000)
  to   space 8704K, 0% used [0x00000000d6600000,0x00000000d6600000,0x00000000d6e80000)
 ParOldGen       total 239104K, used 238908K [0x0000000080000000, 0x000000008e980000, 0x00000000d5580000)
  object space 239104K, 99% used [0x0000000080000000,0x000000008e94f310,0x000000008e980000)
 Metaspace       used 80114K, committed 81856K, reserved 1179648K
  class space    used 8060K, committed 8832K, reserved 1048576K
}
Event: 150.380 GC heap after
{Heap after GC invocations=242 (full 4):
 PSYoungGen      total 9728K, used 1088K [0x00000000d5580000, 0x00000000d6780000, 0x0000000100000000)
  eden space 8192K, 0% used [0x00000000d5580000,0x00000000d5580000,0x00000000d5d80000)
  from space 1536K, 70% used [0x00000000d6600000,0x00000000d6710000,0x00000000d6780000)
  to   space 3584K, 0% used [0x00000000d6080000,0x00000000d6080000,0x00000000d6400000)
 ParOldGen       total 239104K, used 239020K [0x0000000080000000, 0x000000008e980000, 0x00000000d5580000)
  object space 239104K, 99% used [0x0000000080000000,0x000000008e96b310,0x000000008e980000)
 Metaspace       used 80114K, committed 81856K, reserved 1179648K
  class space    used 8060K, committed 8832K, reserved 1048576K
}
Event: 150.482 GC heap before
{Heap before GC invocations=243 (full 4):
 PSYoungGen      total 9728K, used 9280K [0x00000000d5580000, 0x00000000d6780000, 0x0000000100000000)
  eden space 8192K, 100% used [0x00000000d5580000,0x00000000d5d80000,0x00000000d5d80000)
  from space 1536K, 70% used [0x00000000d6600000,0x00000000d6710000,0x00000000d6780000)
  to   space 3584K, 0% used [0x00000000d6080000,0x00000000d6080000,0x00000000d6400000)
 ParOldGen       total 239104K, used 239020K [0x0000000080000000, 0x000000008e980000, 0x00000000d5580000)
  object space 239104K, 99% used [0x0000000080000000,0x000000008e96b310,0x000000008e980000)
 Metaspace       used 80368K, committed 82176K, reserved 1179648K
  class space    used 8097K, committed 8896K, reserved 1048576K
}
Event: 150.484 GC heap after
{Heap after GC invocations=243 (full 4):
 PSYoungGen      total 11776K, used 1424K [0x00000000d5580000, 0x00000000d6680000, 0x0000000100000000)
  eden space 8192K, 0% used [0x00000000d5580000,0x00000000d5580000,0x00000000d5d80000)
  from space 3584K, 39% used [0x00000000d6080000,0x00000000d61e4050,0x00000000d6400000)
  to   space 2048K, 0% used [0x00000000d6480000,0x00000000d6480000,0x00000000d6680000)
 ParOldGen       total 240128K, used 239823K [0x0000000080000000, 0x000000008ea80000, 0x00000000d5580000)
  object space 240128K, 99% used [0x0000000080000000,0x000000008ea33db8,0x000000008ea80000)
 Metaspace       used 80368K, committed 82176K, reserved 1179648K
  class space    used 8097K, committed 8896K, reserved 1048576K
}
Event: 150.560 GC heap before
{Heap before GC invocations=244 (full 4):
 PSYoungGen      total 11776K, used 9616K [0x00000000d5580000, 0x00000000d6680000, 0x0000000100000000)
  eden space 8192K, 100% used [0x00000000d5580000,0x00000000d5d80000,0x00000000d5d80000)
  from space 3584K, 39% used [0x00000000d6080000,0x00000000d61e4050,0x00000000d6400000)
  to   space 2048K, 0% used [0x00000000d6480000,0x00000000d6480000,0x00000000d6680000)
 ParOldGen       total 240128K, used 239823K [0x0000000080000000, 0x000000008ea80000, 0x00000000d5580000)
  object space 240128K, 99% used [0x0000000080000000,0x000000008ea33db8,0x000000008ea80000)
 Metaspace       used 80548K, committed 82304K, reserved 1179648K
  class space    used 8120K, committed 8896K, reserved 1048576K
}
Event: 150.561 GC heap after
{Heap after GC invocations=244 (full 4):
 PSYoungGen      total 9216K, used 576K [0x00000000d5580000, 0x00000000d6580000, 0x0000000100000000)
  eden space 8192K, 0% used [0x00000000d5580000,0x00000000d5580000,0x00000000d5d80000)
  from space 1024K, 56% used [0x00000000d6480000,0x00000000d6510000,0x00000000d6580000)
  to   space 1024K, 0% used [0x00000000d6380000,0x00000000d6380000,0x00000000d6480000)
 ParOldGen       total 240640K, used 240399K [0x0000000080000000, 0x000000008eb00000, 0x00000000d5580000)
  object space 240640K, 99% used [0x0000000080000000,0x000000008eac3db8,0x000000008eb00000)
 Metaspace       used 80548K, committed 82304K, reserved 1179648K
  class space    used 8120K, committed 8896K, reserved 1048576K
}
Event: 150.730 GC heap before
{Heap before GC invocations=245 (full 4):
 PSYoungGen      total 9216K, used 8768K [0x00000000d5580000, 0x00000000d6580000, 0x0000000100000000)
  eden space 8192K, 100% used [0x00000000d5580000,0x00000000d5d80000,0x00000000d5d80000)
  from space 1024K, 56% used [0x00000000d6480000,0x00000000d6510000,0x00000000d6580000)
  to   space 1024K, 0% used [0x00000000d6380000,0x00000000d6380000,0x00000000d6480000)
 ParOldGen       total 240640K, used 240399K [0x0000000080000000, 0x000000008eb00000, 0x00000000d5580000)
  object space 240640K, 99% used [0x0000000080000000,0x000000008eac3db8,0x000000008eb00000)
 Metaspace       used 81145K, committed 82880K, reserved 1179648K
  class space    used 8180K, committed 8960K, reserved 1048576K
}
Event: 150.732 GC heap after
{Heap after GC invocations=245 (full 4):
 PSYoungGen      total 9216K, used 533K [0x00000000d5580000, 0x00000000d6500000, 0x0000000100000000)
  eden space 8192K, 0% used [0x00000000d5580000,0x00000000d5580000,0x00000000d5d80000)
  from space 1024K, 52% used [0x00000000d6380000,0x00000000d6405430,0x00000000d6480000)
  to   space 512K, 0% used [0x00000000d6480000,0x00000000d6480000,0x00000000d6500000)
 ParOldGen       total 241152K, used 240821K [0x0000000080000000, 0x000000008eb80000, 0x00000000d5580000)
  object space 241152K, 99% used [0x0000000080000000,0x000000008eb2d4e0,0x000000008eb80000)
 Metaspace       used 81145K, committed 82880K, reserved 1179648K
  class space    used 8180K, committed 8960K, reserved 1048576K
}

Dll operation events (10 events):
Event: 0.013 Loaded shared library c:\Users\huyho\.kiro\extensions\redhat.java-1.54.0-win32-x64\jre\21.0.10-win32-x86_64\bin\java.dll
Event: 0.056 Loaded shared library c:\Users\huyho\.kiro\extensions\redhat.java-1.54.0-win32-x64\jre\21.0.10-win32-x86_64\bin\zip.dll
Event: 0.133 Loaded shared library C:\Users\huyho\.kiro\extensions\redhat.java-1.54.0-win32-x64\jre\21.0.10-win32-x86_64\bin\instrument.dll
Event: 0.143 Loaded shared library C:\Users\huyho\.kiro\extensions\redhat.java-1.54.0-win32-x64\jre\21.0.10-win32-x86_64\bin\net.dll
Event: 0.146 Loaded shared library C:\Users\huyho\.kiro\extensions\redhat.java-1.54.0-win32-x64\jre\21.0.10-win32-x86_64\bin\nio.dll
Event: 0.150 Loaded shared library C:\Users\huyho\.kiro\extensions\redhat.java-1.54.0-win32-x64\jre\21.0.10-win32-x86_64\bin\zip.dll
Event: 0.180 Loaded shared library C:\Users\huyho\.kiro\extensions\redhat.java-1.54.0-win32-x64\jre\21.0.10-win32-x86_64\bin\jimage.dll
Event: 0.281 Loaded shared library c:\Users\huyho\.kiro\extensions\redhat.java-1.54.0-win32-x64\jre\21.0.10-win32-x86_64\bin\verify.dll
Event: 1.865 Loaded shared library C:\Users\huyho\AppData\Roaming\Kiro\User\globalStorage\redhat.java\1.54.0\config_win\org.eclipse.equinox.launcher\org.eclipse.equinox.launcher.win32.win32.x86_64_1.3.0.v20260203-2149\eclipse_11919.dll
Event: 5.242 Loaded shared library C:\Users\huyho\AppData\Local\Temp\jna-99651347\jna6803077653867872005.dll

Deoptimization events (20 events):
Event: 150.661 Thread 0x000001197c2fe340 Uncommon trap: trap_request=0xffffffde fr.pc=0x00000119699f23b4 relative=0x0000000000000a74
Event: 150.661 Thread 0x000001197c2fe340 Uncommon trap: reason=class_check action=maybe_recompile pc=0x00000119699f23b4 method=java.util.HashMap.computeIfAbsent(Ljava/lang/Object;Ljava/util/function/Function;)Ljava/lang/Object; @ 142 c2
Event: 150.661 Thread 0x000001197c2fe340 DEOPT PACKING pc=0x00000119699f23b4 sp=0x0000000f0f3fd740
Event: 150.661 Thread 0x000001197c2fe340 DEOPT UNPACKING pc=0x0000011968e26da2 sp=0x0000000f0f3fd6e8 mode 2
Event: 150.703 Thread 0x000001197c2fe340 Uncommon trap: trap_request=0xffffffc6 fr.pc=0x000001196a4eaef0 relative=0x0000000000002630
Event: 150.703 Thread 0x000001197c2fe340 Uncommon trap: reason=bimorphic_or_optimized_type_check action=maybe_recompile pc=0x000001196a4eaef0 method=org.eclipse.core.internal.dtree.AbstractDataTreeNode.assembleWith([Lorg/eclipse/core/internal/dtree/AbstractDataTreeNode;[Lorg/eclipse/core/interna
Event: 150.703 Thread 0x000001197c2fe340 DEOPT PACKING pc=0x000001196a4eaef0 sp=0x0000000f0f3fd640
Event: 150.703 Thread 0x000001197c2fe340 DEOPT UNPACKING pc=0x0000011968e26da2 sp=0x0000000f0f3fd610 mode 2
Event: 150.708 Thread 0x000001197c2fe340 Uncommon trap: trap_request=0xffffffc6 fr.pc=0x000001196a4eaef0 relative=0x0000000000002630
Event: 150.708 Thread 0x000001197c2fe340 Uncommon trap: reason=bimorphic_or_optimized_type_check action=maybe_recompile pc=0x000001196a4eaef0 method=org.eclipse.core.internal.dtree.AbstractDataTreeNode.assembleWith([Lorg/eclipse/core/internal/dtree/AbstractDataTreeNode;[Lorg/eclipse/core/interna
Event: 150.708 Thread 0x000001197c2fe340 DEOPT PACKING pc=0x000001196a4eaef0 sp=0x0000000f0f3fd3f0
Event: 150.708 Thread 0x000001197c2fe340 DEOPT UNPACKING pc=0x0000011968e26da2 sp=0x0000000f0f3fd3c0 mode 2
Event: 150.708 Thread 0x000001197c2fe340 Uncommon trap: trap_request=0xffffffc6 fr.pc=0x000001196a4eaef0 relative=0x0000000000002630
Event: 150.708 Thread 0x000001197c2fe340 Uncommon trap: reason=bimorphic_or_optimized_type_check action=maybe_recompile pc=0x000001196a4eaef0 method=org.eclipse.core.internal.dtree.AbstractDataTreeNode.assembleWith([Lorg/eclipse/core/internal/dtree/AbstractDataTreeNode;[Lorg/eclipse/core/interna
Event: 150.708 Thread 0x000001197c2fe340 DEOPT PACKING pc=0x000001196a4eaef0 sp=0x0000000f0f3fd250
Event: 150.708 Thread 0x000001197c2fe340 DEOPT UNPACKING pc=0x0000011968e26da2 sp=0x0000000f0f3fd220 mode 2
Event: 150.708 Thread 0x000001197c2fe340 Uncommon trap: trap_request=0xffffffc6 fr.pc=0x000001196a4eaef0 relative=0x0000000000002630
Event: 150.708 Thread 0x000001197c2fe340 Uncommon trap: reason=bimorphic_or_optimized_type_check action=maybe_recompile pc=0x000001196a4eaef0 method=org.eclipse.core.internal.dtree.AbstractDataTreeNode.assembleWith([Lorg/eclipse/core/internal/dtree/AbstractDataTreeNode;[Lorg/eclipse/core/interna
Event: 150.708 Thread 0x000001197c2fe340 DEOPT PACKING pc=0x000001196a4eaef0 sp=0x0000000f0f3fd250
Event: 150.708 Thread 0x000001197c2fe340 DEOPT UNPACKING pc=0x0000011968e26da2 sp=0x0000000f0f3fd220 mode 2

Classes loaded (20 events):
Event: 144.972 Loading class jdk/internal/icu/text/ReplaceableString
Event: 144.972 Loading class jdk/internal/icu/text/Replaceable
Event: 144.972 Loading class jdk/internal/icu/text/Replaceable done
Event: 144.972 Loading class jdk/internal/icu/text/ReplaceableString done
Event: 145.071 Loading class sun/nio/ch/ChannelOutputStream
Event: 145.071 Loading class sun/nio/ch/ChannelOutputStream done
Event: 146.556 Loading class java/util/concurrent/ArrayBlockingQueue
Event: 146.557 Loading class java/util/concurrent/ArrayBlockingQueue done
Event: 146.579 Loading class java/util/concurrent/ConcurrentHashMap$KeySpliterator
Event: 146.579 Loading class java/util/concurrent/ConcurrentHashMap$KeySpliterator done
Event: 146.720 Loading class sun/nio/fs/WindowsFileCopy
Event: 146.720 Loading class sun/nio/fs/WindowsFileCopy done
Event: 148.121 Loading class java/util/ArrayDeque$DeqSpliterator
Event: 148.121 Loading class java/util/ArrayDeque$DeqSpliterator done
Event: 150.146 Loading class jdk/internal/module/IllegalAccessLogger
Event: 150.146 Loading class jdk/internal/module/IllegalAccessLogger done
Event: 150.634 Loading class java/io/CharArrayWriter
Event: 150.634 Loading class java/io/CharArrayWriter done
Event: 150.646 Loading class java/nio/file/attribute/PosixFileAttributes
Event: 150.646 Loading class java/nio/file/attribute/PosixFileAttributes done

Classes unloaded (20 events):
Event: 5.710 Thread 0x00000119766e3540 Unloading class 0x00000119011aa400 'java/lang/invoke/LambdaForm$MH+0x00000119011aa400'
Event: 5.710 Thread 0x00000119766e3540 Unloading class 0x00000119011aa000 'java/lang/invoke/LambdaForm$MH+0x00000119011aa000'
Event: 5.710 Thread 0x00000119766e3540 Unloading class 0x00000119011a9c00 'java/lang/invoke/LambdaForm$MH+0x00000119011a9c00'
Event: 5.710 Thread 0x00000119766e3540 Unloading class 0x00000119011a9800 'java/lang/invoke/LambdaForm$BMH+0x00000119011a9800'
Event: 5.710 Thread 0x00000119766e3540 Unloading class 0x00000119011a9400 'java/lang/invoke/LambdaForm$DMH+0x00000119011a9400'
Event: 5.710 Thread 0x00000119766e3540 Unloading class 0x00000119011a8400 'java/lang/invoke/LambdaForm$DMH+0x00000119011a8400'
Event: 145.486 Thread 0x00000119766e3540 Unloading class 0x0000011901761c00 'java/lang/invoke/LambdaForm$DMH+0x0000011901761c00'
Event: 145.486 Thread 0x00000119766e3540 Unloading class 0x0000011901761000 'java/lang/invoke/LambdaForm$MH+0x0000011901761000'
Event: 145.486 Thread 0x00000119766e3540 Unloading class 0x0000011901760800 'java/lang/invoke/LambdaForm$MH+0x0000011901760800'
Event: 145.486 Thread 0x00000119766e3540 Unloading class 0x0000011901760000 'java/lang/invoke/LambdaForm$MH+0x0000011901760000'
Event: 145.486 Thread 0x00000119766e3540 Unloading class 0x000001190175b800 'java/lang/invoke/LambdaForm$MH+0x000001190175b800'
Event: 145.486 Thread 0x00000119766e3540 Unloading class 0x000001190175b000 'java/lang/invoke/LambdaForm$MH+0x000001190175b000'
Event: 145.486 Thread 0x00000119766e3540 Unloading class 0x000001190175a800 'java/lang/invoke/LambdaForm$MH+0x000001190175a800'
Event: 145.486 Thread 0x00000119766e3540 Unloading class 0x000001190175a000 'java/lang/invoke/LambdaForm$MH+0x000001190175a000'
Event: 145.486 Thread 0x00000119766e3540 Unloading class 0x0000011901759800 'java/lang/invoke/LambdaForm$MH+0x0000011901759800'
Event: 145.486 Thread 0x00000119766e3540 Unloading class 0x0000011901750000 'java/lang/invoke/LambdaForm$DMH+0x0000011901750000'
Event: 145.486 Thread 0x00000119766e3540 Unloading class 0x000001190172c800 'java/lang/invoke/LambdaForm$DMH+0x000001190172c800'
Event: 145.487 Thread 0x00000119766e3540 Unloading class 0x000001190172c400 'java/lang/invoke/LambdaForm$DMH+0x000001190172c400'
Event: 145.487 Thread 0x00000119766e3540 Unloading class 0x000001190172d000 'java/lang/invoke/LambdaForm$DMH+0x000001190172d000'
Event: 145.487 Thread 0x00000119766e3540 Unloading class 0x000001190172cc00 'java/lang/invoke/LambdaForm$DMH+0x000001190172cc00'

Classes redefined (0 events):
No events

Internal exceptions (20 events):
Event: 149.746 Thread 0x000001197f622b40 Exception <a 'java/lang/ArrayIndexOutOfBoundsException'{0x00000000d58f8e78}> (0x00000000d58f8e78) 
thrown [s\src\hotspot\share\runtime\sharedRuntime.cpp, line 625]
Event: 149.747 Thread 0x000001197f622b40 Implicit null exception at 0x000001196289f81b to 0x00000119628a30a3
Event: 149.747 Thread 0x000001197f622b40 Exception <a 'java/lang/NullPointerException'{0x00000000d58fa298}> (0x00000000d58fa298) 
thrown [s\src\hotspot\share\runtime\sharedRuntime.cpp, line 625]
Event: 149.747 Thread 0x000001197f622b40 Implicit null exception at 0x000001196289f81b to 0x00000119628a30a3
Event: 149.747 Thread 0x000001197f622b40 Exception <a 'java/lang/NullPointerException'{0x00000000d5901278}> (0x00000000d5901278) 
thrown [s\src\hotspot\share\runtime\sharedRuntime.cpp, line 625]
Event: 149.747 Thread 0x000001197f622b40 Implicit null exception at 0x000001196289f81b to 0x00000119628a30a3
Event: 149.747 Thread 0x000001197f622b40 Exception <a 'java/lang/NullPointerException'{0x00000000d5902148}> (0x00000000d5902148) 
thrown [s\src\hotspot\share\runtime\sharedRuntime.cpp, line 625]
Event: 149.747 Thread 0x000001197f622b40 Implicit null exception at 0x000001196289f81b to 0x00000119628a30a3
Event: 149.747 Thread 0x000001197f622b40 Exception <a 'java/lang/NullPointerException'{0x00000000d5902fe0}> (0x00000000d5902fe0) 
thrown [s\src\hotspot\share\runtime\sharedRuntime.cpp, line 625]
Event: 149.748 Thread 0x000001197f622b40 Exception <a 'java/lang/ArrayIndexOutOfBoundsException'{0x00000000d5927d58}> (0x00000000d5927d58) 
thrown [s\src\hotspot\share\runtime\sharedRuntime.cpp, line 625]
Event: 150.158 Thread 0x000001197c9e0c00 Exception <a 'sun/nio/fs/WindowsException'{0x00000000d582acf0}> (0x00000000d582acf0) 
thrown [s\src\hotspot\share\prims\jni.cpp, line 520]
Event: 150.158 Thread 0x000001197c9e0c00 Exception <a 'sun/nio/fs/WindowsException'{0x00000000d582b1d0}> (0x00000000d582b1d0) 
thrown [s\src\hotspot\share\prims\jni.cpp, line 520]
Event: 150.306 Thread 0x000001197c2fe340 Exception <a 'java/lang/NoSuchMethodError'{0x00000000d5a37038}: 'java.lang.Object java.lang.invoke.DirectMethodHandle$Holder.newInvokeSpecial(java.lang.Object, java.lang.Object, int, java.lang.Object, java.lang.Object)'> (0x00000000d5a37038) 
thrown [s\src\hotspot\share\interpreter\linkResolver.cpp, line 773]
Event: 150.310 Thread 0x000001197c2fe340 Exception <a 'java/lang/NoSuchMethodError'{0x00000000d5a515c0}: 'java.lang.Object java.lang.invoke.DirectMethodHandle$Holder.invokeSpecial(java.lang.Object, java.lang.Object, java.lang.Object, int, java.lang.Object, java.lang.Object, java.lang.Object)'> (0x00000000d5a515c0) 
thrown [s\src\hotspot\share\interpreter\linkResolver.cpp, line 773]
Event: 150.329 Thread 0x000001197c2fe340 Exception <a 'java/lang/NoSuchMethodError'{0x00000000d5addab8}: 'void java.lang.invoke.DirectMethodHandle$Holder.invokeStatic(java.lang.Object, int)'> (0x00000000d5addab8) 
thrown [s\src\hotspot\share\interpreter\linkResolver.cpp, line 773]
Event: 150.428 Thread 0x000001197c2fe340 Exception <a 'java/io/FileNotFoundException'{0x00000000d59232b8}> (0x00000000d59232b8) 
thrown [s\src\hotspot\share\prims\jni.cpp, line 520]
Event: 150.428 Thread 0x000001197c2fe340 Exception <a 'java/io/FileNotFoundException'{0x00000000d5924550}> (0x00000000d5924550) 
thrown [s\src\hotspot\share\prims\jni.cpp, line 520]
Event: 150.428 Thread 0x000001197c2fe340 Exception <a 'java/io/FileNotFoundException'{0x00000000d5925540}> (0x00000000d5925540) 
thrown [s\src\hotspot\share\prims\jni.cpp, line 520]
Event: 150.510 Thread 0x000001197c2fe340 Implicit null exception at 0x000001196a06b8c2 to 0x000001196a06cb0c
Event: 150.654 Thread 0x000001197c2fe340 Exception <a 'sun/nio/fs/WindowsException'{0x00000000d5b276a0}> (0x00000000d5b276a0) 
thrown [s\src\hotspot\share\prims\jni.cpp, line 520]

ZGC Phase Switch (0 events):
No events

VM Operations (20 events):
Event: 150.081 Executing non-safepoint VM operation: HandshakeAllThreads (Deoptimize)
Event: 150.082 Executing non-safepoint VM operation: HandshakeAllThreads (Deoptimize) done
Event: 150.131 Executing safepoint VM operation: ParallelGCFailedAllocation (Allocation Failure)
Event: 150.134 Executing safepoint VM operation: ParallelGCFailedAllocation (Allocation Failure) done
Event: 150.378 Executing safepoint VM operation: ParallelGCFailedAllocation (Allocation Failure)
Event: 150.380 Executing safepoint VM operation: ParallelGCFailedAllocation (Allocation Failure) done
Event: 150.482 Executing safepoint VM operation: ParallelGCFailedAllocation (Allocation Failure)
Event: 150.484 Executing safepoint VM operation: ParallelGCFailedAllocation (Allocation Failure) done
Event: 150.559 Executing safepoint VM operation: ParallelGCFailedAllocation (Allocation Failure)
Event: 150.561 Executing safepoint VM operation: ParallelGCFailedAllocation (Allocation Failure) done
Event: 150.730 Executing safepoint VM operation: ParallelGCFailedAllocation (Allocation Failure)
Event: 150.732 Executing safepoint VM operation: ParallelGCFailedAllocation (Allocation Failure) done
Event: 152.732 Executing safepoint VM operation: Cleanup
Event: 152.732 Executing safepoint VM operation: Cleanup done
Event: 180.469 Executing non-safepoint VM operation: HandshakeAllThreads (HandshakeForDeflation)
Event: 180.469 Executing non-safepoint VM operation: HandshakeAllThreads (HandshakeForDeflation) done
Event: 180.469 Executing non-safepoint VM operation: RendezvousGCThreads
Event: 180.469 Executing non-safepoint VM operation: RendezvousGCThreads done
Event: 210.487 Executing safepoint VM operation: Cleanup
Event: 210.487 Executing safepoint VM operation: Cleanup done

Memory protections (0 events):
No events

Nmethod flushes (20 events):
Event: 145.536 Thread 0x00000119766e3540 flushing  nmethod 0x000001196290cc90
Event: 145.536 Thread 0x00000119766e3540 flushing  nmethod 0x000001196290e110
Event: 145.536 Thread 0x00000119766e3540 flushing  nmethod 0x000001196293f010
Event: 145.536 Thread 0x00000119766e3540 flushing  nmethod 0x000001196293f490
Event: 145.536 Thread 0x00000119766e3540 flushing  nmethod 0x000001196293fc90
Event: 145.536 Thread 0x00000119766e3540 flushing  nmethod 0x0000011962940610
Event: 145.536 Thread 0x00000119766e3540 flushing  nmethod 0x0000011962958310
Event: 145.536 Thread 0x00000119766e3540 flushing  nmethod 0x0000011962959210
Event: 145.536 Thread 0x00000119766e3540 flushing  nmethod 0x0000011962970010
Event: 145.536 Thread 0x00000119766e3540 flushing  nmethod 0x0000011962970410
Event: 145.536 Thread 0x00000119766e3540 flushing  nmethod 0x0000011962976d10
Event: 145.536 Thread 0x00000119766e3540 flushing  nmethod 0x0000011962983290
Event: 145.536 Thread 0x00000119766e3540 flushing  nmethod 0x0000011962a1c790
Event: 145.536 Thread 0x00000119766e3540 flushing  nmethod 0x0000011962a63490
Event: 145.536 Thread 0x00000119766e3540 flushing  nmethod 0x0000011962a64010
Event: 145.536 Thread 0x00000119766e3540 flushing  nmethod 0x0000011962a65310
Event: 145.536 Thread 0x00000119766e3540 flushing  nmethod 0x0000011962a78610
Event: 145.536 Thread 0x00000119766e3540 flushing  nmethod 0x0000011962a7b790
Event: 145.536 Thread 0x00000119766e3540 flushing  nmethod 0x0000011962b05410
Event: 145.536 Thread 0x00000119766e3540 flushing  nmethod 0x0000011962b06190

Events (20 events):
Event: 150.476 Thread 0x000001197c2fe340 Thread added: 0x000001194cdf80d0
Event: 150.496 Thread 0x000001194cdf6690 Thread exited: 0x000001194cdf6690
Event: 150.496 Thread 0x000001194cdf80d0 Thread exited: 0x000001194cdf80d0
Event: 150.496 Thread 0x000001194cdf73b0 Thread exited: 0x000001194cdf73b0
Event: 150.496 Thread 0x000001194cdf6d20 Thread exited: 0x000001194cdf6d20
Event: 150.496 Thread 0x000001194cdf7a40 Thread exited: 0x000001194cdf7a40
Event: 155.802 Thread 0x000001197c57e410 Thread exited: 0x000001197c57e410
Event: 155.802 Thread 0x000001197c580620 Thread exited: 0x000001197c580620
Event: 160.802 Thread 0x000001197c57c8d0 Thread exited: 0x000001197c57c8d0
Event: 160.802 Thread 0x000001197c57c200 Thread exited: 0x000001197c57c200
Event: 160.802 Thread 0x000001197c57f880 Thread exited: 0x000001197c57f880
Event: 165.802 Thread 0x000001197c57eae0 Thread exited: 0x000001197c57eae0
Event: 168.561 Thread 0x0000011941960e20 Thread exited: 0x0000011941960e20
Event: 170.802 Thread 0x000001197c57f1b0 Thread exited: 0x000001197c57f1b0
Event: 201.643 Thread 0x00000119433c0da0 Thread exited: 0x00000119433c0da0
Event: 210.150 Thread 0x000001197f622b40 Thread exited: 0x000001197f622b40
Event: 210.288 Thread 0x000001197c2fbbe0 Thread exited: 0x000001197c2fbbe0
Event: 210.288 Thread 0x000001197f624580 Thread exited: 0x000001197f624580
Event: 210.288 Thread 0x000001197c9e0c00 Thread exited: 0x000001197c9e0c00
Event: 228.562 Thread 0x000001194195f3e0 Thread exited: 0x000001194195f3e0


Dynamic libraries:
0x00007ff7a4e30000 - 0x00007ff7a4e3e000 	c:\Users\huyho\.kiro\extensions\redhat.java-1.54.0-win32-x64\jre\21.0.10-win32-x86_64\bin\java.exe
0x00007ff957de0000 - 0x00007ff958047000 	C:\WINDOWS\SYSTEM32\ntdll.dll
0x00007ff957710000 - 0x00007ff9577d9000 	C:\WINDOWS\System32\KERNEL32.DLL
0x00007ff9555e0000 - 0x00007ff9559d7000 	C:\WINDOWS\System32\KERNELBASE.dll
0x00007ff9549a0000 - 0x00007ff954aeb000 	C:\WINDOWS\System32\ucrtbase.dll
0x00007ff908240000 - 0x00007ff90825e000 	c:\Users\huyho\.kiro\extensions\redhat.java-1.54.0-win32-x64\jre\21.0.10-win32-x86_64\bin\VCRUNTIME140.dll
0x00007ff90e190000 - 0x00007ff90e1a8000 	c:\Users\huyho\.kiro\extensions\redhat.java-1.54.0-win32-x64\jre\21.0.10-win32-x86_64\bin\jli.dll
0x00007ff9563b0000 - 0x00007ff956576000 	C:\WINDOWS\System32\USER32.dll
0x00007ff93c3b0000 - 0x00007ff93c642000 	C:\WINDOWS\WinSxS\amd64_microsoft.windows.common-controls_6595b64144ccf1df_6.0.26100.8457_none_3e0b2faee331e92d\COMCTL32.dll
0x00007ff954970000 - 0x00007ff954997000 	C:\WINDOWS\System32\win32u.dll
0x00007ff9577e0000 - 0x00007ff95780b000 	C:\WINDOWS\System32\GDI32.dll
0x00007ff957c70000 - 0x00007ff957d19000 	C:\WINDOWS\System32\msvcrt.dll
0x00007ff9554b0000 - 0x00007ff9555dc000 	C:\WINDOWS\System32\gdi32full.dll
0x00007ff954810000 - 0x00007ff9548b3000 	C:\WINDOWS\System32\msvcp_win.dll
0x00007ff957870000 - 0x00007ff9578a2000 	C:\WINDOWS\System32\IMM32.DLL
0x00007ff91d6c0000 - 0x00007ff91d6cc000 	c:\Users\huyho\.kiro\extensions\redhat.java-1.54.0-win32-x64\jre\21.0.10-win32-x86_64\bin\vcruntime140_1.dll
0x00007ff8fb060000 - 0x00007ff8fb0ed000 	c:\Users\huyho\.kiro\extensions\redhat.java-1.54.0-win32-x64\jre\21.0.10-win32-x86_64\bin\msvcp140.dll
0x00007ff864a20000 - 0x00007ff8657c1000 	c:\Users\huyho\.kiro\extensions\redhat.java-1.54.0-win32-x64\jre\21.0.10-win32-x86_64\bin\server\jvm.dll
0x00007ff956580000 - 0x00007ff956636000 	C:\WINDOWS\System32\ADVAPI32.dll
0x00007ff957bc0000 - 0x00007ff957c67000 	C:\WINDOWS\System32\sechost.dll
0x00007ff955b60000 - 0x00007ff955c78000 	C:\WINDOWS\System32\RPCRT4.dll
0x00007ff9568b0000 - 0x00007ff956930000 	C:\WINDOWS\System32\WS2_32.dll
0x00007ff954670000 - 0x00007ff9546ce000 	C:\WINDOWS\SYSTEM32\POWRPROF.dll
0x00007ff9428f0000 - 0x00007ff942926000 	C:\WINDOWS\SYSTEM32\WINMM.dll
0x00007ff94c870000 - 0x00007ff94c87b000 	C:\WINDOWS\SYSTEM32\VERSION.dll
0x00007ff954650000 - 0x00007ff954664000 	C:\WINDOWS\SYSTEM32\UMPDC.dll
0x00007ff953560000 - 0x00007ff95357b000 	C:\WINDOWS\SYSTEM32\kernel.appcore.dll
0x00007ff91b610000 - 0x00007ff91b61a000 	c:\Users\huyho\.kiro\extensions\redhat.java-1.54.0-win32-x64\jre\21.0.10-win32-x86_64\bin\jimage.dll
0x00007ff952770000 - 0x00007ff9529b2000 	C:\WINDOWS\SYSTEM32\DBGHELP.DLL
0x00007ff956950000 - 0x00007ff956cd3000 	C:\WINDOWS\System32\combase.dll
0x00007ff955ca0000 - 0x00007ff955d79000 	C:\WINDOWS\System32\OLEAUT32.dll
0x00007ff939d20000 - 0x00007ff939d5b000 	C:\WINDOWS\SYSTEM32\dbgcore.DLL
0x00007ff9548c0000 - 0x00007ff954968000 	C:\WINDOWS\System32\bcryptPrimitives.dll
0x00007ff91b4f0000 - 0x00007ff91b4ff000 	c:\Users\huyho\.kiro\extensions\redhat.java-1.54.0-win32-x64\jre\21.0.10-win32-x86_64\bin\instrument.dll
0x00007ff902d70000 - 0x00007ff902d90000 	c:\Users\huyho\.kiro\extensions\redhat.java-1.54.0-win32-x64\jre\21.0.10-win32-x86_64\bin\java.dll
0x00007ff956ce0000 - 0x00007ff95744e000 	C:\WINDOWS\System32\SHELL32.dll
0x00007ff954b80000 - 0x00007ff9553ec000 	C:\WINDOWS\System32\windows.storage.dll
0x00007ff957610000 - 0x00007ff957706000 	C:\WINDOWS\System32\SHCORE.dll
0x00007ff957d30000 - 0x00007ff957d96000 	C:\WINDOWS\System32\shlwapi.dll
0x00007ff954730000 - 0x00007ff954759000 	C:\WINDOWS\SYSTEM32\profapi.dll
0x00007ff8fc200000 - 0x00007ff8fc218000 	c:\Users\huyho\.kiro\extensions\redhat.java-1.54.0-win32-x64\jre\21.0.10-win32-x86_64\bin\zip.dll
0x00007ff9140d0000 - 0x00007ff9140e0000 	C:\Users\huyho\.kiro\extensions\redhat.java-1.54.0-win32-x64\jre\21.0.10-win32-x86_64\bin\net.dll
0x00007ff94d4d0000 - 0x00007ff94d5f9000 	C:\WINDOWS\SYSTEM32\WINHTTP.dll
0x00007ff953ac0000 - 0x00007ff953b2c000 	C:\WINDOWS\system32\mswsock.dll
0x00007ff8fc1e0000 - 0x00007ff8fc1f6000 	C:\Users\huyho\.kiro\extensions\redhat.java-1.54.0-win32-x64\jre\21.0.10-win32-x86_64\bin\nio.dll
0x00007ff910b00000 - 0x00007ff910b10000 	c:\Users\huyho\.kiro\extensions\redhat.java-1.54.0-win32-x64\jre\21.0.10-win32-x86_64\bin\verify.dll
0x00007ff8ed840000 - 0x00007ff8ed885000 	C:\Users\huyho\AppData\Roaming\Kiro\User\globalStorage\redhat.java\1.54.0\config_win\org.eclipse.equinox.launcher\org.eclipse.equinox.launcher.win32.win32.x86_64_1.3.0.v20260203-2149\eclipse_11919.dll
0x00007ff9578b0000 - 0x00007ff957a47000 	C:\WINDOWS\System32\ole32.dll
0x00007ff953d50000 - 0x00007ff953d6b000 	C:\WINDOWS\SYSTEM32\CRYPTSP.dll
0x00007ff9534c0000 - 0x00007ff9534f9000 	C:\WINDOWS\system32\rsaenh.dll
0x00007ff953b70000 - 0x00007ff953ba3000 	C:\WINDOWS\SYSTEM32\USERENV.dll
0x00007ff954700000 - 0x00007ff95472a000 	C:\WINDOWS\SYSTEM32\bcrypt.dll
0x00007ff953d70000 - 0x00007ff953d7c000 	C:\WINDOWS\SYSTEM32\CRYPTBASE.dll
0x00007ff952f50000 - 0x00007ff952f82000 	C:\WINDOWS\SYSTEM32\IPHLPAPI.DLL
0x00007ff9568a0000 - 0x00007ff9568aa000 	C:\WINDOWS\System32\NSI.dll
0x00007ff8e6a70000 - 0x00007ff8e6ab9000 	C:\Users\huyho\AppData\Local\Temp\jna-99651347\jna6803077653867872005.dll
0x00007ff9563a0000 - 0x00007ff9563a8000 	C:\WINDOWS\System32\PSAPI.DLL
0x00007ff94d2b0000 - 0x00007ff94d2cd000 	C:\WINDOWS\SYSTEM32\dhcpcsvc6.DLL
0x00007ff94d280000 - 0x00007ff94d2a5000 	C:\WINDOWS\SYSTEM32\dhcpcsvc.DLL
0x00007ff953680000 - 0x00007ff9536b6000 	C:\WINDOWS\SYSTEM32\ntmarta.dll

JVMTI agents:
c:\Users\huyho\.kiro\extensions\redhat.java-1.54.0-win32-x64\lombok\lombok-1.18.39-4050.jar path:c:\Users\huyho\.kiro\extensions\redhat.java-1.54.0-win32-x64\jre\21.0.10-win32-x86_64\bin\instrument.dll, loaded, initialized, instrumentlib options:none

dbghelp: loaded successfully - version: 4.0.5 - missing functions: none
symbol engine: initialized successfully - sym options: 0x614 - pdb path: .;c:\Users\huyho\.kiro\extensions\redhat.java-1.54.0-win32-x64\jre\21.0.10-win32-x86_64\bin;C:\WINDOWS\SYSTEM32;C:\WINDOWS\WinSxS\amd64_microsoft.windows.common-controls_6595b64144ccf1df_6.0.26100.8457_none_3e0b2faee331e92d;c:\Users\huyho\.kiro\extensions\redhat.java-1.54.0-win32-x64\jre\21.0.10-win32-x86_64\bin\server;C:\Users\huyho\AppData\Roaming\Kiro\User\globalStorage\redhat.java\1.54.0\config_win\org.eclipse.equinox.launcher\org.eclipse.equinox.launcher.win32.win32.x86_64_1.3.0.v20260203-2149;C:\Users\huyho\AppData\Local\Temp\jna-99651347

VM Arguments:
jvm_args: --add-modules=ALL-SYSTEM --add-opens=java.base/java.util=ALL-UNNAMED --add-opens=java.base/java.lang=ALL-UNNAMED --add-opens=java.base/sun.nio.fs=ALL-UNNAMED -Declipse.application=org.eclipse.jdt.ls.core.id1 -Dosgi.bundles.defaultStartLevel=4 -Declipse.product=org.eclipse.jdt.ls.core.product -Djava.import.generatesMetadataFilesAtProjectRoot=false -DDetectVMInstallationsJob.disabled=true -Dfile.encoding=utf8 -XX:+UseParallelGC -XX:GCTimeRatio=4 -XX:AdaptiveSizePolicyWeight=90 -Dsun.zip.disableMemoryMapping=true -Xmx2G -Xms100m -Xlog:disable -javaagent:c:\Users\huyho\.kiro\extensions\redhat.java-1.54.0-win32-x64\lombok\lombok-1.18.39-4050.jar -XX:+HeapDumpOnOutOfMemoryError -XX:HeapDumpPath=c:\Users\huyho\AppData\Roaming\Kiro\User\workspaceStorage\5e15e38d29a15d48525ca3e64bc0a6cd\redhat.java -Daether.dependencyCollector.impl=bf 
java_command: c:\Users\huyho\.kiro\extensions\redhat.java-1.54.0-win32-x64\server\plugins\org.eclipse.equinox.launcher_1.7.100.v20251111-0406.jar -configuration c:\Users\huyho\AppData\Roaming\Kiro\User\globalStorage\redhat.java\1.54.0\config_win -data c:\Users\huyho\AppData\Roaming\Kiro\User\workspaceStorage\5e15e38d29a15d48525ca3e64bc0a6cd\redhat.java\jdt_ws --pipe=\\.\pipe\lsp-a93b96aa8472a4abefd59b9c6cf853c0-sock
java_class_path (initial): c:\Users\huyho\.kiro\extensions\redhat.java-1.54.0-win32-x64\server\plugins\org.eclipse.equinox.launcher_1.7.100.v20251111-0406.jar
Launcher Type: SUN_STANDARD

[Global flags]
    uintx AdaptiveSizePolicyWeight                 = 90                                        {product} {command line}
     intx CICompilerCount                          = 12                                        {product} {ergonomic}
    uintx GCTimeRatio                              = 4                                         {product} {command line}
     bool HeapDumpOnOutOfMemoryError               = true                                   {manageable} {command line}
    ccstr HeapDumpPath                             = c:\Users\huyho\AppData\Roaming\Kiro\User\workspaceStorage\5e15e38d29a15d48525ca3e64bc0a6cd\redhat.java         {manageable} {command line}
   size_t InitialHeapSize                          = 104857600                                 {product} {command line}
   size_t MaxHeapSize                              = 2147483648                                {product} {command line}
   size_t MaxNewSize                               = 715653120                                 {product} {ergonomic}
   size_t MinHeapDeltaBytes                        = 524288                                    {product} {ergonomic}
   size_t MinHeapSize                              = 104857600                                 {product} {command line}
   size_t NewSize                                  = 34603008                                  {product} {ergonomic}
    uintx NonNMethodCodeHeapSize                   = 7602480                                {pd product} {ergonomic}
    uintx NonProfiledCodeHeapSize                  = 122027880                              {pd product} {ergonomic}
   size_t OldSize                                  = 70254592                                  {product} {ergonomic}
    uintx ProfiledCodeHeapSize                     = 122027880                              {pd product} {ergonomic}
    uintx ReservedCodeCacheSize                    = 251658240                              {pd product} {ergonomic}
     bool SegmentedCodeCache                       = true                                      {product} {ergonomic}
   size_t SoftMaxHeapSize                          = 2147483648                             {manageable} {ergonomic}
     bool UseCompressedOops                        = true                           {product lp64_product} {ergonomic}
     bool UseLargePagesIndividualAllocation        = false                                  {pd product} {ergonomic}
     bool UseParallelGC                            = true                                      {product} {command line}

Logging:
Log output configuration:
 #0: stdout all=off uptime,level,tags foldmultilines=false
 #1: stderr all=off uptime,level,tags foldmultilines=false

Release file:
JAVA_VERSION="21.0.10" 
MODULES="java.base java.compiler java.datatransfer java.xml java.prefs java.desktop java.instrument java.logging java.management java.security.sasl java.naming java.rmi java.management.rmi java.net.http java.scripting java.security.jgss java.transaction.xa java.sql java.sql.rowset java.xml.crypto java.se java.smartcardio jdk.accessibility jdk.internal.jvmstat jdk.attach jdk.charsets jdk.internal.opt jdk.zipfs jdk.compiler jdk.crypto.ec jdk.crypto.cryptoki jdk.crypto.mscapi jdk.dynalink jdk.internal.ed jdk.editpad jdk.hotspot.agent jdk.httpserver jdk.internal.le jdk.internal.vm.ci jdk.internal.vm.compiler jdk.internal.vm.compiler.management jdk.jartool jdk.javadoc jdk.jcmd jdk.management jdk.management.agent jdk.jconsole jdk.jdeps jdk.jdwp.agent jdk.jdi jdk.jfr jdk.jshell jdk.jsobject jdk.jstatd jdk.localedata jdk.management.jfr jdk.naming.dns jdk.naming.rmi jdk.net jdk.nio.mapmode jdk.random jdk.sctp jdk.security.auth jdk.security.jgss jdk.unsupported jdk.unsupported.desktop jdk.xml.dom" 

Environment Variables:
JAVA_HOME=D:\JDK
PATH=C:\Program Files\Common Files\Oracle\Java\javapath;C:\Program Files (x86)\Common Files\Oracle\Java\javapath;C:\Windows\system32;C:\Windows;C:\Windows\System32\Wbem;C:\Windows\System32\WindowsPowerShell\v1.0\;C:\Windows\System32\OpenSSH\;C:\Program Files (x86)\NVIDIA Corporation\PhysX\Common;C:\Program Files\NVIDIA Corporation\NVIDIA NvDLISR;C:\WINDOWS\system32;C:\WINDOWS;C:\WINDOWS\System32\Wbem;C:\WINDOWS\System32\WindowsPowerShell\v1.0\;C:\WINDOWS\System32\OpenSSH\;C:\Program Files (x86)\Microsoft SQL Server\160\Tools\Binn\;C:\Program Files\Microsoft SQL Server\160\Tools\Binn\;C:\Program Files\Microsoft SQL Server\Client SDK\ODBC\170\Tools\Binn\;C:\Program Files\Microsoft SQL Server\160\DTS\Binn\;C:\Program Files\Microsoft SQL Server\150\Tools\Binn\;C:\Program Files\dotnet\;C:\Program Files (x86)\Microsoft SQL Server\160\DTS\Binn\;D:\React js\;D:\React js\Git\cmd;E:\MySQL;D:\apache-maven-3.9.10-bin\apache-maven-3.9.10\bin;D:\JDK\bin;D:\AWS\;C:\Program Files\Docker\Docker\resources\bin;C:\Users\huyho\AppData\Local\Microsoft\WindowsApps;D:\React js\IntelliJ IDEA 2025.1.2\bin;;C:\Users\huyho\.dotnet\tools;C:\Users\huyho\AppData\Roaming\npm;D:\apache-maven-3.9.10-bin\apache-maven-3.9.10\bin;E:\kiro\Kiro\bin;E:\Microsoft VS Code\bin
USERNAME=huyho
OS=Windows_NT
PROCESSOR_IDENTIFIER=Intel64 Family 6 Model 141 Stepping 1, GenuineIntel
TMP=C:\Users\huyho\AppData\Local\Temp
TEMP=C:\Users\huyho\AppData\Local\Temp




Periodic native trim disabled

---------------  S Y S T E M  ---------------

OS:
 Windows 11 , 64 bit Build 26100 (10.0.26100.8328)
OS uptime: 0 days 5:30 hours
Hyper-V role detected

CPU: total 16 (initial active 16) (8 cores per cpu, 2 threads per core) family 6 model 141 stepping 1 microcode 0x34, cx8, cmov, fxsr, ht, mmx, 3dnowpref, sse, sse2, sse3, ssse3, sse4.1, sse4.2, popcnt, lzcnt, tsc, tscinvbit, avx, avx2, aes, erms, clmul, bmi1, bmi2, adx, avx512f, avx512dq, avx512cd, avx512bw, avx512vl, sha, fma, vzeroupper, avx512_vpopcntdq, avx512_vpclmulqdq, avx512_vaes, avx512_vnni, clflush, clflushopt, clwb, avx512_vbmi2, avx512_vbmi, hv, rdtscp, rdpid, fsrm, gfni, avx512_bitalg, f16c, cet_ibt, cet_ss, avx512_ifma
Processor Information for the first 16 processors :
  Max Mhz: 2304, Current Mhz: 2304, Mhz Limit: 2304

Memory: 4k page, system-wide physical 16085M (1215M free)
TotalPageFile size 37188M (AvailPageFile size 30M)
current process WorkingSet (physical memory assigned to process): 463M, peak: 624M
current process commit charge ("private bytes"): 595M, peak: 715M

vm_info: OpenJDK 64-Bit Server VM (21.0.10+7-LTS) for windows-amd64 JRE (21.0.10+7-LTS), built on 2026-01-20T00:00:00Z by "admin" with MS VC++ 17.12 (VS2022)

END.
